<html>
<body>
<pre>
<h1>µVision Build Log</h1>
<h2>Tool Versions:</h2>
IDE-Version: µVision V5.31.0.0
Copyright (C) 2020 ARM Ltd and ARM Germany GmbH. All rights reserved.
License Information: hhh hhh, hh, LIC=QF82M-XZL9L-X7DRZ-JD9DR-9VMYS-P41YD
 
Tool Versions:
Toolchain:       MDK-ARM Plus  Version: 5.31.0.0
Toolchain Path:  D:\KeilC\Core\ARM\ARMCLANG\Bin
C Compiler:      ArmClang.exe V6.14
Assembler:       Armasm.exe V6.14
Linker/Locator:  ArmLink.exe V6.14
Library Manager: ArmAr.exe V6.14
Hex Converter:   FromElf.exe V6.14
CPU DLL:         
Dialog DLL:      
Target DLL:      Segger\JL2CM3.dll V2.99.38.0
Dialog DLL:      TCM.DLL V1.46.0.0
 
<h2>Project:</h2>
D:\Projects\GD32E230_FM\Project\Keil_project\FM.uvprojx
Project File Date:  05/29/2024

<h2>Output:</h2>
*** Using Compiler 'V6.14', folder: 'D:\KeilC\Core\ARM\ARMCLANG\Bin'
Build target 'GD32E23x'
../porting/I2CFM.c(37): warning: !! __CHU Y DANG CAU HINH __USE_EXTERNAL_CLOCK__ !! [-W#warnings]
#warning !! __CHU Y DANG CAU HINH __USE_EXTERNAL_CLOCK__ !!
 ^
1 warning generated.
compiling I2CFM.c...
linking...
Program Size: Code=40770 RO-data=5330 RW-data=44 ZI-data=5556  
FromELF: creating hex file...
".\output\FM_GD32E230.axf" - 0 Error(s), 1 Warning(s).

<h2>Software Packages used:</h2>

Package Vendor: ARM
                http://www.keil.com/pack/ARM.CMSIS.5.7.0.pack
                ARM.CMSIS.5.7.0
                CMSIS (Cortex Microcontroller Software Interface Standard)
   * Component: CORE Version: 5.4.0

Package Vendor: GigaDevice
                https://gd32mcu.com/data/documents/pack/GigaDevice.GD32E23x_DFP.1.0.2.pack
                GigaDevice.GD32E23x_DFP.1.0.2
                GigaDevice GD32E23x Series Device Support and Examples

<h2>Collection of Component include folders:</h2>
  .\RTE\_GD32E23x
  D:\KeilC\Packs\ARM\CMSIS\5.7.0\CMSIS\Core\Include
  D:\KeilC\Packs\GigaDevice\GD32E23x_DFP\1.0.2\Device\Include

<h2>Collection of Component Files used:</h2>

   * Component: ARM::CMSIS:CORE:5.4.0
Build Time Elapsed:  00:00:01
</pre>
</body>
</html>
