Component: ARM Compiler 6.14 Tool: armlink [5db06800]

==============================================================================

Section Cross References

    gd32e23x_it.o(.ARM.exidx.text.NMI_Handler) refers to gd32e23x_it.o(.text.NMI_Handler) for [Anonymous Symbol]
    gd32e23x_it.o(.text.HardFault_Handler) refers to board_hw.o(.text.board_hw_reset) for board_hw_reset
    gd32e23x_it.o(.ARM.exidx.text.HardFault_Handler) refers to gd32e23x_it.o(.text.HardFault_Handler) for [Anonymous Symbol]
    gd32e23x_it.o(.ARM.exidx.text.SVC_Handler) refers to gd32e23x_it.o(.text.SVC_Handler) for [Anonymous Symbol]
    gd32e23x_it.o(.ARM.exidx.text.PendSV_Handler) refers to gd32e23x_it.o(.text.PendSV_Handler) for [Anonymous Symbol]
    gd32e23x_it.o(.text.SysTick_Handler) refers to main.o(.text.SystemManagementTask) for SystemManagementTask
    gd32e23x_it.o(.text.SysTick_Handler) refers to main.o(.text.Delay_Decrement) for Delay_Decrement
    gd32e23x_it.o(.ARM.exidx.text.SysTick_Handler) refers to gd32e23x_it.o(.text.SysTick_Handler) for [Anonymous Symbol]
    main.o(.text.main) refers to app_wdt.o(.text.app_wdt_start) for app_wdt_start
    main.o(.text.main) refers to systick.o(.text.systick_config) for systick_config
    main.o(.text.main) refers to app_debug.o(.text.app_debug_init) for app_debug_init
    main.o(.text.main) refers to app_debug.o(.text.app_debug_register_callback_print) for app_debug_register_callback_print
    main.o(.text.main) refers to initsystem.o(.text.InitSystem) for InitSystem
    main.o(.text.main) refers to app_debug.o(.text.app_debug_get_ms) for app_debug_get_ms
    main.o(.text.main) refers to app_debug.o(.text.app_debug_print_raw) for app_debug_print_raw
    main.o(.text.main) refers to main.o(.text.ProcessTimeout10ms) for ProcessTimeout10ms
    main.o(.text.main) refers to main.o(.text.ProcessTimeout100ms) for ProcessTimeout100ms
    main.o(.text.main) refers to gps.o(.text.GPS_ManagerTick) for GPS_ManagerTick
    main.o(.text.main) refers to main.o(.text.ProcessTimeout500ms) for ProcessTimeout500ms
    main.o(.text.main) refers to main.o(.text.ProcessTimeout1000ms) for ProcessTimeout1000ms
    main.o(.text.main) refers to gd32e23x_gpio.o(.text.gpio_bit_set) for gpio_bit_set
    main.o(.text.main) refers to i2cfm.o(.text.RDS_Task) for RDS_Task
    main.o(.text.main) refers to main.o(.text.sys_get_ms) for sys_get_ms
    main.o(.text.main) refers to main.o(.text.rtt_debug_output) for rtt_debug_output
    main.o(.text.main) refers to main.o(.rodata.str1.1) for .L.str
    main.o(.text.main) refers to main.o(.bss.TimeOut10ms) for [Anonymous Symbol]
    main.o(.text.main) refers to main.o(.bss.TimeOut100ms) for [Anonymous Symbol]
    main.o(.text.main) refers to main.o(.bss.TimeOut500ms) for [Anonymous Symbol]
    main.o(.text.main) refers to main.o(.bss.TimeOut1000ms) for [Anonymous Symbol]
    main.o(.text.main) refers to main.o(.bss.TimeOut3000ms) for [Anonymous Symbol]
    main.o(.ARM.exidx.text.main) refers to main.o(.text.main) for [Anonymous Symbol]
    main.o(.text.sys_get_ms) refers to main.o(.bss.m_sys_tick) for m_sys_tick
    main.o(.ARM.exidx.text.sys_get_ms) refers to main.o(.text.sys_get_ms) for [Anonymous Symbol]
    main.o(.text.rtt_debug_output) refers to segger_rtt.o(.text.SEGGER_RTT_Write) for SEGGER_RTT_Write
    main.o(.ARM.exidx.text.rtt_debug_output) refers to main.o(.text.rtt_debug_output) for [Anonymous Symbol]
    main.o(.text.ProcessTimeout10ms) refers to esp32datalayer.o(.text.ESP32_UART_Tick) for ESP32_UART_Tick
    main.o(.text.ProcessTimeout10ms) refers to gd32e23x_adc.o(.text.adc_flag_get) for adc_flag_get
    main.o(.text.ProcessTimeout10ms) refers to gd32e23x_adc.o(.text.adc_flag_clear) for adc_flag_clear
    main.o(.text.ProcessTimeout10ms) refers to gd32e23x_adc.o(.text.adc_software_trigger_enable) for adc_software_trigger_enable
    main.o(.text.ProcessTimeout10ms) refers to button.o(.text.Volume_Tick) for Volume_Tick
    main.o(.text.ProcessTimeout10ms) refers to initsystem.o(.bss.xSystem) for xSystem
    main.o(.text.ProcessTimeout10ms) refers to main.o(.bss.adc_volume) for adc_volume
    main.o(.ARM.exidx.text.ProcessTimeout10ms) refers to main.o(.text.ProcessTimeout10ms) for [Anonymous Symbol]
    main.o(.text.ProcessTimeout100ms) refers to hardwaremanager.o(.text.Hardware_XoaCoLoi) for Hardware_XoaCoLoi
    main.o(.text.ProcessTimeout100ms) refers to app_wdt.o(.text.app_wdt_feed) for app_wdt_feed
    main.o(.text.ProcessTimeout100ms) refers to button.o(.text.Button_Tick) for Button_Tick
    main.o(.ARM.exidx.text.ProcessTimeout100ms) refers to main.o(.text.ProcessTimeout100ms) for [Anonymous Symbol]
    main.o(.text.ProcessTimeout500ms) refers to led7.o(.text.Led7_Tick) for Led7_Tick
    main.o(.text.ProcessTimeout500ms) refers to i2cfm.o(.text.FM_Tick) for FM_Tick
    main.o(.ARM.exidx.text.ProcessTimeout500ms) refers to main.o(.text.ProcessTimeout500ms) for [Anonymous Symbol]
[...]
    [Anonymous Symbol]                       0x20000010   Section        0  led7.o(.data.Led7_Tick.g)
    ProcessNewBlackboxData.delay             0x20000014   Data           4  esp32datalayer.o(.data.ProcessNewBlackboxData.delay)
    [Anonymous Symbol]                       0x20000014   Section        0  esp32datalayer.o(.data.ProcessNewBlackboxData.delay)
    lower_digits                             0x20000020   Data           4  app_debug.o(.data.lower_digits)
    [Anonymous Symbol]                       0x20000020   Section        0  app_debug.o(.data.lower_digits)
    m_debug_level                            0x20000024   Data           1  app_debug.o(.data.m_debug_level)
    [Anonymous Symbol]                       0x20000024   Section        0  app_debug.o(.data.m_debug_level)
    upper_digits                             0x20000028   Data           4  app_debug.o(.data.upper_digits)
    [Anonymous Symbol]                       0x20000028   Section        0  app_debug.o(.data.upper_digits)
    FM_Tick.errorTimeout                     0x20000844   Data           1  i2cfm.o(.bss.FM_Tick.errorTimeout)
    [Anonymous Symbol]                       0x20000844   Section        0  i2cfm.o(.bss.FM_Tick.errorTimeout)
    FM_Tick.fmTick5s                         0x20000845   Data           1  i2cfm.o(.bss.FM_Tick.fmTick5s)
    [Anonymous Symbol]                       0x20000845   Section        0  i2cfm.o(.bss.FM_Tick.fmTick5s)
    FM_Tick.lastRSSI                         0x20000846   Data           1  i2cfm.o(.bss.FM_Tick.lastRSSI)
    [Anonymous Symbol]                       0x20000846   Section        0  i2cfm.o(.bss.FM_Tick.lastRSSI)
    FM_Tick.lastSNR                          0x20000847   Data           1  i2cfm.o(.bss.FM_Tick.lastSNR)
    [Anonymous Symbol]                       0x20000847   Section        0  i2cfm.o(.bss.FM_Tick.lastSNR)
    GPSTimeout1000ms                         0x20000848   Data           1  gps.o(.bss.GPSTimeout1000ms)
    [Anonymous Symbol]                       0x20000848   Section        0  gps.o(.bss.GPSTimeout1000ms)
    GPS_ManagerTick.counter                  0x20000c68   Data           4  gps.o(.bss.GPS_ManagerTick.counter)
    [Anonymous Symbol]                       0x20000c68   Section        0  gps.o(.bss.GPS_ManagerTick.counter)
    LED7ScanIndex                            0x20000d9a   Data           1  led7.o(.bss.LED7ScanIndex)
    [Anonymous Symbol]                       0x20000d9a   Section        0  led7.o(.bss.LED7ScanIndex)
    LED7Seg                                  0x20000d9b   Data           5  led7.o(.bss.LED7Seg)
    [Anonymous Symbol]                       0x20000d9b   Section        0  led7.o(.bss.LED7Seg)
    Led7_DispLocalMode.blinkCount            0x20000da0   Data           1  led7.o(.bss.Led7_DispLocalMode.blinkCount)
    [Anonymous Symbol]                       0x20000da0   Section        0  led7.o(.bss.Led7_DispLocalMode.blinkCount)
    Led7_ScanSeg.periodNum                   0x20000da1   Data           1  led7.o(.bss.Led7_ScanSeg.periodNum)
    [Anonymous Symbol]                       0x20000da1   Section        0  led7.o(.bss.Led7_ScanSeg.periodNum)
    Led7_Tick.b                              0x20000da2   Data           1  led7.o(.bss.Led7_Tick.b)
    [Anonymous Symbol]                       0x20000da2   Section        0  led7.o(.bss.Led7_Tick.b)
    Led7_Tick.count                          0x20000da4   Data           4  led7.o(.bss.Led7_Tick.count)
    [Anonymous Symbol]                       0x20000da4   Section        0  led7.o(.bss.Led7_Tick.count)
    Led7_Tick.integer_count                  0x20000da8   Data           4  led7.o(.bss.Led7_Tick.integer_count)
    [Anonymous Symbol]                       0x20000da8   Section        0  led7.o(.bss.Led7_Tick.integer_count)
    Led7_Tick.r                              0x20000dac   Data           1  led7.o(.bss.Led7_Tick.r)
    [Anonymous Symbol]                       0x20000dac   Section        0  led7.o(.bss.Led7_Tick.r)
    Led7_Tick.tick1s                         0x20000dad   Data           1  led7.o(.bss.Led7_Tick.tick1s)
    [Anonymous Symbol]                       0x20000dad   Section        0  led7.o(.bss.Led7_Tick.tick1s)
    RDS_Task.count_fail                      0x20000dae   Data           2  i2cfm.o(.bss.RDS_Task.count_fail)
    [Anonymous Symbol]                       0x20000dae   Section        0  i2cfm.o(.bss.RDS_Task.count_fail)
    RDS_Task.count_read_time                 0x20000db0   Data           2  i2cfm.o(.bss.RDS_Task.count_read_time)
    [Anonymous Symbol]                       0x20000db0   Section        0  i2cfm.o(.bss.RDS_Task.count_read_time)
    SendConfigL76BStep                       0x20000db8   Data           1  gps.o(.bss.SendConfigL76BStep)
    [Anonymous Symbol]                       0x20000db8   Section        0  gps.o(.bss.SendConfigL76BStep)
    TimeOut1000ms                            0x20000dc8   Data           4  main.o(.bss.TimeOut1000ms)
    [Anonymous Symbol]                       0x20000dc8   Section        0  main.o(.bss.TimeOut1000ms)
    TimeOut100ms                             0x20000dcc   Data           4  main.o(.bss.TimeOut100ms)
    [Anonymous Symbol]                       0x20000dcc   Section        0  main.o(.bss.TimeOut100ms)
    TimeOut10ms                              0x20000dd0   Data           4  main.o(.bss.TimeOut10ms)
    [Anonymous Symbol]                       0x20000dd0   Section        0  main.o(.bss.TimeOut10ms)
    TimeOut3000ms                            0x20000dd4   Data           4  main.o(.bss.TimeOut3000ms)
    [Anonymous Symbol]                       0x20000dd4   Section        0  main.o(.bss.TimeOut3000ms)
    TimeOut500ms                             0x20000dd8   Data           4  main.o(.bss.TimeOut500ms)
    [Anonymous Symbol]                       0x20000dd8   Section        0  main.o(.bss.TimeOut500ms)
    Volume_Tick.Timeout1000ms                0x20000dde   Data           1  button.o(.bss.Volume_Tick.Timeout1000ms)
    [Anonymous Symbol]                       0x20000dde   Section        0  button.o(.bss.Volume_Tick.Timeout1000ms)
    Volume_Tick.Timeout250ms                 0x20000ddf   Data           1  button.o(.bss.Volume_Tick.Timeout250ms)
    [Anonymous Symbol]                       0x20000ddf   Section        0  button.o(.bss.Volume_Tick.Timeout250ms)
    Volume_Tick.curVolumeLevel               0x20000de0   Data           1  button.o(.bss.Volume_Tick.curVolumeLevel)
    [Anonymous Symbol]                       0x20000de0   Section        0  button.o(.bss.Volume_Tick.curVolumeLevel)
    Volume_Tick.oldVolumeLevel               0x20000de1   Data           1  button.o(.bss.Volume_Tick.oldVolumeLevel)
    [Anonymous Symbol]                       0x20000de1   Section        0  button.o(.bss.Volume_Tick.oldVolumeLevel)
    _acDownBuffer                            0x20000e2c   Data          64  segger_rtt.o(.bss._acDownBuffer)
    [Anonymous Symbol]                       0x20000e2c   Section        0  segger_rtt.o(.bss._acDownBuffer)
    _acUpBuffer                              0x20000e6c   Data         256  segger_rtt.o(.bss._acUpBuffer)
    [Anonymous Symbol]                       0x20000e6c   Section        0  segger_rtt.o(.bss._acUpBuffer)
    displayVolumeTimeout                     0x20000f6e   Data           2  led7.o(.bss.displayVolumeTimeout)
    [Anonymous Symbol]                       0x20000f6e   Section        0  led7.o(.bss.displayVolumeTimeout)
    isBlinkDisplay                           0x20001040   Data           1  led7.o(.bss.isBlinkDisplay)
    [Anonymous Symbol]                       0x20001040   Section        0  led7.o(.bss.isBlinkDisplay)
    isDataValid                              0x20001041   Data           4  i2cfm.o(.bss.isDataValid)
    [Anonymous Symbol]                       0x20001041   Section        0  i2cfm.o(.bss.isDataValid)
    lastModeIndex                            0x20001045   Data           1  led7.o(.bss.lastModeIndex)
    [Anonymous Symbol]                       0x20001045   Section        0  led7.o(.bss.lastModeIndex)
    m_flush_cb                               0x20001048   Data           4  app_debug.o(.bss.m_flush_cb)
    [Anonymous Symbol]                       0x20001048   Section        0  app_debug.o(.bss.m_flush_cb)
    m_get_ms                                 0x2000104c   Data           4  app_debug.o(.bss.m_get_ms)
    [Anonymous Symbol]                       0x2000104c   Section        0  app_debug.o(.bss.m_get_ms)
    m_lock_cb                                0x20001050   Data           4  app_debug.o(.bss.m_lock_cb)
    [Anonymous Symbol]                       0x20001050   Section        0  app_debug.o(.bss.m_lock_cb)
    m_ringbuff                               0x20001054   Data          28  driveruart.o(.bss.m_ringbuff)
    [Anonymous Symbol]                       0x20001054   Section        0  driveruart.o(.bss.m_ringbuff)
    m_tx_buffer                              0x20001074   Data         256  driveruart.o(.bss.m_tx_buffer)
    [Anonymous Symbol]                       0x20001074   Section        0  driveruart.o(.bss.m_tx_buffer)
    m_write_cb                               0x20001174   Data           8  app_debug.o(.bss.m_write_cb)
    [Anonymous Symbol]                       0x20001174   Section        0  app_debug.o(.bss.m_write_cb)
    number_of_callback                       0x2000117c   Data           1  app_debug.o(.bss.number_of_callback)
    [Anonymous Symbol]                       0x2000117c   Section        0  app_debug.o(.bss.number_of_callback)
    rds_data_handle.CountReadOff             0x2000117e   Data           2  i2cfm.o(.bss.rds_data_handle.CountReadOff)
    [Anonymous Symbol]                       0x2000117e   Section        0  i2cfm.o(.bss.rds_data_handle.CountReadOff)
    rds_data_handle.CountReadOn              0x20001180   Data           2  i2cfm.o(.bss.rds_data_handle.CountReadOn)
    [Anonymous Symbol]                       0x20001180   Section        0  i2cfm.o(.bss.rds_data_handle.CountReadOn)
    rds_data_handle.pre_wrong_value          0x20001182   Data           2  i2cfm.o(.bss.rds_data_handle.pre_wrong_value)
    [Anonymous Symbol]                       0x20001182   Section        0  i2cfm.o(.bss.rds_data_handle.pre_wrong_value)
    STACK                                    0x200011e0   Section     1024  startup_gd32e23x.o(STACK)

    Global Symbols

    Symbol Name                              Value     Ov Type        Size  Object(Section)

    BuildAttributes$$THM_ISAv3M$S$8M$PE$A:L22$X:L11$S22$IEEE1$IW$~IW$USESV6$~STKCKD$USESV7$~SHL$OTIME$ROPI$IEEEJ$EBA8$MICROLIB$REQ8$PRES8$EABIv2 0x00000000   Number         0  anon$$obj.o ABSOLUTE
    __cpp_initialize__aeabi_                  - Undefined Weak Reference
    __cxa_finalize                            - Undefined Weak Reference
    __decompress                              - Undefined Weak Reference
    _clock_init                               - Undefined Weak Reference
    _microlib_exit                            - Undefined Weak Reference
    __Vectors_Size                           0x000000cc   Number         0  startup_gd32e23x.o ABSOLUTE
    __Vectors                                0x08000000   Data           4  startup_gd32e23x.o(RESET)
    __Vectors_End                            0x080000cc   Data           0  startup_gd32e23x.o(RESET)
    __main                                   0x080000cd   Thumb Code     0  entry.o(.ARM.Collect$$$$00000000)
    _main_stk                                0x080000cd   Thumb Code     0  entry2.o(.ARM.Collect$$$$00000001)
    _main_scatterload                        0x080000d1   Thumb Code     0  entry5.o(.ARM.Collect$$$$00000004)
    __main_after_scatterload                 0x080000d5   Thumb Code     0  entry5.o(.ARM.Collect$$$$00000004)
    _main_clock                              0x080000d5   Thumb Code     0  entry7b.o(.ARM.Collect$$$$00000008)
    _main_cpp_init                           0x080000d5   Thumb Code     0  entry8b.o(.ARM.Collect$$$$0000000A)
    _main_init                               0x080000d5   Thumb Code     0  entry9a.o(.ARM.Collect$$$$0000000B)
    __rt_final_cpp                           0x080000dd   Thumb Code     0  entry10a.o(.ARM.Collect$$$$0000000D)
    __rt_final_exit                          0x080000dd   Thumb Code     0  entry11a.o(.ARM.Collect$$$$0000000F)
    Reset_Handler                            0x080000e1   Thumb Code     8  startup_gd32e23x.o(.text)
    ADC_CMP_IRQHandler                       0x080000f3   Thumb Code     0  startup_gd32e23x.o(.text)
    DMA_Channel0_IRQHandler                  0x080000f3   Thumb Code     0  startup_gd32e23x.o(.text)
    DMA_Channel1_2_IRQHandler                0x080000f3   Thumb Code     0  startup_gd32e23x.o(.text)
    DMA_Channel3_4_IRQHandler                0x080000f3   Thumb Code     0  startup_gd32e23x.o(.text)
    EXTI0_1_IRQHandler                       0x080000f3   Thumb Code     0  startup_gd32e23x.o(.text)
    EXTI2_3_IRQHandler                       0x080000f3   Thumb Code     0  startup_gd32e23x.o(.text)
    EXTI4_15_IRQHandler                      0x080000f3   Thumb Code     0  startup_gd32e23x.o(.text)
    FMC_IRQHandler                           0x080000f3   Thumb Code     0  startup_gd32e23x.o(.text)
    I2C0_ER_IRQHandler                       0x080000f3   Thumb Code     0  startup_gd32e23x.o(.text)
    I2C0_EV_IRQHandler                       0x080000f3   Thumb Code     0  startup_gd32e23x.o(.text)
    I2C1_ER_IRQHandler                       0x080000f3   Thumb Code     0  startup_gd32e23x.o(.text)
    I2C1_EV_IRQHandler                       0x080000f3   Thumb Code     0  startup_gd32e23x.o(.text)
    LVD_IRQHandler                           0x080000f3   Thumb Code     0  startup_gd32e23x.o(.text)
    RCU_IRQHandler                           0x080000f3   Thumb Code     0  startup_gd32e23x.o(.text)
    RTC_IRQHandler                           0x080000f3   Thumb Code     0  startup_gd32e23x.o(.text)
    SPI0_IRQHandler                          0x080000f3   Thumb Code     0  startup_gd32e23x.o(.text)
    SPI1_IRQHandler                          0x080000f3   Thumb Code     0  startup_gd32e23x.o(.text)
    TIMER0_BRK_UP_TRG_COM_IRQHandler         0x080000f3   Thumb Code     0  startup_gd32e23x.o(.text)
    TIMER0_Channel_IRQHandler                0x080000f3   Thumb Code     0  startup_gd32e23x.o(.text)
    TIMER13_IRQHandler                       0x080000f3   Thumb Code     0  startup_gd32e23x.o(.text)
    TIMER14_IRQHandler                       0x080000f3   Thumb Code     0  startup_gd32e23x.o(.text)
    TIMER15_IRQHandler                       0x080000f3   Thumb Code     0  startup_gd32e23x.o(.text)
    TIMER16_IRQHandler                       0x080000f3   Thumb Code     0  startup_gd32e23x.o(.text)
    TIMER5_IRQHandler                        0x080000f3   Thumb Code     0  startup_gd32e23x.o(.text)
    WWDGT_IRQHandler                         0x080000f3   Thumb Code     0  startup_gd32e23x.o(.text)
    __rt_ctype_table                         0x080000fd   Thumb Code     4  ctype_o.o(.text)
    isspace                                  0x08000105   Thumb Code    18  isspace_o.o(.text)
    __aeabi_memcpy                           0x08000117   Thumb Code    36  memcpya.o(.text)
    __aeabi_memcpy4                          0x08000117   Thumb Code     0  memcpya.o(.text)
    __aeabi_memcpy8                          0x08000117   Thumb Code     0  memcpya.o(.text)
    __aeabi_memset                           0x0800013b   Thumb Code    14  memseta.o(.text)
    __aeabi_memset4                          0x0800013b   Thumb Code     0  memseta.o(.text)
    __aeabi_memset8                          0x0800013b   Thumb Code     0  memseta.o(.text)
    __aeabi_memclr                           0x08000149   Thumb Code     4  memseta.o(.text)
    __aeabi_memclr4                          0x08000149   Thumb Code     0  memseta.o(.text)
    __aeabi_memclr8                          0x08000149   Thumb Code     0  memseta.o(.text)
    _memset$wrapper                          0x0800014d   Thumb Code    18  memseta.o(.text)
    strstr                                   0x0800015f   Thumb Code    40  strstr.o(.text)
    strlen                                   0x08000187   Thumb Code    14  strlen.o(.text)
    strcpy                                   0x08000195   Thumb Code    18  strcpy.o(.text)
    strtok                                   0x080001a9   Thumb Code    68  strtok.o(.text)
    __aeabi_fadd                             0x080001f1   Thumb Code   162  fadd.o(.text)
    __aeabi_fsub                             0x08000293   Thumb Code     8  fadd.o(.text)
    __aeabi_frsub                            0x0800029b   Thumb Code     8  fadd.o(.text)
    __aeabi_fmul                             0x080002a3   Thumb Code   122  fmul.o(.text)
    __aeabi_dadd                             0x0800031d   Thumb Code   328  dadd.o(.text)
    __aeabi_dsub                             0x08000465   Thumb Code    12  dadd.o(.text)
    __aeabi_drsub                            0x08000471   Thumb Code    12  dadd.o(.text)
    __aeabi_dmul                             0x08000481   Thumb Code   202  dmul.o(.text)
    __aeabi_ddiv                             0x08000551   Thumb Code   234  ddiv.o(.text)
    __aeabi_i2f                              0x08000641   Thumb Code    22  fflti.o(.text)
    __aeabi_i2d                              0x08000659   Thumb Code    34  dflti.o(.text)
    __aeabi_d2iz                             0x08000681   Thumb Code    62  dfixi.o(.text)
    __aeabi_f2d                              0x080006c9   Thumb Code    40  f2d.o(.text)
    __aeabi_d2f                              0x080006f1   Thumb Code    56  d2f.o(.text)
    __aeabi_uidiv                            0x08000729   Thumb Code     0  uidiv.o(.text)
    __aeabi_uidivmod                         0x08000729   Thumb Code    44  uidiv.o(.text)
    __aeabi_uldivmod                         0x08000755   Thumb Code    96  uldiv.o(.text)
    __aeabi_llsl                             0x080007b5   Thumb Code    32  llshl.o(.text)
    _ll_shift_l                              0x080007b5   Thumb Code     0  llshl.o(.text)
    __aeabi_llsr                             0x080007d5   Thumb Code    34  llushr.o(.text)
    _ll_ushift_r                             0x080007d5   Thumb Code     0  llushr.o(.text)
    __aeabi_lasr                             0x080007f7   Thumb Code    38  llsshr.o(.text)
    _ll_sshift_r                             0x080007f7   Thumb Code     0  llsshr.o(.text)
    __strtod_int                             0x0800085d   Thumb Code    98  strtod.o(.text)
    __I$use$fp                               0x080008d1   Thumb Code     0  iusefp.o(.text)
    _float_round                             0x080008d1   Thumb Code    16  fepilogue.o(.text)
    _float_epilogue                          0x080008e1   Thumb Code   114  fepilogue.o(.text)
    _double_round                            0x08000953   Thumb Code    26  depilogue.o(.text)
    _double_epilogue                         0x0800096d   Thumb Code   164  depilogue.o(.text)
    __aeabi_d2ulz                            0x08000a11   Thumb Code    54  dfixul.o(.text)
    __aeabi_cdrcmple                         0x08000a51   Thumb Code    38  cdrcmple.o(.text)
    __scatterload                            0x08000a79   Thumb Code    28  init.o(.text)
    __scatterload_rt2                        0x08000a79   Thumb Code     0  init.o(.text)
    _scanf_real                              0x08000bbb   Thumb Code     0  scanf_fp.o(.text)
    _scanf_really_real                       0x08000bbb   Thumb Code   584  scanf_fp.o(.text)
    _sgetc                                   0x08000e11   Thumb Code    32  _sgetc.o(.text)
    _sbackspace                              0x08000e31   Thumb Code    36  _sgetc.o(.text)
    __aeabi_lmul                             0x08000e55   Thumb Code   122  llmul.o(.text)
    _ll_mul                                  0x08000e55   Thumb Code     0  llmul.o(.text)
    __aeabi_ul2d                             0x08000ed1   Thumb Code    22  dfltul.o(.text)
    AVGADCVolume                             0x08000f4d   Thumb Code    72  button.o(.text.AVGADCVolume)
    Button_Init                              0x08000fc9   Thumb Code   120  button.o(.text.Button_Init)
    Button_Tick                              0x08001041   Thumb Code   568  button.o(.text.Button_Tick)
    CalculateCRC16                           0x08001279   Thumb Code   156  utilities.o(.text.CalculateCRC16)
    CopyParameter                            0x08001315   Thumb Code   220  utilities.o(.text.CopyParameter)
    Delay_Decrement                          0x08001475   Thumb Code    24  main.o(.text.Delay_Decrement)
    Delayms                                  0x0800148d   Thumb Code   124  main.o(.text.Delayms)
    DetectResetReason                        0x08001509   Thumb Code     2  hardwaremanager.o(.text.DetectResetReason)
    ESP32_ManagerTick                        0x0800158d   Thumb Code  1036  esp32datalayer.o(.text.ESP32_ManagerTick)
    ESP32_UART_Tick                          0x08001999   Thumb Code    60  esp32datalayer.o(.text.ESP32_UART_Tick)
    FM_GetFMChanFreq                         0x080019d5   Thumb Code   144  i2cfm.o(.text.FM_GetFMChanFreq)
    FM_GetRSSI                               0x08001a65   Thumb Code   100  i2cfm.o(.text.FM_GetRSSI)
    FM_GetSNR                                0x08001ac9   Thumb Code    72  i2cfm.o(.text.FM_GetSNR)
    FM_GetStatus                             0x08001b11   Thumb Code   448  i2cfm.o(.text.FM_GetStatus)
    FM_GetVolume                             0x08001cd1   Thumb Code    96  i2cfm.o(.text.FM_GetVolume)
    FM_Init                                  0x08001d31   Thumb Code   384  i2cfm.o(.text.FM_Init)
    FM_ReadReg                               0x08001eb1   Thumb Code   872  i2cfm.o(.text.FM_ReadReg)
    FM_SetFMChanFreq                         0x08002219   Thumb Code    36  i2cfm.o(.text.FM_SetFMChanFreq)
    FM_SetVolume                             0x0800223d   Thumb Code   116  i2cfm.o(.text.FM_SetVolume)
    FM_Tick                                  0x080022b1   Thumb Code   632  i2cfm.o(.text.FM_Tick)
    FM_WriteReg                              0x08002529   Thumb Code   604  i2cfm.o(.text.FM_WriteReg)
    FindIndexOfChar                          0x08002785   Thumb Code   128  utilities.o(.text.FindIndexOfChar)
    GPS_GetPosition                          0x08002885   Thumb Code    44  gps.o(.text.GPS_GetPosition)
    GPS_IsValid                              0x080028b1   Thumb Code     8  gps.o(.text.GPS_IsValid)
    GPS_ManagerTick                          0x080028b9   Thumb Code   344  gps.o(.text.GPS_ManagerTick)
    GPS_ProcessNewMessage                    0x08002a11   Thumb Code  2020  gpsutils.o(.text.GPS_ProcessNewMessage)
    GPS_Reset                                0x080031f5   Thumb Code    12  gps.o(.text.GPS_Reset)
    GetHexNumberFromString                   0x08003201   Thumb Code   608  utilities.o(.text.GetHexNumberFromString)
    GetNumberFromString                      0x08003461   Thumb Code   156  utilities.o(.text.GetNumberFromString)
    HardFault_Handler                        0x080034fd   Thumb Code    10  gd32e23x_it.o(.text.HardFault_Handler)
    Hardware_XoaCoLoi                        0x08003509   Thumb Code   216  hardwaremanager.o(.text.Hardware_XoaCoLoi)
    InitSystem                               0x0800361d   Thumb Code   176  initsystem.o(.text.InitSystem)
    InitTimerForLED                          0x080036cd   Thumb Code   104  led7.o(.text.InitTimerForLED)
    InternalFlash_ReadConfig                 0x08003759   Thumb Code   476  internalflash.o(.text.InternalFlash_ReadConfig)
    InternalFlash_WriteConfig                0x08003935   Thumb Code   516  internalflash.o(.text.InternalFlash_WriteConfig)
    KT0935_LowLevel_Init                     0x08003b39   Thumb Code   236  i2cfm.o(.text.KT0935_LowLevel_Init)
    KT093x_User_FMTune                       0x08003c25   Thumb Code    22  i2cfm.o(.text.KT093x_User_FMTune)
    KT_AMFM_Init                             0x08003c3d   Thumb Code   844  i2cfm.o(.text.KT_AMFM_Init)
    KT_AMFM_Mute                             0x08003f89   Thumb Code    40  i2cfm.o(.text.KT_AMFM_Mute)
    KT_AMFM_PreInit                          0x08003fb1   Thumb Code   292  i2cfm.o(.text.KT_AMFM_PreInit)
    KT_AMFM_SetMode                          0x080040d5   Thumb Code   140  i2cfm.o(.text.KT_AMFM_SetMode)
    KT_AMFM_WakeUp                           0x08004161   Thumb Code   250  i2cfm.o(.text.KT_AMFM_WakeUp)
    KT_Byte_Read                             0x0800425b   Thumb Code    24  i2cfm.o(.text.KT_Byte_Read)
    KT_Byte_Write                            0x08004273   Thumb Code    38  i2cfm.o(.text.KT_Byte_Write)
    KT_FM_Deltn                              0x08004299   Thumb Code    44  i2cfm.o(.text.KT_FM_Deltn)
    KT_FM_Tune                               0x080042c5   Thumb Code   132  i2cfm.o(.text.KT_FM_Tune)
    Led7_DispFrequency                       0x08004349   Thumb Code   184  led7.o(.text.Led7_DispFrequency)
    Led7_DispInteger                         0x08004401   Thumb Code   108  led7.o(.text.Led7_DispInteger)
    Led7_DispLocalMode                       0x0800446d   Thumb Code   248  led7.o(.text.Led7_DispLocalMode)
    Led7_DispMode4G                          0x08004565   Thumb Code    24  led7.o(.text.Led7_DispMode4G)
    Led7_DispModeIdle                        0x0800457d   Thumb Code    24  led7.o(.text.Led7_DispModeIdle)
    Led7_DispModeLineIn                      0x08004595   Thumb Code    24  led7.o(.text.Led7_DispModeLineIn)
    Led7_DispModeMIC                         0x080045ad   Thumb Code    24  led7.o(.text.Led7_DispModeMIC)
    Led7_DispModeNone                        0x080045c5   Thumb Code    24  led7.o(.text.Led7_DispModeNone)
    Led7_DispOFF                             0x080045dd   Thumb Code    32  led7.o(.text.Led7_DispOFF)
    Led7_DispSetupMode                       0x080045fd   Thumb Code   168  led7.o(.text.Led7_DispSetupMode)
    Led7_DispVolume                          0x080046a5   Thumb Code   148  led7.o(.text.Led7_DispVolume)
    Led7_Init                                0x08004739   Thumb Code   216  led7.o(.text.Led7_Init)
    Led7_ScanSeg                             0x0800483d   Thumb Code   244  led7.o(.text.Led7_ScanSeg)
    Led7_Tick                                0x08004931   Thumb Code   976  led7.o(.text.Led7_Tick)
    NMI_Handler                              0x08004d01   Thumb Code     2  gd32e23x_it.o(.text.NMI_Handler)
    PendSV_Handler                           0x08004d03   Thumb Code     2  gd32e23x_it.o(.text.PendSV_Handler)
    RDS_Task                                 0x08005581   Thumb Code   508  i2cfm.o(.text.RDS_Task)
    ResetWatchdog                            0x0800577d   Thumb Code     2  hardwaremanager.o(.text.ResetWatchdog)
    SEGGER_RTT_Write                         0x08005781   Thumb Code    72  segger_rtt.o(.text.SEGGER_RTT_Write)
    SEGGER_RTT_WriteNoLock                   0x080057c9   Thumb Code   176  segger_rtt.o(.text.SEGGER_RTT_WriteNoLock)
    SVC_Handler                              0x08005879   Thumb Code     2  gd32e23x_it.o(.text.SVC_Handler)
    SysTick_Handler                          0x080058d1   Thumb Code    12  gd32e23x_it.o(.text.SysTick_Handler)
    SystemInit                               0x080058dd   Thumb Code   172  system_gd32e23x.o(.text.SystemInit)
    SystemManagementTask                     0x08005989   Thumb Code    76  main.o(.text.SystemManagementTask)
    SystemReset                              0x080059d5   Thumb Code    14  hardwaremanager.o(.text.SystemReset)
    TIMER2_IRQHandler                        0x080059e5   Thumb Code    36  led7.o(.text.TIMER2_IRQHandler)
    UART_Init                                0x08005a09   Thumb Code   444  driveruart.o(.text.UART_Init)
    UART_Printf                              0x08005bc5   Thumb Code   496  driveruart.o(.text.UART_Printf)
    UART_Putb                                0x08005db5   Thumb Code    66  driveruart.o(.text.UART_Putb)
    UART_Putc                                0x08005df9   Thumb Code    88  driveruart.o(.text.UART_Putc)
    UART_Puts                                0x08005e51   Thumb Code    42  driveruart.o(.text.UART_Puts)
    UART_itoa                                0x08005e7b   Thumb Code   284  driveruart.o(.text.UART_itoa)
    USART0_IRQHandler                        0x08005f99   Thumb Code   336  gps.o(.text.USART0_IRQHandler)
    USART1_IRQHandler                        0x080060e9   Thumb Code   228  esp32datalayer.o(.text.USART1_IRQHandler)
    ValidCheckSum                            0x080061cd   Thumb Code   170  gpsutils.o(.text.ValidCheckSum)
    Volume_Tick                              0x08006279   Thumb Code   368  button.o(.text.Volume_Tick)
    WatchDogInit                             0x080063e9   Thumb Code     2  hardwaremanager.o(.text.WatchDogInit)
    adc_calibration_enable                   0x08006a69   Thumb Code    56  gd32e23x_adc.o(.text.adc_calibration_enable)
    adc_channel_length_config                0x08006aa1   Thumb Code   104  gd32e23x_adc.o(.text.adc_channel_length_config)
    adc_data_alignment_config                0x08006b09   Thumb Code    44  gd32e23x_adc.o(.text.adc_data_alignment_config)
    adc_enable                               0x08006b35   Thumb Code    28  gd32e23x_adc.o(.text.adc_enable)
    adc_external_trigger_config              0x08006b51   Thumb Code   136  gd32e23x_adc.o(.text.adc_external_trigger_config)
    adc_external_trigger_source_config       0x08006bd9   Thumb Code    80  gd32e23x_adc.o(.text.adc_external_trigger_source_config)
    adc_flag_clear                           0x08006c29   Thumb Code    20  gd32e23x_adc.o(.text.adc_flag_clear)
    adc_flag_get                             0x08006c3d   Thumb Code    44  gd32e23x_adc.o(.text.adc_flag_get)
    adc_regular_channel_config               0x08006c69   Thumb Code   348  gd32e23x_adc.o(.text.adc_regular_channel_config)
    adc_software_trigger_enable              0x08006dc5   Thumb Code    68  gd32e23x_adc.o(.text.adc_software_trigger_enable)
    adc_special_function_config              0x08006e09   Thumb Code   188  gd32e23x_adc.o(.text.adc_special_function_config)
    app_debug_get_ms                         0x08006ec5   Thumb Code    36  app_debug.o(.text.app_debug_get_ms)
    app_debug_init                           0x08006ee9   Thumb Code    32  app_debug.o(.text.app_debug_init)
    app_debug_print_raw                      0x08006f09   Thumb Code  1348  app_debug.o(.text.app_debug_print_raw)
    app_debug_putc                           0x0800744d   Thumb Code    88  app_debug.o(.text.app_debug_putc)
    app_debug_register_callback_print        0x080074a5   Thumb Code   180  app_debug.o(.text.app_debug_register_callback_print)
    app_wdt_feed                             0x08007559   Thumb Code     8  app_wdt.o(.text.app_wdt_feed)
    app_wdt_start                            0x08007561   Thumb Code    48  app_wdt.o(.text.app_wdt_start)
    board_hw_reset                           0x08007591   Thumb Code     4  board_hw.o(.text.board_hw_reset)
    check_rds_has_data                       0x08007595   Thumb Code    84  i2cfm.o(.text.check_rds_has_data)
    driver_uart_get_new_data_to_send         0x080077bd   Thumb Code    24  driveruart.o(.text.driver_uart_get_new_data_to_send)
    fmc_flag_clear                           0x08007ac9   Thumb Code    16  gd32e23x_fmc.o(.text.fmc_flag_clear)
    fmc_lock                                 0x08007ad9   Thumb Code    12  gd32e23x_fmc.o(.text.fmc_lock)
    fmc_page_erase                           0x08007ae5   Thumb Code    92  gd32e23x_fmc.o(.text.fmc_page_erase)
    fmc_ready_wait                           0x08007b41   Thumb Code    90  gd32e23x_fmc.o(.text.fmc_ready_wait)
    fmc_state_get                            0x08007b9d   Thumb Code    84  gd32e23x_fmc.o(.text.fmc_state_get)
    fmc_unlock                               0x08007bf1   Thumb Code    40  gd32e23x_fmc.o(.text.fmc_unlock)
    fmc_word_program                         0x08007c19   Thumb Code    88  gd32e23x_fmc.o(.text.fmc_word_program)
    fwdgt_config                             0x08007c71   Thumb Code   232  gd32e23x_fwdgt.o(.text.fwdgt_config)
    fwdgt_counter_reload                     0x08007d59   Thumb Code    12  gd32e23x_fwdgt.o(.text.fwdgt_counter_reload)
    fwdgt_enable                             0x08007d65   Thumb Code    16  gd32e23x_fwdgt.o(.text.fwdgt_enable)
    gpio_af_set                              0x08007e3d   Thumb Code   196  gd32e23x_gpio.o(.text.gpio_af_set)
    gpio_bit_reset                           0x08007f01   Thumb Code    16  gd32e23x_gpio.o(.text.gpio_bit_reset)
    gpio_bit_set                             0x08007f11   Thumb Code    16  gd32e23x_gpio.o(.text.gpio_bit_set)
    gpio_bit_write                           0x08007f21   Thumb Code    40  gd32e23x_gpio.o(.text.gpio_bit_write)
    gpio_input_bit_get                       0x08007f49   Thumb Code    42  gd32e23x_gpio.o(.text.gpio_input_bit_get)
    gpio_mode_set                            0x08007f73   Thumb Code   144  gd32e23x_gpio.o(.text.gpio_mode_set)
    gpio_output_options_set                  0x08008003   Thumb Code   142  gd32e23x_gpio.o(.text.gpio_output_options_set)
    i2c_ack_config                           0x08008091   Thumb Code    46  gd32e23x_i2c.o(.text.i2c_ack_config)
    i2c_ackpos_config                        0x080080bf   Thumb Code    46  gd32e23x_i2c.o(.text.i2c_ackpos_config)
    i2c_clock_config                         0x080080ed   Thumb Code   456  gd32e23x_i2c.o(.text.i2c_clock_config)
    i2c_data_receive                         0x080082b5   Thumb Code    14  gd32e23x_i2c.o(.text.i2c_data_receive)
    i2c_data_transmit                        0x080082c3   Thumb Code    20  gd32e23x_i2c.o(.text.i2c_data_transmit)
    i2c_enable                               0x080082d7   Thumb Code    18  gd32e23x_i2c.o(.text.i2c_enable)
    i2c_flag_clear                           0x080082e9   Thumb Code    64  gd32e23x_i2c.o(.text.i2c_flag_clear)
    i2c_flag_get                             0x08008329   Thumb Code    58  gd32e23x_i2c.o(.text.i2c_flag_get)
    i2c_master_addressing                    0x08008363   Thumb Code    48  gd32e23x_i2c.o(.text.i2c_master_addressing)
    i2c_mode_addr_config                     0x08008395   Thumb Code    68  gd32e23x_i2c.o(.text.i2c_mode_addr_config)
    i2c_start_on_bus                         0x080083d9   Thumb Code    20  gd32e23x_i2c.o(.text.i2c_start_on_bus)
    i2c_stop_on_bus                          0x080083ed   Thumb Code    20  gd32e23x_i2c.o(.text.i2c_stop_on_bus)
    isValidFreq                              0x08008401   Thumb Code    92  esp32datalayer.o(.text.isValidFreq)
    lwrb_get_free                            0x0800845d   Thumb Code   144  lwrb.o(.text.lwrb_get_free)
    lwrb_get_full                            0x080084ed   Thumb Code   140  lwrb.o(.text.lwrb_get_full)
    lwrb_init                                0x08008579   Thumb Code    92  lwrb.o(.text.lwrb_init)
    lwrb_read                                0x080085d5   Thumb Code   332  lwrb.o(.text.lwrb_read)
    lwrb_write                               0x08008721   Thumb Code   332  lwrb.o(.text.lwrb_write)
    main                                     0x0800886d   Thumb Code   456  main.o(.text.main)
    nvic_irq_enable                          0x08008a35   Thumb Code    52  gd32e23x_misc.o(.text.nvic_irq_enable)
    nvic_vector_table_set                    0x08008a69   Thumb Code    32  gd32e23x_misc.o(.text.nvic_vector_table_set)
    rcu_adc_clock_config                     0x08008a89   Thumb Code   392  gd32e23x_rcu.o(.text.rcu_adc_clock_config)
    rcu_all_reset_flag_clear                 0x08008c11   Thumb Code    20  gd32e23x_rcu.o(.text.rcu_all_reset_flag_clear)
    rcu_clock_freq_get                       0x08008c25   Thumb Code   644  gd32e23x_rcu.o(.text.rcu_clock_freq_get)
    rcu_flag_get                             0x08008ea9   Thumb Code    56  gd32e23x_rcu.o(.text.rcu_flag_get)
    rcu_periph_clock_enable                  0x08008ee1   Thumb Code    36  gd32e23x_rcu.o(.text.rcu_periph_clock_enable)
    rcu_periph_reset_disable                 0x08008f05   Thumb Code    36  gd32e23x_rcu.o(.text.rcu_periph_reset_disable)
    rcu_periph_reset_enable                  0x08008f29   Thumb Code    36  gd32e23x_rcu.o(.text.rcu_periph_reset_enable)
    rds_data_handle                          0x08008f4d   Thumb Code   380  i2cfm.o(.text.rds_data_handle)
    sys_get_ms                               0x080090e1   Thumb Code    12  main.o(.text.sys_get_ms)
    systick_config                           0x080091d5   Thumb Code    52  systick.o(.text.systick_config)
    timer_deinit                             0x08009209   Thumb Code   224  gd32e23x_timer.o(.text.timer_deinit)
    timer_enable                             0x080092e9   Thumb Code    18  gd32e23x_timer.o(.text.timer_enable)
    timer_init                               0x080092fd   Thumb Code   252  gd32e23x_timer.o(.text.timer_init)
    timer_interrupt_enable                   0x080093f9   Thumb Code    20  gd32e23x_timer.o(.text.timer_interrupt_enable)
    timer_interrupt_flag_clear               0x0800940d   Thumb Code    20  gd32e23x_timer.o(.text.timer_interrupt_flag_clear)
    timer_interrupt_flag_get                 0x08009421   Thumb Code    60  gd32e23x_timer.o(.text.timer_interrupt_flag_get)
    timer_struct_para_init                   0x0800945d   Thumb Code    40  gd32e23x_timer.o(.text.timer_struct_para_init)
    usart_baudrate_set                       0x08009485   Thumb Code   176  gd32e23x_usart.o(.text.usart_baudrate_set)
    usart_data_receive                       0x08009535   Thumb Code    16  gd32e23x_usart.o(.text.usart_data_receive)
    usart_data_transmit                      0x08009545   Thumb Code    24  gd32e23x_usart.o(.text.usart_data_transmit)
    usart_deinit                             0x0800955d   Thumb Code    84  gd32e23x_usart.o(.text.usart_deinit)
    usart_enable                             0x080095b1   Thumb Code    18  gd32e23x_usart.o(.text.usart_enable)
    usart_flag_clear                         0x080095c3   Thumb Code    32  gd32e23x_usart.o(.text.usart_flag_clear)
    usart_flag_get                           0x080095e3   Thumb Code    58  gd32e23x_usart.o(.text.usart_flag_get)
    usart_interrupt_disable                  0x0800961d   Thumb Code    38  gd32e23x_usart.o(.text.usart_interrupt_disable)
    usart_interrupt_enable                   0x08009643   Thumb Code    38  gd32e23x_usart.o(.text.usart_interrupt_enable)
    usart_interrupt_flag_get                 0x08009669   Thumb Code   102  gd32e23x_usart.o(.text.usart_interrupt_flag_get)
    usart_parity_config                      0x080096cf   Thumb Code    42  gd32e23x_usart.o(.text.usart_parity_config)
    usart_receive_config                     0x080096f9   Thumb Code    30  gd32e23x_usart.o(.text.usart_receive_config)
    usart_stop_bit_set                       0x08009717   Thumb Code    42  gd32e23x_usart.o(.text.usart_stop_bit_set)
    usart_transmit_config                    0x08009741   Thumb Code    30  gd32e23x_usart.o(.text.usart_transmit_config)
    usart_word_length_set                    0x0800975f   Thumb Code    42  gd32e23x_usart.o(.text.usart_word_length_set)
    __0sprintf                               0x08009789   Thumb Code    36  printfa.o(i.__0sprintf)
    __1sprintf                               0x08009789   Thumb Code     0  printfa.o(i.__0sprintf)
    __2sprintf                               0x08009789   Thumb Code     0  printfa.o(i.__0sprintf)
    __c89sprintf                             0x08009789   Thumb Code     0  printfa.o(i.__0sprintf)
    sprintf                                  0x08009789   Thumb Code     0  printfa.o(i.__0sprintf)
    __ARM_clz                                0x080097b1   Thumb Code    46  depilogue.o(i.__ARM_clz)
    __read_errno                             0x080097e1   Thumb Code     6  errno.o(i.__read_errno)
    __scatterload_copy                       0x080097ed   Thumb Code    14  handlers.o(i.__scatterload_copy)
    __scatterload_null                       0x080097fb   Thumb Code     2  handlers.o(i.__scatterload_null)
    __scatterload_zeroinit                   0x080097fd   Thumb Code    14  handlers.o(i.__scatterload_zeroinit)
    __set_errno                              0x0800980d   Thumb Code     6  errno.o(i.__set_errno)
    _is_digit                                0x0800998d   Thumb Code    14  scanf_fp.o(i._is_digit)
    atof                                     0x0800a0df   Thumb Code    44  atof.o(i.atof)
    __ctype_table                            0x0800a10a   Data         129  ctype_o.o(.constdata)
    Code7SegTab                              0x0800a190   Data          26  led7.o(.rodata.Code7SegTab)
    DriverDebug                              0x0800a1ac   Data          12  debug.o(.rodata.DriverDebug)
    DriverUART                               0x0800a1b8   Data          20  driveruart.o(.rodata.DriverUART)
    WelcomeStr                               0x0800a1cc   Data          26  initsystem.o(.rodata.WelcomeStr)
    sys_clk                                  0x0800b2f6   Data         641  i2cfm.o(.rodata.sys_clk)
    Region$$Table$$Base                      0x0800b578   Number         0  anon$$obj.o(Region$$Table)
    Region$$Table$$Limit                     0x0800b598   Number         0  anon$$obj.o(Region$$Table)
    KT0935Timeout                            0x2000000c   Data           4  i2cfm.o(.data.KT0935Timeout)
    SystemCoreClock                          0x20000018   Data           4  system_gd32e23x.o(.data.SystemCoreClock)
    keyDownState                             0x2000001c   Data           1  button.o(.data.keyDownState)
    keyLeftState                             0x2000001d   Data           1  button.o(.data.keyLeftState)
    keyRightState                            0x2000001e   Data           1  button.o(.data.keyRightState)
    keyUpState                               0x2000001f   Data           1  button.o(.data.keyUpState)
    ADCVolumeAvg                             0x20000030   Data           4  button.o(.bss.ADCVolumeAvg)
    BlackBoxBuffer                           0x20000034   Data        1028  esp32datalayer.o(.bss.BlackBoxBuffer)
    Block_A                                  0x20000438   Data           2  i2cfm.o(.bss.Block_A)
    Block_B                                  0x2000043a   Data           2  i2cfm.o(.bss.Block_B)
    Block_C                                  0x2000043c   Data           2  i2cfm.o(.bss.Block_C)
    Block_D                                  0x2000043e   Data           2  i2cfm.o(.bss.Block_D)
    DebugBuffer                              0x20000440   Data        1028  debug.o(.bss.DebugBuffer)
    GPS_Manager                              0x2000084c   Data        1052  gps.o(.bss.GPS_Manager)
    KT_Read_List                             0x20000c6c   Data         151  i2cfm.o(.bss.KT_Read_List)
    KT_Write_List                            0x20000d03   Data         151  i2cfm.o(.bss.KT_Write_List)
    RDS_data                                 0x20000db2   Data           4  i2cfm.o(.bss.RDS_data)
    RDS_raw_data                             0x20000db6   Data           2  i2cfm.o(.bss.RDS_raw_data)
    Setup                                    0x20000db9   Data          15  button.o(.bss.Setup)
    TimingDelay                              0x20000ddc   Data           2  main.o(.bss.TimingDelay)
    _SEGGER_RTT                              0x20000de4   Data          72  segger_rtt.o(.bss._SEGGER_RTT)
    adc_volume                               0x20000f6c   Data           2  main.o(.bss.adc_volume)
    esp32RebootTimeout                       0x20000f70   Data           1  esp32datalayer.o(.bss.esp32RebootTimeout)
    esp32RxMessageTimeout                    0x20000f71   Data           1  esp32datalayer.o(.bss.esp32RxMessageTimeout)
    espMessage                               0x20000f72   Data         200  esp32datalayer.o(.bss.espMessage)
    esp_die_cnt                              0x2000103c   Data           4  esp32datalayer.o(.bss.esp_die_cnt)
    m_sys_tick                               0x20001070   Data           4  main.o(.bss.m_sys_tick)
    setupModeTimeout                         0x20001184   Data           2  button.o(.bss.setupModeTimeout)
    xSystem                                  0x20001188   Data          84  initsystem.o(.bss.xSystem)
    __initial_sp                             0x200015e0   Data           0  startup_gd32e23x.o(STACK)



==============================================================================

Memory Map of the image

  Image Entry point : 0x080000cd

  Load Region LR_IROM1 (Base: 0x08000000, Size: 0x0000b5c8, Max: 0x00010000, ABSOLUTE)

    Execution Region ER_IROM1 (Exec base: 0x08000000, Load base: 0x08000000, Size: 0x0000b598, Max: 0x00010000, ABSOLUTE)

    Exec Addr    Load Addr    Size         Type   Attr      Idx    E Section Name        Object

    0x08000000   0x08000000   0x000000cc   Data   RO         1221    RESET               startup_gd32e23x.o
    0x080000cc   0x080000cc   0x00000000   Code   RO         1841  * .ARM.Collect$$$$00000000  mc_p.l(entry.o)
    0x080000cc   0x080000cc   0x00000004   Code   RO         1938    .ARM.Collect$$$$00000001  mc_p.l(entry2.o)
    0x080000d0   0x080000d0   0x00000004   Code   RO         1941    .ARM.Collect$$$$00000004  mc_p.l(entry5.o)
    0x080000d4   0x080000d4   0x00000000   Code   RO         1943    .ARM.Collect$$$$00000008  mc_p.l(entry7b.o)
    0x080000d4   0x080000d4   0x00000000   Code   RO         1945    .ARM.Collect$$$$0000000A  mc_p.l(entry8b.o)
    0x080000d4   0x080000d4   0x00000008   Code   RO         1946    .ARM.Collect$$$$0000000B  mc_p.l(entry9a.o)
    0x080000dc   0x080000dc   0x00000000   Code   RO         1948    .ARM.Collect$$$$0000000D  mc_p.l(entry10a.o)
    0x080000dc   0x080000dc   0x00000000   Code   RO         1950    .ARM.Collect$$$$0000000F  mc_p.l(entry11a.o)
    0x080000dc   0x080000dc   0x00000004   Code   RO         1939    .ARM.Collect$$$$00002712  mc_p.l(entry2.o)
    0x080000e0   0x080000e0   0x0000001c   Code   RO         1222    .text               startup_gd32e23x.o
    0x080000fc   0x080000fc   0x00000008   Code   RO         1844    .text               mc_p.l(ctype_o.o)
    0x08000104   0x08000104   0x00000012   Code   RO         1866    .text               mc_p.l(isspace_o.o)
    0x08000116   0x08000116   0x00000024   Code   RO         1872    .text               mc_p.l(memcpya.o)
    0x0800013a   0x0800013a   0x00000024   Code   RO         1874    .text               mc_p.l(memseta.o)
    0x0800015e   0x0800015e   0x00000028   Code   RO         1876    .text               mc_p.l(strstr.o)
    0x08000186   0x08000186   0x0000000e   Code   RO         1878    .text               mc_p.l(strlen.o)
    0x08000194   0x08000194   0x00000012   Code   RO         1880    .text               mc_p.l(strcpy.o)
    0x080001a6   0x080001a6   0x00000002   PAD
    0x080001a8   0x080001a8   0x00000048   Code   RO         1882    .text               mc_p.l(strtok.o)
    0x080001f0   0x080001f0   0x000000b2   Code   RO         1918    .text               mf_p.l(fadd.o)
    0x080002a2   0x080002a2   0x0000007a   Code   RO         1920    .text               mf_p.l(fmul.o)
    0x0800031c   0x0800031c   0x00000164   Code   RO         1922    .text               mf_p.l(dadd.o)
    0x08000480   0x08000480   0x000000d0   Code   RO         1924    .text               mf_p.l(dmul.o)
    0x08000550   0x08000550   0x000000f0   Code   RO         1926    .text               mf_p.l(ddiv.o)
    0x08000640   0x08000640   0x00000016   Code   RO         1928    .text               mf_p.l(fflti.o)
    0x08000656   0x08000656   0x00000002   PAD
    0x08000658   0x08000658   0x00000028   Code   RO         1930    .text               mf_p.l(dflti.o)
    0x08000680   0x08000680   0x00000048   Code   RO         1932    .text               mf_p.l(dfixi.o)
    0x080006c8   0x080006c8   0x00000028   Code   RO         1934    .text               mf_p.l(f2d.o)
    0x080006f0   0x080006f0   0x00000038   Code   RO         1936    .text               mf_p.l(d2f.o)
    0x08000728   0x08000728   0x0000002c   Code   RO         1957    .text               mc_p.l(uidiv.o)
    0x08000754   0x08000754   0x00000060   Code   RO         1959    .text               mc_p.l(uldiv.o)
    0x080007b4   0x080007b4   0x00000020   Code   RO         1961    .text               mc_p.l(llshl.o)
    0x080007d4   0x080007d4   0x00000022   Code   RO         1963    .text               mc_p.l(llushr.o)
    0x080007f6   0x080007f6   0x00000026   Code   RO         1965    .text               mc_p.l(llsshr.o)
    0x0800081c   0x0800081c   0x000000b4   Code   RO         1974    .text               mc_p.l(strtod.o)
    0x080008d0   0x080008d0   0x00000000   Code   RO         1976    .text               mc_p.l(iusefp.o)
    0x080008d0   0x080008d0   0x00000082   Code   RO         1977    .text               mf_p.l(fepilogue.o)
    0x08000952   0x08000952   0x000000be   Code   RO         1979    .text               mf_p.l(depilogue.o)
    0x08000a10   0x08000a10   0x00000040   Code   RO         1983    .text               mf_p.l(dfixul.o)
    0x08000a50   0x08000a50   0x00000028   Code   RO         1985    .text               mf_p.l(cdrcmple.o)
    0x08000a78   0x08000a78   0x00000024   Code   RO         1987    .text               mc_p.l(init.o)
    0x08000a9c   0x08000a9c   0x00000374   Code   RO         1992    .text               mc_p.l(scanf_fp.o)
    0x08000e10   0x08000e10   0x00000044   Code   RO         1996    .text               mc_p.l(_sgetc.o)
    0x08000e54   0x08000e54   0x0000007a   Code   RO         1999    .text               mc_p.l(llmul.o)
    0x08000ece   0x08000ece   0x00000002   PAD
    0x08000ed0   0x08000ed0   0x0000001c   Code   RO         2004    .text               mf_p.l(dfltul.o)
    0x08000eec   0x08000eec   0x00000060   Code   RO         1369    .text.ADC_Config    initsystem.o
    0x08000f4c   0x08000f4c   0x00000048   Code   RO         1383    .text.AVGADCVolume  button.o
    0x08000f94   0x08000f94   0x00000034   Code   RO         1254    .text.BlackBoxAddData  esp32datalayer.o
    0x08000fc8   0x08000fc8   0x00000078   Code   RO         1391    .text.Button_Init   button.o
    0x08001040   0x08001040   0x00000238   Code   RO         1387    .text.Button_Tick   button.o
    0x08001278   0x08001278   0x0000009c   Code   RO         1278    .text.CalculateCRC16  utilities.o
    0x08001314   0x08001314   0x000000dc   Code   RO         1282    .text.CopyParameter  utilities.o
    0x080013f0   0x080013f0   0x00000044   Code   RO         1321    .text.DebugAddData  debug.o
    0x08001434   0x08001434   0x00000002   Code   RO         1317    .text.DebugInit     debug.o
    0x08001436   0x08001436   0x00000002   PAD
    0x08001438   0x08001438   0x0000003c   Code   RO         1319    .text.DebugTick     debug.o
    0x08001474   0x08001474   0x00000018   Code   RO           35    .text.Delay_Decrement  main.o
    0x0800148c   0x0800148c   0x0000007c   Code   RO           37    .text.Delayms       main.o
    0x08001508   0x08001508   0x00000002   Code   RO         1337    .text.DetectResetReason  hardwaremanager.o
    0x0800150a   0x0800150a   0x00000002   PAD
    0x0800150c   0x0800150c   0x00000080   Code   RO         1371    .text.DrawScreen    initsystem.o
    0x0800158c   0x0800158c   0x0000040c   Code   RO         1244    .text.ESP32_ManagerTick  esp32datalayer.o
    0x08001998   0x08001998   0x0000003c   Code   RO         1246    .text.ESP32_UART_Tick  esp32datalayer.o
    0x080019d4   0x080019d4   0x00000090   Code   RO         1458    .text.FM_GetFMChanFreq  i2cfm.o
    0x08001a64   0x08001a64   0x00000064   Code   RO         1462    .text.FM_GetRSSI    i2cfm.o
    0x08001ac8   0x08001ac8   0x00000048   Code   RO         1460    .text.FM_GetSNR     i2cfm.o
    0x08001b10   0x08001b10   0x000001c0   Code   RO         1452    .text.FM_GetStatus  i2cfm.o
    0x08001cd0   0x08001cd0   0x00000060   Code   RO         1456    .text.FM_GetVolume  i2cfm.o
    0x08001d30   0x08001d30   0x00000180   Code   RO         1450    .text.FM_Init       i2cfm.o
    0x08001eb0   0x08001eb0   0x00000368   Code   RO         1436    .text.FM_ReadReg    i2cfm.o
    0x08002218   0x08002218   0x00000024   Code   RO         1464    .text.FM_SetFMChanFreq  i2cfm.o
    0x0800223c   0x0800223c   0x00000074   Code   RO         1468    .text.FM_SetVolume  i2cfm.o
    0x080022b0   0x080022b0   0x00000278   Code   RO         1454    .text.FM_Tick       i2cfm.o
    0x08002528   0x08002528   0x0000025c   Code   RO         1434    .text.FM_WriteReg   i2cfm.o
    0x08002784   0x08002784   0x00000080   Code   RO         1280    .text.FindIndexOfChar  utilities.o
    0x08002804   0x08002804   0x00000080   Code   RO         1608    .text.GPS_AddNewData  gps.o
    0x08002884   0x08002884   0x0000002c   Code   RO         1596    .text.GPS_GetPosition  gps.o
    0x080028b0   0x080028b0   0x00000008   Code   RO         1602    .text.GPS_IsValid   gps.o
    0x080028b8   0x080028b8   0x00000158   Code   RO         1590    .text.GPS_ManagerTick  gps.o
    0x08002a10   0x08002a10   0x000007e4   Code   RO         1626    .text.GPS_ProcessNewMessage  gpsutils.o
    0x080031f4   0x080031f4   0x0000000c   Code   RO         1592    .text.GPS_Reset     gps.o
    0x08003200   0x08003200   0x00000260   Code   RO         1274    .text.GetHexNumberFromString  utilities.o
    0x08003460   0x08003460   0x0000009c   Code   RO         1284    .text.GetNumberFromString  utilities.o
    0x080034fc   0x080034fc   0x0000000a   Code   RO            4    .text.HardFault_Handler  gd32e23x_it.o
    0x08003506   0x08003506   0x00000002   PAD
    0x08003508   0x08003508   0x000000d8   Code   RO         1349    .text.Hardware_XoaCoLoi  hardwaremanager.o
    0x080035e0   0x080035e0   0x0000003c   Code   RO         1365    .text.InitIO        initsystem.o
    0x0800361c   0x0800361c   0x000000b0   Code   RO         1361    .text.InitSystem    initsystem.o
    0x080036cc   0x080036cc   0x00000068   Code   RO         1543    .text.InitTimerForLED  led7.o
    0x08003734   0x08003734   0x00000014   Code   RO         1367    .text.InitVariable  initsystem.o
    0x08003748   0x08003748   0x0000000e   Code   RO         1572    .text.InternalFlash_Init  internalflash.o
    0x08003756   0x08003756   0x00000002   PAD
    0x08003758   0x08003758   0x000001dc   Code   RO         1576    .text.InternalFlash_ReadConfig  internalflash.o
    0x08003934   0x08003934   0x00000204   Code   RO         1574    .text.InternalFlash_WriteConfig  internalflash.o
    0x08003b38   0x08003b38   0x000000ec   Code   RO         1418    .text.KT0935_LowLevel_Init  i2cfm.o
    0x08003c24   0x08003c24   0x00000016   Code   RO         1440    .text.KT093x_User_FMTune  i2cfm.o
    0x08003c3a   0x08003c3a   0x00000002   PAD
    0x08003c3c   0x08003c3c   0x0000034c   Code   RO         1432    .text.KT_AMFM_Init  i2cfm.o
    0x08003f88   0x08003f88   0x00000028   Code   RO         1444    .text.KT_AMFM_Mute  i2cfm.o
    0x08003fb0   0x08003fb0   0x00000124   Code   RO         1422    .text.KT_AMFM_PreInit  i2cfm.o
    0x080040d4   0x080040d4   0x0000008c   Code   RO         1438    .text.KT_AMFM_SetMode  i2cfm.o
    0x08004160   0x08004160   0x000000fa   Code   RO         1430    .text.KT_AMFM_WakeUp  i2cfm.o
    0x0800425a   0x0800425a   0x00000018   Code   RO         1424    .text.KT_Byte_Read  i2cfm.o
    0x08004272   0x08004272   0x00000026   Code   RO         1426    .text.KT_Byte_Write  i2cfm.o
    0x08004298   0x08004298   0x0000002c   Code   RO         1448    .text.KT_FM_Deltn   i2cfm.o
    0x080042c4   0x080042c4   0x00000084   Code   RO         1442    .text.KT_FM_Tune    i2cfm.o
    0x08004348   0x08004348   0x000000b8   Code   RO         1515    .text.Led7_DispFrequency  led7.o
    0x08004400   0x08004400   0x0000006c   Code   RO         1513    .text.Led7_DispInteger  led7.o
    0x0800446c   0x0800446c   0x000000f8   Code   RO         1533    .text.Led7_DispLocalMode  led7.o
    0x08004564   0x08004564   0x00000018   Code   RO         1521    .text.Led7_DispMode4G  led7.o
    0x0800457c   0x0800457c   0x00000018   Code   RO         1525    .text.Led7_DispModeIdle  led7.o
    0x08004594   0x08004594   0x00000018   Code   RO         1519    .text.Led7_DispModeLineIn  led7.o
    0x080045ac   0x080045ac   0x00000018   Code   RO         1517    .text.Led7_DispModeMIC  led7.o
    0x080045c4   0x080045c4   0x00000018   Code   RO         1523    .text.Led7_DispModeNone  led7.o
    0x080045dc   0x080045dc   0x00000020   Code   RO         1529    .text.Led7_DispOFF  led7.o
    0x080045fc   0x080045fc   0x000000a8   Code   RO         1531    .text.Led7_DispSetupMode  led7.o
    0x080046a4   0x080046a4   0x00000094   Code   RO         1527    .text.Led7_DispVolume  led7.o
    0x08004738   0x08004738   0x000000d8   Code   RO         1545    .text.Led7_Init     led7.o
    0x08004810   0x08004810   0x0000002c   Code   RO         1539    .text.Led7_PushData  led7.o
    0x0800483c   0x0800483c   0x000000f4   Code   RO         1537    .text.Led7_ScanSeg  led7.o
    0x08004930   0x08004930   0x000003d0   Code   RO         1535    .text.Led7_Tick     led7.o
    0x08004d00   0x08004d00   0x00000002   Code   RO            2    .text.NMI_Handler   gd32e23x_it.o
    0x08004d02   0x08004d02   0x00000002   Code   RO            8    .text.PendSV_Handler  gd32e23x_it.o
    0x08004d04   0x08004d04   0x00000580   Code   RO         1248    .text.ProcessNewBlackboxData  esp32datalayer.o
    0x08005284   0x08005284   0x00000250   Code   RO         1323    .text.ProcessNewDebugData  debug.o
    0x080054d4   0x080054d4   0x00000008   Code   RO           31    .text.ProcessTimeout1000ms  main.o
    0x080054dc   0x080054dc   0x00000010   Code   RO           27    .text.ProcessTimeout100ms  main.o
    0x080054ec   0x080054ec   0x00000044   Code   RO           25    .text.ProcessTimeout10ms  main.o
    0x08005530   0x08005530   0x0000000c   Code   RO           29    .text.ProcessTimeout500ms  main.o
    0x0800553c   0x0800553c   0x00000044   Code   RO         1363    .text.RCC_Config    initsystem.o
    0x08005580   0x08005580   0x000001fc   Code   RO         1476    .text.RDS_Task      i2cfm.o
    0x0800577c   0x0800577c   0x00000002   Code   RO         1347    .text.ResetWatchdog  hardwaremanager.o
    0x0800577e   0x0800577e   0x00000002   PAD
    0x08005780   0x08005780   0x00000048   Code   RO         1666    .text.SEGGER_RTT_Write  segger_rtt.o
    0x080057c8   0x080057c8   0x000000b0   Code   RO         1662    .text.SEGGER_RTT_WriteNoLock  segger_rtt.o
    0x08005878   0x08005878   0x00000002   Code   RO            6    .text.SVC_Handler   gd32e23x_it.o
    0x0800587a   0x0800587a   0x00000002   PAD
    0x0800587c   0x0800587c   0x00000054   Code   RO           57    .text.SysTick_Config  systick.o
    0x080058d0   0x080058d0   0x0000000c   Code   RO           10    .text.SysTick_Handler  gd32e23x_it.o
    0x080058dc   0x080058dc   0x000000ac   Code   RO           83    .text.SystemInit    system_gd32e23x.o
    0x08005988   0x08005988   0x0000004c   Code   RO           33    .text.SystemManagementTask  main.o
    0x080059d4   0x080059d4   0x0000000e   Code   RO         1341    .text.SystemReset   hardwaremanager.o
    0x080059e2   0x080059e2   0x00000002   PAD
    0x080059e4   0x080059e4   0x00000024   Code   RO         1541    .text.TIMER2_IRQHandler  led7.o
    0x08005a08   0x08005a08   0x000001bc   Code   RO         1293    .text.UART_Init     driveruart.o
    0x08005bc4   0x08005bc4   0x000001f0   Code   RO         1305    .text.UART_Printf   driveruart.o
    0x08005db4   0x08005db4   0x00000042   Code   RO         1301    .text.UART_Putb     driveruart.o
    0x08005df6   0x08005df6   0x00000002   PAD
    0x08005df8   0x08005df8   0x00000058   Code   RO         1295    .text.UART_Putc     driveruart.o
    0x08005e50   0x08005e50   0x0000002a   Code   RO         1299    .text.UART_Puts     driveruart.o
    0x08005e7a   0x08005e7a   0x0000011c   Code   RO         1303    .text.UART_itoa     driveruart.o
    0x08005f96   0x08005f96   0x00000002   PAD
    0x08005f98   0x08005f98   0x00000150   Code   RO         1606    .text.USART0_IRQHandler  gps.o
    0x080060e8   0x080060e8   0x000000e4   Code   RO         1252    .text.USART1_IRQHandler  esp32datalayer.o
    0x080061cc   0x080061cc   0x000000aa   Code   RO         1624    .text.ValidCheckSum  gpsutils.o
    0x08006276   0x08006276   0x00000002   PAD
    0x08006278   0x08006278   0x00000170   Code   RO         1385    .text.Volume_Tick   button.o
    0x080063e8   0x080063e8   0x00000002   Code   RO         1345    .text.WatchDogInit  hardwaremanager.o
    0x080063ea   0x080063ea   0x00000002   PAD
    0x080063ec   0x080063ec   0x00000214   Code   RO         1389    .text.XuLyPhimSetup  button.o
    0x08006600   0x08006600   0x00000098   Code   RO         1642    .text._DoInit       segger_rtt.o
    0x08006698   0x08006698   0x0000003e   Code   RO         1656    .text._GetAvailWriteSpace  segger_rtt.o
    0x080066d6   0x080066d6   0x000000e4   Code   RO         1660    .text._WriteBlocking  segger_rtt.o
    0x080067ba   0x080067ba   0x00000094   Code   RO         1658    .text._WriteNoCheck  segger_rtt.o
    0x0800684e   0x0800684e   0x00000002   PAD
    0x08006850   0x08006850   0x00000034   Code   RO          554    .text.__NVIC_EnableIRQ  gd32e23x_misc.o
    0x08006884   0x08006884   0x00000080   Code   RO           59    .text.__NVIC_SetPriority  systick.o
    0x08006904   0x08006904   0x00000088   Code   RO          552    .text.__NVIC_SetPriority  gd32e23x_misc.o
    0x0800698c   0x0800698c   0x00000014   Code   RO         1233    .text.__NVIC_SystemReset  board_hw.o
    0x080069a0   0x080069a0   0x00000014   Code   RO         1256    .text.__NVIC_SystemReset  esp32datalayer.o
    0x080069b4   0x080069b4   0x00000014   Code   RO         1325    .text.__NVIC_SystemReset  debug.o
    0x080069c8   0x080069c8   0x0000001c   Code   RO         1343    .text.__NVIC_SystemReset  hardwaremanager.o
    0x080069e4   0x080069e4   0x00000084   Code   RO         1798    .text.__strnlen     app_debug.o
    0x08006a68   0x08006a68   0x00000038   Code   RO          106    .text.adc_calibration_enable  gd32e23x_adc.o
    0x08006aa0   0x08006aa0   0x00000068   Code   RO          122    .text.adc_channel_length_config  gd32e23x_adc.o
    0x08006b08   0x08006b08   0x0000002c   Code   RO          120    .text.adc_data_alignment_config  gd32e23x_adc.o
    0x08006b34   0x08006b34   0x0000001c   Code   RO          102    .text.adc_enable    gd32e23x_adc.o
    0x08006b50   0x08006b50   0x00000088   Code   RO          130    .text.adc_external_trigger_config  gd32e23x_adc.o
    0x08006bd8   0x08006bd8   0x00000050   Code   RO          132    .text.adc_external_trigger_source_config  gd32e23x_adc.o
    0x08006c28   0x08006c28   0x00000014   Code   RO          142    .text.adc_flag_clear  gd32e23x_adc.o
    0x08006c3c   0x08006c3c   0x0000002c   Code   RO          140    .text.adc_flag_get  gd32e23x_adc.o
    0x08006c68   0x08006c68   0x0000015c   Code   RO          124    .text.adc_regular_channel_config  gd32e23x_adc.o
    0x08006dc4   0x08006dc4   0x00000044   Code   RO          134    .text.adc_software_trigger_enable  gd32e23x_adc.o
    0x08006e08   0x08006e08   0x000000bc   Code   RO          118    .text.adc_special_function_config  gd32e23x_adc.o
    0x08006ec4   0x08006ec4   0x00000024   Code   RO         1786    .text.app_debug_get_ms  app_debug.o
    0x08006ee8   0x08006ee8   0x00000020   Code   RO         1784    .text.app_debug_init  app_debug.o
    0x08006f08   0x08006f08   0x00000544   Code   RO         1794    .text.app_debug_print_raw  app_debug.o
    0x0800744c   0x0800744c   0x00000058   Code   RO         1790    .text.app_debug_putc  app_debug.o
    0x080074a4   0x080074a4   0x000000b4   Code   RO         1810    .text.app_debug_register_callback_print  app_debug.o
    0x08007558   0x08007558   0x00000008   Code   RO           74    .text.app_wdt_feed  app_wdt.o
    0x08007560   0x08007560   0x00000030   Code   RO           72    .text.app_wdt_start  app_wdt.o
    0x08007590   0x08007590   0x00000004   Code   RO         1231    .text.board_hw_reset  board_hw.o
    0x08007594   0x08007594   0x00000054   Code   RO         1472    .text.check_rds_has_data  i2cfm.o
    0x080075e8   0x080075e8   0x000001d4   Code   RO         1478    .text.decode        i2cfm.o
    0x080077bc   0x080077bc   0x00000018   Code   RO         1297    .text.driver_uart_get_new_data_to_send  driveruart.o
    0x080077d4   0x080077d4   0x00000294   Code   RO         1800    .text.ee_number     app_debug.o
    0x08007a68   0x08007a68   0x0000005e   Code   RO         1796    .text.ee_skip_atoi  app_debug.o
    0x08007ac6   0x08007ac6   0x00000002   PAD
    0x08007ac8   0x08007ac8   0x00000010   Code   RO          396    .text.fmc_flag_clear  gd32e23x_fmc.o
    0x08007ad8   0x08007ad8   0x0000000c   Code   RO          346    .text.fmc_lock      gd32e23x_fmc.o
    0x08007ae4   0x08007ae4   0x0000005c   Code   RO          354    .text.fmc_page_erase  gd32e23x_fmc.o
    0x08007b40   0x08007b40   0x0000005a   Code   RO          356    .text.fmc_ready_wait  gd32e23x_fmc.o
    0x08007b9a   0x08007b9a   0x00000002   PAD
    0x08007b9c   0x08007b9c   0x00000054   Code   RO          402    .text.fmc_state_get  gd32e23x_fmc.o
    0x08007bf0   0x08007bf0   0x00000028   Code   RO          344    .text.fmc_unlock    gd32e23x_fmc.o
    0x08007c18   0x08007c18   0x00000058   Code   RO          362    .text.fmc_word_program  gd32e23x_fmc.o
    0x08007c70   0x08007c70   0x000000e8   Code   RO          425    .text.fwdgt_config  gd32e23x_fwdgt.o
    0x08007d58   0x08007d58   0x0000000c   Code   RO          423    .text.fwdgt_counter_reload  gd32e23x_fwdgt.o
    0x08007d64   0x08007d64   0x00000010   Code   RO          415    .text.fwdgt_enable  gd32e23x_fwdgt.o
    0x08007d74   0x08007d74   0x00000052   Code   RO         1480    .text.get_int_from_ascii  i2cfm.o
    0x08007dc6   0x08007dc6   0x00000002   PAD
    0x08007dc8   0x08007dc8   0x00000074   Code   RO         1482    .text.get_zoneId    i2cfm.o
    0x08007e3c   0x08007e3c   0x000000c4   Code   RO          458    .text.gpio_af_set   gd32e23x_gpio.o
    0x08007f00   0x08007f00   0x00000010   Code   RO          444    .text.gpio_bit_reset  gd32e23x_gpio.o
    0x08007f10   0x08007f10   0x00000010   Code   RO          442    .text.gpio_bit_set  gd32e23x_gpio.o
    0x08007f20   0x08007f20   0x00000028   Code   RO          446    .text.gpio_bit_write  gd32e23x_gpio.o
    0x08007f48   0x08007f48   0x0000002a   Code   RO          450    .text.gpio_input_bit_get  gd32e23x_gpio.o
    0x08007f72   0x08007f72   0x00000090   Code   RO          438    .text.gpio_mode_set  gd32e23x_gpio.o
    0x08008002   0x08008002   0x0000008e   Code   RO          440    .text.gpio_output_options_set  gd32e23x_gpio.o
    0x08008090   0x08008090   0x0000002e   Code   RO          481    .text.i2c_ack_config  gd32e23x_i2c.o
    0x080080be   0x080080be   0x0000002e   Code   RO          483    .text.i2c_ackpos_config  gd32e23x_i2c.o
    0x080080ec   0x080080ec   0x000001c8   Code   RO          475    .text.i2c_clock_config  gd32e23x_i2c.o
    0x080082b4   0x080082b4   0x0000000e   Code   RO          501    .text.i2c_data_receive  gd32e23x_i2c.o
    0x080082c2   0x080082c2   0x00000014   Code   RO          499    .text.i2c_data_transmit  gd32e23x_i2c.o
    0x080082d6   0x080082d6   0x00000012   Code   RO          491    .text.i2c_enable    gd32e23x_i2c.o
    0x080082e8   0x080082e8   0x00000040   Code   RO          533    .text.i2c_flag_clear  gd32e23x_i2c.o
    0x08008328   0x08008328   0x0000003a   Code   RO          531    .text.i2c_flag_get  gd32e23x_i2c.o
    0x08008362   0x08008362   0x00000030   Code   RO          485    .text.i2c_master_addressing  gd32e23x_i2c.o
    0x08008392   0x08008392   0x00000002   PAD
    0x08008394   0x08008394   0x00000044   Code   RO          477    .text.i2c_mode_addr_config  gd32e23x_i2c.o
    0x080083d8   0x080083d8   0x00000014   Code   RO          495    .text.i2c_start_on_bus  gd32e23x_i2c.o
    0x080083ec   0x080083ec   0x00000014   Code   RO          497    .text.i2c_stop_on_bus  gd32e23x_i2c.o
    0x08008400   0x08008400   0x0000005c   Code   RO         1250    .text.isValidFreq   esp32datalayer.o
    0x0800845c   0x0800845c   0x00000090   Code   RO         1755    .text.lwrb_get_free  lwrb.o
    0x080084ec   0x080084ec   0x0000008c   Code   RO         1759    .text.lwrb_get_full  lwrb.o
    0x08008578   0x08008578   0x0000005c   Code   RO         1745    .text.lwrb_init     lwrb.o
    0x080085d4   0x080085d4   0x0000014c   Code   RO         1757    .text.lwrb_read     lwrb.o
    0x08008720   0x08008720   0x0000014c   Code   RO         1753    .text.lwrb_write    lwrb.o
    0x0800886c   0x0800886c   0x000001c8   Code   RO           19    .text.main          main.o
    0x08008a34   0x08008a34   0x00000034   Code   RO          550    .text.nvic_irq_enable  gd32e23x_misc.o
    0x08008a68   0x08008a68   0x00000020   Code   RO          564    .text.nvic_vector_table_set  gd32e23x_misc.o
    0x08008a88   0x08008a88   0x00000188   Code   RO          641    .text.rcu_adc_clock_config  gd32e23x_rcu.o
    0x08008c10   0x08008c10   0x00000014   Code   RO          657    .text.rcu_all_reset_flag_clear  gd32e23x_rcu.o
    0x08008c24   0x08008c24   0x00000284   Code   RO          689    .text.rcu_clock_freq_get  gd32e23x_rcu.o
    0x08008ea8   0x08008ea8   0x00000038   Code   RO          655    .text.rcu_flag_get  gd32e23x_rcu.o
    0x08008ee0   0x08008ee0   0x00000024   Code   RO          615    .text.rcu_periph_clock_enable  gd32e23x_rcu.o
    0x08008f04   0x08008f04   0x00000024   Code   RO          625    .text.rcu_periph_reset_disable  gd32e23x_rcu.o
    0x08008f28   0x08008f28   0x00000024   Code   RO          623    .text.rcu_periph_reset_enable  gd32e23x_rcu.o
    0x08008f4c   0x08008f4c   0x0000017c   Code   RO         1474    .text.rds_data_handle  i2cfm.o
    0x080090c8   0x080090c8   0x00000016   Code   RO           23    .text.rtt_debug_output  main.o
    0x080090de   0x080090de   0x00000002   PAD
    0x080090e0   0x080090e0   0x0000000c   Code   RO           21    .text.sys_get_ms    main.o
    0x080090ec   0x080090ec   0x000000e0   Code   RO           89    .text.system_clock_72m_irc8m  system_gd32e23x.o
    0x080091cc   0x080091cc   0x00000008   Code   RO           85    .text.system_clock_config  system_gd32e23x.o
    0x080091d4   0x080091d4   0x00000034   Code   RO           55    .text.systick_config  systick.o
    0x08009208   0x08009208   0x000000e0   Code   RO          891    .text.timer_deinit  gd32e23x_timer.o
    0x080092e8   0x080092e8   0x00000012   Code   RO          897    .text.timer_enable  gd32e23x_timer.o
    0x080092fa   0x080092fa   0x00000002   PAD
    0x080092fc   0x080092fc   0x000000fc   Code   RO          895    .text.timer_init    gd32e23x_timer.o
    0x080093f8   0x080093f8   0x00000014   Code   RO          933    .text.timer_interrupt_enable  gd32e23x_timer.o
    0x0800940c   0x0800940c   0x00000014   Code   RO          939    .text.timer_interrupt_flag_clear  gd32e23x_timer.o
    0x08009420   0x08009420   0x0000003c   Code   RO          937    .text.timer_interrupt_flag_get  gd32e23x_timer.o
    0x0800945c   0x0800945c   0x00000028   Code   RO          893    .text.timer_struct_para_init  gd32e23x_timer.o
    0x08009484   0x08009484   0x000000b0   Code   RO         1046    .text.usart_baudrate_set  gd32e23x_usart.o
    0x08009534   0x08009534   0x00000010   Code   RO         1082    .text.usart_data_receive  gd32e23x_usart.o
    0x08009544   0x08009544   0x00000018   Code   RO         1080    .text.usart_data_transmit  gd32e23x_usart.o
    0x0800955c   0x0800955c   0x00000054   Code   RO         1044    .text.usart_deinit  gd32e23x_usart.o
    0x080095b0   0x080095b0   0x00000012   Code   RO         1054    .text.usart_enable  gd32e23x_usart.o
    0x080095c2   0x080095c2   0x00000020   Code   RO         1180    .text.usart_flag_clear  gd32e23x_usart.o
    0x080095e2   0x080095e2   0x0000003a   Code   RO         1178    .text.usart_flag_get  gd32e23x_usart.o
    0x0800961c   0x0800961c   0x00000026   Code   RO         1184    .text.usart_interrupt_disable  gd32e23x_usart.o
    0x08009642   0x08009642   0x00000026   Code   RO         1182    .text.usart_interrupt_enable  gd32e23x_usart.o
    0x08009668   0x08009668   0x00000066   Code   RO         1188    .text.usart_interrupt_flag_get  gd32e23x_usart.o
    0x080096ce   0x080096ce   0x0000002a   Code   RO         1048    .text.usart_parity_config  gd32e23x_usart.o
    0x080096f8   0x080096f8   0x0000001e   Code   RO         1060    .text.usart_receive_config  gd32e23x_usart.o
    0x08009716   0x08009716   0x0000002a   Code   RO         1052    .text.usart_stop_bit_set  gd32e23x_usart.o
    0x08009740   0x08009740   0x0000001e   Code   RO         1058    .text.usart_transmit_config  gd32e23x_usart.o
    0x0800975e   0x0800975e   0x0000002a   Code   RO         1050    .text.usart_word_length_set  gd32e23x_usart.o
    0x08009788   0x08009788   0x00000028   Code   RO         1893    i.__0sprintf        mc_p.l(printfa.o)
    0x080097b0   0x080097b0   0x0000002e   Code   RO         1981    i.__ARM_clz         mf_p.l(depilogue.o)
    0x080097de   0x080097de   0x00000002   PAD
    0x080097e0   0x080097e0   0x0000000c   Code   RO         1968    i.__read_errno      mc_p.l(errno.o)
    0x080097ec   0x080097ec   0x0000000e   Code   RO         2008    i.__scatterload_copy  mc_p.l(handlers.o)
    0x080097fa   0x080097fa   0x00000002   Code   RO         2009    i.__scatterload_null  mc_p.l(handlers.o)
    0x080097fc   0x080097fc   0x0000000e   Code   RO         2010    i.__scatterload_zeroinit  mc_p.l(handlers.o)
    0x0800980a   0x0800980a   0x00000002   PAD
    0x0800980c   0x0800980c   0x0000000c   Code   RO         1969    i.__set_errno       mc_p.l(errno.o)
    0x08009818   0x08009818   0x00000174   Code   RO         1898    i._fp_digits        mc_p.l(printfa.o)
    0x0800998c   0x0800998c   0x0000000e   Code   RO         1994    i._is_digit         mc_p.l(scanf_fp.o)
    0x0800999a   0x0800999a   0x00000002   PAD
    0x0800999c   0x0800999c   0x000006ec   Code   RO         1899    i._printf_core      mc_p.l(printfa.o)
    0x0800a088   0x0800a088   0x00000020   Code   RO         1900    i._printf_post_padding  mc_p.l(printfa.o)
    0x0800a0a8   0x0800a0a8   0x0000002c   Code   RO         1901    i._printf_pre_padding  mc_p.l(printfa.o)
    0x0800a0d4   0x0800a0d4   0x0000000a   Code   RO         1903    i._sputc            mc_p.l(printfa.o)
    0x0800a0de   0x0800a0de   0x0000002c   Code   RO         1838    i.atof              m_ps.l(atof.o)
    0x0800a10a   0x0800a10a   0x00000081   Data   RO         1845    .constdata          mc_p.l(ctype_o.o)
    0x0800a18b   0x0800a18b   0x00000001   PAD
    0x0800a18c   0x0800a18c   0x00000004   Data   RO         1846    .constdata          mc_p.l(ctype_o.o)
    0x0800a190   0x0800a190   0x0000001a   Data   RO         1547    .rodata.Code7SegTab  led7.o
    0x0800a1aa   0x0800a1aa   0x00000002   PAD
    0x0800a1ac   0x0800a1ac   0x0000000c   Data   RO         1327    .rodata.DriverDebug  debug.o
    0x0800a1b8   0x0800a1b8   0x00000014   Data   RO         1309    .rodata.DriverUART  driveruart.o
    0x0800a1cc   0x0800a1cc   0x0000001a   Data   RO         1373    .rodata.WelcomeStr  initsystem.o
    0x0800a1e6   0x0800a1e6   0x000000ad   Data   RO           42    .rodata.str1.1      main.o
    0x0800a293   0x0800a293   0x000001f7   Data   RO         1262    .rodata.str1.1      esp32datalayer.o
    0x0800a48a   0x0800a48a   0x00000154   Data   RO         1329    .rodata.str1.1      debug.o
    0x0800a5de   0x0800a5de   0x00000096   Data   RO         1351    .rodata.str1.1      hardwaremanager.o
    0x0800a674   0x0800a674   0x000000c1   Data   RO         1374    .rodata.str1.1      initsystem.o
    0x0800a735   0x0800a735   0x000001c4   Data   RO         1406    .rodata.str1.1      button.o
    0x0800a8f9   0x0800a8f9   0x000006b2   Data   RO         1486    .rodata.str1.1      i2cfm.o
    0x0800afab   0x0800afab   0x00000051   Data   RO         1552    .rodata.str1.1      led7.o
    0x0800affc   0x0800affc   0x000001a8   Data   RO         1582    .rodata.str1.1      internalflash.o
    0x0800b1a4   0x0800b1a4   0x000000ed   Data   RO         1612    .rodata.str1.1      gps.o
    0x0800b291   0x0800b291   0x00000014   Data   RO         1717    .rodata.str1.1      segger_rtt.o
    0x0800b2a5   0x0800b2a5   0x00000051   Data   RO         1826    .rodata.str1.1      app_debug.o
    0x0800b2f6   0x0800b2f6   0x00000281   Data   RO         1484    .rodata.sys_clk     i2cfm.o
    0x0800b577   0x0800b577   0x00000001   PAD
    0x0800b578   0x0800b578   0x00000020   Data   RO         2007    Region$$Table       anon$$obj.o


    Execution Region RW_IRAM1 (Exec base: 0x20000000, Load base: 0x0800b598, Size: 0x000015e0, Max: 0x00002000, ABSOLUTE)

    Exec Addr    Load Addr    Size         Type   Attr      Idx    E Section Name        Object

    0x20000000   0x0800b598   0x00000004   Data   RW         1883    .data               mc_p.l(strtok.o)
    0x20000004   0x0800b59c   0x00000004   Data   RW         1970    .data               mc_p.l(errno.o)
    0x20000008   0x0800b5a0   0x00000001   Data   RW         1611    .data.GPSHasDataTimeout  gps.o
    0x20000009   0x0800b5a1   0x00000003   PAD
    0x2000000c   0x0800b5a4   0x00000004   Data   RW         1485    .data.KT0935Timeout  i2cfm.o
    0x20000010   0x0800b5a8   0x00000001   Data   RW         1556    .data.Led7_Tick.g   led7.o
    0x20000011   0x0800b5a9   0x00000003   PAD
    0x20000014   0x0800b5ac   0x00000004   Data   RW         1266    .data.ProcessNewBlackboxData.delay  esp32datalayer.o
    0x20000018   0x0800b5b0   0x00000004   Data   RW           91    .data.SystemCoreClock  system_gd32e23x.o
    0x2000001c   0x0800b5b4   0x00000001   Data   RW         1394    .data.keyDownState  button.o
    0x2000001d   0x0800b5b5   0x00000001   Data   RW         1395    .data.keyLeftState  button.o
    0x2000001e   0x0800b5b6   0x00000001   Data   RW         1396    .data.keyRightState  button.o
    0x2000001f   0x0800b5b7   0x00000001   Data   RW         1393    .data.keyUpState    button.o
    0x20000020   0x0800b5b8   0x00000004   Data   RW         1829    .data.lower_digits  app_debug.o
    0x20000024   0x0800b5bc   0x00000001   Data   RW         1825    .data.m_debug_level  app_debug.o
    0x20000025   0x0800b5bd   0x00000003   PAD
    0x20000028   0x0800b5c0   0x00000004   Data   RW         1830    .data.upper_digits  app_debug.o
    0x2000002c   0x0800b5c4   0x00000004   PAD
    0x20000030        -       0x00000004   Zero   RW         1401    .bss.ADCVolumeAvg   button.o
    0x20000034        -       0x00000404   Zero   RW         1263    .bss.BlackBoxBuffer  esp32datalayer.o
    0x20000438        -       0x00000002   Zero   RW         1502    .bss.Block_A        i2cfm.o
    0x2000043a        -       0x00000002   Zero   RW         1503    .bss.Block_B        i2cfm.o
    0x2000043c        -       0x00000002   Zero   RW         1504    .bss.Block_C        i2cfm.o
    0x2000043e        -       0x00000002   Zero   RW         1505    .bss.Block_D        i2cfm.o
    0x20000440        -       0x00000404   Zero   RW         1328    .bss.DebugBuffer    debug.o
    0x20000844        -       0x00000001   Zero   RW         1490    .bss.FM_Tick.errorTimeout  i2cfm.o
    0x20000845        -       0x00000001   Zero   RW         1487    .bss.FM_Tick.fmTick5s  i2cfm.o
    0x20000846        -       0x00000001   Zero   RW         1489    .bss.FM_Tick.lastRSSI  i2cfm.o
    0x20000847        -       0x00000001   Zero   RW         1488    .bss.FM_Tick.lastSNR  i2cfm.o
    0x20000848        -       0x00000001   Zero   RW         1615    .bss.GPSTimeout1000ms  gps.o
    0x20000849   0x0800b5c4   0x00000003   PAD
    0x2000084c        -       0x0000041c   Zero   RW         1610    .bss.GPS_Manager    gps.o
    0x20000c68        -       0x00000004   Zero   RW         1613    .bss.GPS_ManagerTick.counter  gps.o
    0x20000c6c        -       0x00000097   Zero   RW         1492    .bss.KT_Read_List   i2cfm.o
    0x20000d03        -       0x00000097   Zero   RW         1491    .bss.KT_Write_List  i2cfm.o
    0x20000d9a        -       0x00000001   Zero   RW         1562    .bss.LED7ScanIndex  led7.o
    0x20000d9b        -       0x00000005   Zero   RW         1549    .bss.LED7Seg        led7.o
    0x20000da0        -       0x00000001   Zero   RW         1554    .bss.Led7_DispLocalMode.blinkCount  led7.o
    0x20000da1        -       0x00000001   Zero   RW         1561    .bss.Led7_ScanSeg.periodNum  led7.o
    0x20000da2        -       0x00000001   Zero   RW         1557    .bss.Led7_Tick.b    led7.o
    0x20000da3   0x0800b5c4   0x00000001   PAD
    0x20000da4        -       0x00000004   Zero   RW         1559    .bss.Led7_Tick.count  led7.o
    0x20000da8        -       0x00000004   Zero   RW         1560    .bss.Led7_Tick.integer_count  led7.o
    0x20000dac        -       0x00000001   Zero   RW         1555    .bss.Led7_Tick.r    led7.o
    0x20000dad        -       0x00000001   Zero   RW         1558    .bss.Led7_Tick.tick1s  led7.o
    0x20000dae        -       0x00000002   Zero   RW         1501    .bss.RDS_Task.count_fail  i2cfm.o
    0x20000db0        -       0x00000002   Zero   RW         1500    .bss.RDS_Task.count_read_time  i2cfm.o
    0x20000db2        -       0x00000004   Zero   RW         1498    .bss.RDS_data       i2cfm.o
    0x20000db6        -       0x00000002   Zero   RW         1493    .bss.RDS_raw_data   i2cfm.o
    0x20000db8        -       0x00000001   Zero   RW         1614    .bss.SendConfigL76BStep  gps.o
    0x20000db9        -       0x0000000f   Zero   RW         1407    .bss.Setup          button.o
    0x20000dc8        -       0x00000004   Zero   RW           46    .bss.TimeOut1000ms  main.o
    0x20000dcc        -       0x00000004   Zero   RW           44    .bss.TimeOut100ms   main.o
    0x20000dd0        -       0x00000004   Zero   RW           43    .bss.TimeOut10ms    main.o
    0x20000dd4        -       0x00000004   Zero   RW           47    .bss.TimeOut3000ms  main.o
    0x20000dd8        -       0x00000004   Zero   RW           45    .bss.TimeOut500ms   main.o
    0x20000ddc        -       0x00000002   Zero   RW           40    .bss.TimingDelay    main.o
    0x20000dde        -       0x00000001   Zero   RW         1405    .bss.Volume_Tick.Timeout1000ms  button.o
    0x20000ddf        -       0x00000001   Zero   RW         1404    .bss.Volume_Tick.Timeout250ms  button.o
    0x20000de0        -       0x00000001   Zero   RW         1403    .bss.Volume_Tick.curVolumeLevel  button.o
    0x20000de1        -       0x00000001   Zero   RW         1402    .bss.Volume_Tick.oldVolumeLevel  button.o
    0x20000de2   0x0800b5c4   0x00000002   PAD
    0x20000de4        -       0x00000048   Zero   RW         1714    .bss._SEGGER_RTT    segger_rtt.o
    0x20000e2c        -       0x00000040   Zero   RW         1719    .bss._acDownBuffer  segger_rtt.o
    0x20000e6c        -       0x00000100   Zero   RW         1718    .bss._acUpBuffer    segger_rtt.o
    0x20000f6c        -       0x00000002   Zero   RW           41    .bss.adc_volume     main.o
    0x20000f6e        -       0x00000002   Zero   RW         1551    .bss.displayVolumeTimeout  led7.o
    0x20000f70        -       0x00000001   Zero   RW         1259    .bss.esp32RebootTimeout  esp32datalayer.o
    0x20000f71        -       0x00000001   Zero   RW         1258    .bss.esp32RxMessageTimeout  esp32datalayer.o
    0x20000f72        -       0x000000c8   Zero   RW         1261    .bss.espMessage     esp32datalayer.o
    0x2000103a   0x0800b5c4   0x00000002   PAD
    0x2000103c        -       0x00000004   Zero   RW         1260    .bss.esp_die_cnt    esp32datalayer.o
    0x20001040        -       0x00000001   Zero   RW         1550    .bss.isBlinkDisplay  led7.o
    0x20001041        -       0x00000004   Zero   RW         1494    .bss.isDataValid    i2cfm.o
    0x20001045        -       0x00000001   Zero   RW         1553    .bss.lastModeIndex  led7.o
    0x20001046   0x0800b5c4   0x00000002   PAD
    0x20001048        -       0x00000004   Zero   RW         1827    .bss.m_flush_cb     app_debug.o
    0x2000104c        -       0x00000004   Zero   RW         1822    .bss.m_get_ms       app_debug.o
    0x20001050        -       0x00000004   Zero   RW         1823    .bss.m_lock_cb      app_debug.o
    0x20001054        -       0x0000001c   Zero   RW         1307    .bss.m_ringbuff     driveruart.o
    0x20001070        -       0x00000004   Zero   RW           39    .bss.m_sys_tick     main.o
    0x20001074        -       0x00000100   Zero   RW         1308    .bss.m_tx_buffer    driveruart.o
    0x20001174        -       0x00000008   Zero   RW         1824    .bss.m_write_cb     app_debug.o
    0x2000117c        -       0x00000001   Zero   RW         1828    .bss.number_of_callback  app_debug.o
    0x2000117d   0x0800b5c4   0x00000001   PAD
    0x2000117e        -       0x00000002   Zero   RW         1495    .bss.rds_data_handle.CountReadOff  i2cfm.o
    0x20001180        -       0x00000002   Zero   RW         1496    .bss.rds_data_handle.CountReadOn  i2cfm.o
    0x20001182        -       0x00000002   Zero   RW         1497    .bss.rds_data_handle.pre_wrong_value  i2cfm.o
    0x20001184        -       0x00000002   Zero   RW         1408    .bss.setupModeTimeout  button.o
    0x20001186   0x0800b5c4   0x00000002   PAD
    0x20001188        -       0x00000054   Zero   RW         1375    .bss.xSystem        initsystem.o
    0x200011dc   0x0800b5c4   0x00000004   PAD
    0x200011e0        -       0x00000400   Zero   RW         1219    STACK               startup_gd32e23x.o


==============================================================================

Image component sizes


      Code (inc. data)   RO Data    RW Data    ZI Data      Debug   Object Name

      2570         44         81          9         21       7044   app_debug.o
        56          8          0          0          0       1184   app_wdt.o
        24          0          0          0          0       1190   board_hw.o
      1660        144        452          4         25       3507   button.o
       742         76        352          0       1028       2490   debug.o
      1444         36         20          0        284       5648   driveruart.o
      2896        256        503          4       1234       6893   esp32datalayer.o
      1116         44          0          0          0       7817   gd32e23x_adc.o
       422         24          0          0          0       6510   gd32e23x_fmc.o
       260         36          0          0          0       2548   gd32e23x_fwdgt.o
       596          0          0          0          0       4237   gd32e23x_gpio.o
       878         24          0          0          0       8736   gd32e23x_i2c.o
        28          0          0          0          0        679   gd32e23x_it.o
       272         20          0          0          0       3901   gd32e23x_misc.o
      1220         48          0          0          0      11374   gd32e23x_rcu.o
       634         52          0          0          0      17089   gd32e23x_timer.o
       772         24          0          0          0      14245   gd32e23x_usart.o
       872         88        237          1       1058       4645   gps.o
      2190         36          0          0          0       3724   gpsutils.o
       264         40        150          0          0       2433   hardwaremanager.o
      7204        484       2355          4        334      12732   i2cfm.o
       548         84        219          0         84       4449   initsystem.o
      1006        112        424          0          0       2789   internalflash.o
      2628        148        107          1         23       7236   led7.o
      1040         16          0          0          0       5126   lwrb.o
       818        132        173          0         28       2261   main.o
       838         28         20          0        392      13926   segger_rtt.o
        28          8        204          0       1024        680   startup_gd32e23x.o
       404         56          0          4          0       1826   system_gd32e23x.o
       264         16          0          0          0       2884   systick.o
      1268         12          0          0          0       2976   utilities.o

    ----------------------------------------------------------------------
     35000       2096       5332         36       5556     172779   Object Totals
         0          0         32          0          0          0   (incl. Generated)
        38          0          3          9         21          0   (incl. Padding)

    ----------------------------------------------------------------------

      Code (inc. data)   RO Data    RW Data    ZI Data      Debug   Library Member Name

        44          0          0          0          0         76   atof.o
        68          0          0          0          0         76   _sgetc.o
         8          4        133          0          0         60   ctype_o.o
         0          0          0          0          0          0   entry.o
         0          0          0          0          0          0   entry10a.o
         0          0          0          0          0          0   entry11a.o
         8          4          0          0          0          0   entry2.o
         4          0          0          0          0          0   entry5.o
         0          0          0          0          0          0   entry7b.o
         0          0          0          0          0          0   entry8b.o
         8          4          0          0          0          0   entry9a.o
        24         12          0          4          0        120   errno.o
        30          0          0          0          0          0   handlers.o
        36          8          0          0          0         68   init.o
        18          0          0          0          0         68   isspace_o.o
         0          0          0          0          0          0   iusefp.o
       122          0          0          0          0         84   llmul.o
        32          0          0          0          0         68   llshl.o
        38          0          0          0          0         68   llsshr.o
        34          0          0          0          0         68   llushr.o
        36          0          0          0          0         60   memcpya.o
        36          0          0          0          0        100   memseta.o
      2270         94          0          0          0        472   printfa.o
       898         14          0          0          0        184   scanf_fp.o
        18          0          0          0          0         60   strcpy.o
        14          0          0          0          0         60   strlen.o
        40          0          0          0          0         72   strstr.o
       180         18          0          0          0        120   strtod.o
        72          4          0          4          0         72   strtok.o
        44          0          0          0          0         72   uidiv.o
        96          0          0          0          0         84   uldiv.o
        40          2          0          0          0         68   cdrcmple.o
        56          0          0          0          0         68   d2f.o
       356          4          0          0          0        140   dadd.o
       240          6          0          0          0         84   ddiv.o
       236          0          0          0          0        216   depilogue.o
        72         10          0          0          0         72   dfixi.o
        64         10          0          0          0         68   dfixul.o
        40          6          0          0          0         68   dflti.o
        28          6          0          0          0         68   dfltul.o
       208          6          0          0          0         88   dmul.o
        40          0          0          0          0         60   f2d.o
       178          0          0          0          0        108   fadd.o
       130          0          0          0          0        144   fepilogue.o
        22          0          0          0          0         68   fflti.o
       122          0          0          0          0         72   fmul.o

    ----------------------------------------------------------------------
      6022        212        134          8          0       3504   Library Totals
        12          0          1          0          0          0   (incl. Padding)

    ----------------------------------------------------------------------

      Code (inc. data)   RO Data    RW Data    ZI Data      Debug   Library Name

        44          0          0          0          0         76   m_ps.l
      4134        162        133          8          0       2036   mc_p.l
      1832         50          0          0          0       1392   mf_p.l

    ----------------------------------------------------------------------
      6022        212        134          8          0       3504   Library Totals

    ----------------------------------------------------------------------

==============================================================================


      Code (inc. data)   RO Data    RW Data    ZI Data      Debug   

     41022       2308       5466         44       5556     174203   Grand Totals
     41022       2308       5466         44       5556     174203   ELF Image Totals
     41022       2308       5466         44          0          0   ROM Totals

==============================================================================

    Total RO  Size (Code + RO Data)                46488 (  45.40kB)
    Total RW  Size (RW Data + ZI Data)              5600 (   5.47kB)
    Total ROM Size (Code + RO Data + RW Data)      46532 (  45.44kB)

==============================================================================

