Component: ARM Compiler 6.14 Tool: armlink [5db06800]

==============================================================================

Section Cross References

    gd32e23x_it.o(.ARM.exidx.text.NMI_Handler) refers to gd32e23x_it.o(.text.NMI_Handler) for [Anonymous Symbol]
    gd32e23x_it.o(.text.HardFault_Handler) refers to board_hw.o(.text.board_hw_reset) for board_hw_reset
    gd32e23x_it.o(.ARM.exidx.text.HardFault_Handler) refers to gd32e23x_it.o(.text.HardFault_Handler) for [Anonymous Symbol]
    gd32e23x_it.o(.ARM.exidx.text.SVC_Handler) refers to gd32e23x_it.o(.text.SVC_Handler) for [Anonymous Symbol]
    gd32e23x_it.o(.ARM.exidx.text.PendSV_Handler) refers to gd32e23x_it.o(.text.PendSV_Handler) for [Anonymous Symbol]
    gd32e23x_it.o(.text.SysTick_Handler) refers to main.o(.text.SystemManagementTask) for SystemManagementTask
    gd32e23x_it.o(.text.SysTick_Handler) refers to main.o(.text.Delay_Decrement) for Delay_Decrement
    gd32e23x_it.o(.ARM.exidx.text.SysTick_Handler) refers to gd32e23x_it.o(.text.SysTick_Handler) for [Anonymous Symbol]
    main.o(.text.main) refers to app_wdt.o(.text.app_wdt_start) for app_wdt_start
    main.o(.text.main) refers to systick.o(.text.systick_config) for systick_config
    main.o(.text.main) refers to app_debug.o(.text.app_debug_init) for app_debug_init
    main.o(.text.main) refers to app_debug.o(.text.app_debug_register_callback_print) for app_debug_register_callback_print
    main.o(.text.main) refers to initsystem.o(.text.InitSystem) for InitSystem
    main.o(.text.main) refers to app_debug.o(.text.app_debug_get_ms) for app_debug_get_ms
    main.o(.text.main) refers to app_debug.o(.text.app_debug_print_raw) for app_debug_print_raw
    main.o(.text.main) refers to main.o(.text.ProcessTimeout10ms) for ProcessTimeout10ms
    main.o(.text.main) refers to main.o(.text.ProcessTimeout100ms) for ProcessTimeout100ms
    main.o(.text.main) refers to gps.o(.text.GPS_ManagerTick) for GPS_ManagerTick
    main.o(.text.main) refers to main.o(.text.ProcessTimeout500ms) for ProcessTimeout500ms
    main.o(.text.main) refers to main.o(.text.ProcessTimeout1000ms) for ProcessTimeout1000ms
    main.o(.text.main) refers to gd32e23x_gpio.o(.text.gpio_bit_set) for gpio_bit_set
    main.o(.text.main) refers to i2cfm.o(.text.RDS_Task) for RDS_Task
    main.o(.text.main) refers to main.o(.text.sys_get_ms) for sys_get_ms
    main.o(.text.main) refers to main.o(.text.rtt_debug_output) for rtt_debug_output
    main.o(.text.main) refers to main.o(.rodata.str1.1) for .L.str
    main.o(.text.main) refers to main.o(.bss.TimeOut10ms) for [Anonymous Symbol]
    main.o(.text.main) refers to main.o(.bss.TimeOut100ms) for [Anonymous Symbol]
    main.o(.text.main) refers to main.o(.bss.TimeOut500ms) for [Anonymous Symbol]
    main.o(.text.main) refers to main.o(.bss.TimeOut1000ms) for [Anonymous Symbol]
    main.o(.text.main) refers to main.o(.bss.TimeOut3000ms) for [Anonymous Symbol]
    main.o(.ARM.exidx.text.main) refers to main.o(.text.main) for [Anonymous Symbol]
    main.o(.text.sys_get_ms) refers to main.o(.bss.m_sys_tick) for m_sys_tick
    main.o(.ARM.exidx.text.sys_get_ms) refers to main.o(.text.sys_get_ms) for [Anonymous Symbol]
    main.o(.text.rtt_debug_output) refers to segger_rtt.o(.text.SEGGER_RTT_Write) for SEGGER_RTT_Write
    main.o(.ARM.exidx.text.rtt_debug_output) refers to main.o(.text.rtt_debug_output) for [Anonymous Symbol]
    main.o(.text.ProcessTimeout10ms) refers to esp32datalayer.o(.text.ESP32_UART_Tick) for ESP32_UART_Tick
    main.o(.text.ProcessTimeout10ms) refers to gd32e23x_adc.o(.text.adc_flag_get) for adc_flag_get
    main.o(.text.ProcessTimeout10ms) refers to gd32e23x_adc.o(.text.adc_flag_clear) for adc_flag_clear
    main.o(.text.ProcessTimeout10ms) refers to gd32e23x_adc.o(.text.adc_software_trigger_enable) for adc_software_trigger_enable
    main.o(.text.ProcessTimeout10ms) refers to button.o(.text.Volume_Tick) for Volume_Tick
    main.o(.text.ProcessTimeout10ms) refers to app_debug.o(.text.app_debug_get_ms) for app_debug_get_ms
    main.o(.text.ProcessTimeout10ms) refers to app_debug.o(.text.app_debug_print_raw) for app_debug_print_raw
    main.o(.text.ProcessTimeout10ms) refers to initsystem.o(.bss.xSystem) for xSystem
    main.o(.text.ProcessTimeout10ms) refers to main.o(.bss.adc_volume) for adc_volume
    main.o(.text.ProcessTimeout10ms) refers to main.o(.rodata.str1.1) for .L.str.5
    main.o(.ARM.exidx.text.ProcessTimeout10ms) refers to main.o(.text.ProcessTimeout10ms) for [Anonymous Symbol]
    main.o(.text.ProcessTimeout100ms) refers to hardwaremanager.o(.text.Hardware_XoaCoLoi) for Hardware_XoaCoLoi
    main.o(.text.ProcessTimeout100ms) refers to app_wdt.o(.text.app_wdt_feed) for app_wdt_feed
    main.o(.text.ProcessTimeout100ms) refers to button.o(.text.Button_Tick) for Button_Tick
    main.o(.text.ProcessTimeout100ms) refers to app_debug.o(.text.app_debug_get_ms) for app_debug_get_ms
[...]
    dfixul.o(.text) refers to llshl.o(.text) for __aeabi_llsl
    cdrcmple.o(.text) refers (Special) to iusefp.o(.text) for __I$use$fp
    init.o(.text) refers to entry5.o(.ARM.Collect$$$$00000004) for __main_after_scatterload
    isspace_c.o(.text) refers to ctype_c.o(.text) for __ctype_lookup
    scanf_fp.o(.text) refers (Special) to iusefp.o(.text) for __I$use$fp
    scanf_fp.o(.text) refers to llmul.o(.text) for __aeabi_lmul
    scanf_fp.o(.text) refers to dfltul.o(.text) for __aeabi_ul2d
    scanf_fp.o(.text) refers to dmul.o(.text) for __aeabi_dmul
    scanf_fp.o(.text) refers to ddiv.o(.text) for __aeabi_ddiv
    scanf_fp.o(.text) refers to scanf_fp.o(i._is_digit) for _is_digit
    scanf_fp.o(.text) refers to d2f.o(.text) for __aeabi_d2f
    llmul.o(.text) refers to llshl.o(.text) for __aeabi_llsl
    ctype_c.o(.text) refers to ctype_c.o(.constdata) for .constdata
    dfltul.o(.text) refers (Special) to iusefp.o(.text) for __I$use$fp
    dfltul.o(.text) refers to depilogue.o(.text) for _double_epilogue
    depilogue.o(i.__ARM_clz) refers (Special) to iusefp.o(.text) for __I$use$fp
    scanf_fp.o(i._is_digit) refers (Special) to iusefp.o(.text) for __I$use$fp


==============================================================================

Removing Unused input sections from the image.

    Removing gd32e23x_it.o(.text), (0 bytes).
    Removing gd32e23x_it.o(.ARM.exidx.text.NMI_Handler), (8 bytes).
    Removing gd32e23x_it.o(.ARM.exidx.text.HardFault_Handler), (8 bytes).
    Removing gd32e23x_it.o(.ARM.exidx.text.SVC_Handler), (8 bytes).
    Removing gd32e23x_it.o(.ARM.exidx.text.PendSV_Handler), (8 bytes).
    Removing gd32e23x_it.o(.ARM.exidx.text.SysTick_Handler), (8 bytes).
    Removing main.o(.text), (0 bytes).
    Removing main.o(.ARM.exidx.text.main), (8 bytes).
    Removing main.o(.ARM.exidx.text.sys_get_ms), (8 bytes).
    Removing main.o(.ARM.exidx.text.rtt_debug_output), (8 bytes).
    Removing main.o(.ARM.exidx.text.ProcessTimeout10ms), (8 bytes).
    Removing main.o(.ARM.exidx.text.ProcessTimeout100ms), (8 bytes).
    Removing main.o(.ARM.exidx.text.ProcessTimeout500ms), (8 bytes).
    Removing main.o(.ARM.exidx.text.ProcessTimeout1000ms), (8 bytes).
    Removing main.o(.ARM.exidx.text.SystemManagementTask), (8 bytes).
    Removing main.o(.ARM.exidx.text.Delay_Decrement), (8 bytes).
    Removing main.o(.ARM.exidx.text.Delayms), (8 bytes).
    Removing systick.o(.text), (0 bytes).
    Removing systick.o(.ARM.exidx.text.systick_config), (8 bytes).
    Removing systick.o(.ARM.exidx.text.SysTick_Config), (8 bytes).
    Removing systick.o(.ARM.exidx.text.__NVIC_SetPriority), (8 bytes).
    Removing systick.o(.text.delay_1ms), (8 bytes).
    Removing systick.o(.ARM.exidx.text.delay_1ms), (8 bytes).
    Removing systick.o(.text.delay_decrement), (2 bytes).
    Removing systick.o(.ARM.exidx.text.delay_decrement), (8 bytes).
    Removing app_wdt.o(.text), (0 bytes).
    Removing app_wdt.o(.ARM.exidx.text.app_wdt_start), (8 bytes).
    Removing app_wdt.o(.ARM.exidx.text.app_wdt_feed), (8 bytes).
    Removing system_gd32e23x.o(.text), (0 bytes).
    Removing system_gd32e23x.o(.ARM.exidx.text.SystemInit), (8 bytes).
    Removing system_gd32e23x.o(.ARM.exidx.text.system_clock_config), (8 bytes).
    Removing system_gd32e23x.o(.text.SystemCoreClockUpdate), (284 bytes).
    Removing system_gd32e23x.o(.ARM.exidx.text.SystemCoreClockUpdate), (8 bytes).
    Removing system_gd32e23x.o(.ARM.exidx.text.system_clock_72m_irc8m), (8 bytes).
    Removing system_gd32e23x.o(.rodata.cst16), (16 bytes).
    Removing gd32e23x_adc.o(.text), (0 bytes).
    Removing gd32e23x_adc.o(.text.adc_deinit), (28 bytes).
    Removing gd32e23x_adc.o(.ARM.exidx.text.adc_deinit), (8 bytes).
    Removing gd32e23x_adc.o(.ARM.exidx.text.adc_enable), (8 bytes).
    Removing gd32e23x_adc.o(.text.adc_disable), (16 bytes).
    Removing gd32e23x_adc.o(.ARM.exidx.text.adc_disable), (8 bytes).
    Removing gd32e23x_adc.o(.ARM.exidx.text.adc_calibration_enable), (8 bytes).
    Removing gd32e23x_adc.o(.text.adc_dma_mode_enable), (20 bytes).
    Removing gd32e23x_adc.o(.ARM.exidx.text.adc_dma_mode_enable), (8 bytes).
    Removing gd32e23x_adc.o(.text.adc_dma_mode_disable), (20 bytes).
    Removing gd32e23x_adc.o(.ARM.exidx.text.adc_dma_mode_disable), (8 bytes).
    Removing gd32e23x_adc.o(.text.adc_tempsensor_vrefint_enable), (20 bytes).
    Removing gd32e23x_adc.o(.ARM.exidx.text.adc_tempsensor_vrefint_enable), (8 bytes).
    Removing gd32e23x_adc.o(.text.adc_tempsensor_vrefint_disable), (20 bytes).
    Removing gd32e23x_adc.o(.ARM.exidx.text.adc_tempsensor_vrefint_disable), (8 bytes).
    Removing gd32e23x_adc.o(.text.adc_discontinuous_mode_config), (124 bytes).
    Removing gd32e23x_adc.o(.ARM.exidx.text.adc_discontinuous_mode_config), (8 bytes).
    Removing gd32e23x_adc.o(.ARM.exidx.text.adc_special_function_config), (8 bytes).
    Removing gd32e23x_adc.o(.ARM.exidx.text.adc_data_alignment_config), (8 bytes).
    Removing gd32e23x_adc.o(.ARM.exidx.text.adc_channel_length_config), (8 bytes).
    Removing gd32e23x_adc.o(.ARM.exidx.text.adc_regular_channel_config), (8 bytes).
    Removing gd32e23x_adc.o(.text.adc_inserted_channel_config), (228 bytes).
    Removing gd32e23x_adc.o(.ARM.exidx.text.adc_inserted_channel_config), (8 bytes).
    Removing gd32e23x_adc.o(.text.adc_inserted_channel_offset_config), (92 bytes).
    Removing gd32e23x_adc.o(.ARM.exidx.text.adc_inserted_channel_offset_config), (8 bytes).
    Removing gd32e23x_adc.o(.ARM.exidx.text.adc_external_trigger_config), (8 bytes).
    Removing gd32e23x_adc.o(.ARM.exidx.text.adc_external_trigger_source_config), (8 bytes).
    Removing gd32e23x_adc.o(.ARM.exidx.text.adc_software_trigger_enable), (8 bytes).
    Removing gd32e23x_adc.o(.text.adc_regular_data_read), (12 bytes).
    Removing gd32e23x_adc.o(.ARM.exidx.text.adc_regular_data_read), (8 bytes).
    Removing gd32e23x_adc.o(.text.adc_inserted_data_read), (108 bytes).
    Removing gd32e23x_adc.o(.ARM.exidx.text.adc_inserted_data_read), (8 bytes).
    Removing gd32e23x_adc.o(.ARM.exidx.text.adc_flag_get), (8 bytes).
    Removing gd32e23x_adc.o(.ARM.exidx.text.adc_flag_clear), (8 bytes).
    Removing gd32e23x_adc.o(.text.adc_interrupt_flag_get), (176 bytes).
    Removing gd32e23x_adc.o(.ARM.exidx.text.adc_interrupt_flag_get), (8 bytes).
    Removing gd32e23x_adc.o(.text.adc_interrupt_flag_clear), (24 bytes).
    Removing gd32e23x_adc.o(.ARM.exidx.text.adc_interrupt_flag_clear), (8 bytes).
    Removing gd32e23x_adc.o(.text.adc_interrupt_enable), (84 bytes).
    Removing gd32e23x_adc.o(.ARM.exidx.text.adc_interrupt_enable), (8 bytes).
    Removing gd32e23x_adc.o(.text.adc_interrupt_disable), (84 bytes).
    Removing gd32e23x_adc.o(.ARM.exidx.text.adc_interrupt_disable), (8 bytes).
    Removing gd32e23x_adc.o(.text.adc_watchdog_single_channel_enable), (52 bytes).
    Removing gd32e23x_adc.o(.ARM.exidx.text.adc_watchdog_single_channel_enable), (8 bytes).
    Removing gd32e23x_adc.o(.text.adc_watchdog_group_channel_enable), (104 bytes).
    Removing gd32e23x_adc.o(.ARM.exidx.text.adc_watchdog_group_channel_enable), (8 bytes).
    Removing gd32e23x_adc.o(.text.adc_watchdog_disable), (20 bytes).
    Removing gd32e23x_adc.o(.ARM.exidx.text.adc_watchdog_disable), (8 bytes).
    Removing gd32e23x_adc.o(.text.adc_watchdog_threshold_config), (52 bytes).
    Removing gd32e23x_adc.o(.ARM.exidx.text.adc_watchdog_threshold_config), (8 bytes).
    Removing gd32e23x_adc.o(.text.adc_resolution_config), (32 bytes).
    Removing gd32e23x_adc.o(.ARM.exidx.text.adc_resolution_config), (8 bytes).
    Removing gd32e23x_adc.o(.text.adc_oversample_mode_config), (96 bytes).
    Removing gd32e23x_adc.o(.ARM.exidx.text.adc_oversample_mode_config), (8 bytes).
    Removing gd32e23x_adc.o(.text.adc_oversample_mode_enable), (16 bytes).
    Removing gd32e23x_adc.o(.ARM.exidx.text.adc_oversample_mode_enable), (8 bytes).
    Removing gd32e23x_adc.o(.text.adc_oversample_mode_disable), (16 bytes).
    Removing gd32e23x_adc.o(.ARM.exidx.text.adc_oversample_mode_disable), (8 bytes).
    Removing gd32e23x_cmp.o(.text), (0 bytes).
    Removing gd32e23x_cmp.o(.text.cmp_deinit), (12 bytes).
    Removing gd32e23x_cmp.o(.ARM.exidx.text.cmp_deinit), (8 bytes).
    Removing gd32e23x_cmp.o(.text.cmp_mode_init), (60 bytes).
    Removing gd32e23x_cmp.o(.ARM.exidx.text.cmp_mode_init), (8 bytes).
    Removing gd32e23x_cmp.o(.text.cmp_output_init), (68 bytes).
    Removing gd32e23x_cmp.o(.ARM.exidx.text.cmp_output_init), (8 bytes).
    Removing gd32e23x_cmp.o(.text.cmp_enable), (16 bytes).
    Removing gd32e23x_cmp.o(.ARM.exidx.text.cmp_enable), (8 bytes).
    Removing gd32e23x_cmp.o(.text.cmp_disable), (16 bytes).
    Removing gd32e23x_cmp.o(.ARM.exidx.text.cmp_disable), (8 bytes).
    Removing gd32e23x_cmp.o(.text.cmp_switch_enable), (16 bytes).
    Removing gd32e23x_cmp.o(.ARM.exidx.text.cmp_switch_enable), (8 bytes).
    Removing gd32e23x_cmp.o(.text.cmp_switch_disable), (16 bytes).
    Removing gd32e23x_cmp.o(.ARM.exidx.text.cmp_switch_disable), (8 bytes).
    Removing gd32e23x_cmp.o(.text.cmp_output_level_get), (36 bytes).
    Removing gd32e23x_cmp.o(.ARM.exidx.text.cmp_output_level_get), (8 bytes).
    Removing gd32e23x_cmp.o(.text.cmp_lock_enable), (20 bytes).
    Removing gd32e23x_cmp.o(.ARM.exidx.text.cmp_lock_enable), (8 bytes).
    Removing gd32e23x_crc.o(.text), (0 bytes).
    Removing gd32e23x_crc.o(.text.crc_deinit), (56 bytes).
    Removing gd32e23x_crc.o(.ARM.exidx.text.crc_deinit), (8 bytes).
    Removing gd32e23x_crc.o(.text.crc_reverse_output_data_enable), (24 bytes).
    Removing gd32e23x_crc.o(.ARM.exidx.text.crc_reverse_output_data_enable), (8 bytes).
    Removing gd32e23x_crc.o(.text.crc_reverse_output_data_disable), (16 bytes).
    Removing gd32e23x_crc.o(.ARM.exidx.text.crc_reverse_output_data_disable), (8 bytes).
    Removing gd32e23x_crc.o(.text.crc_data_register_reset), (16 bytes).
    Removing gd32e23x_crc.o(.ARM.exidx.text.crc_data_register_reset), (8 bytes).
    Removing gd32e23x_crc.o(.text.crc_data_register_read), (20 bytes).
    Removing gd32e23x_crc.o(.ARM.exidx.text.crc_data_register_read), (8 bytes).
    Removing gd32e23x_crc.o(.text.crc_free_data_register_read), (20 bytes).
    Removing gd32e23x_crc.o(.ARM.exidx.text.crc_free_data_register_read), (8 bytes).
    Removing gd32e23x_crc.o(.text.crc_free_data_register_write), (24 bytes).
    Removing gd32e23x_crc.o(.ARM.exidx.text.crc_free_data_register_write), (8 bytes).
    Removing gd32e23x_crc.o(.text.crc_init_data_register_write), (20 bytes).
    Removing gd32e23x_crc.o(.ARM.exidx.text.crc_init_data_register_write), (8 bytes).
    Removing gd32e23x_crc.o(.text.crc_input_data_reverse_config), (32 bytes).
    Removing gd32e23x_crc.o(.ARM.exidx.text.crc_input_data_reverse_config), (8 bytes).
    Removing gd32e23x_crc.o(.text.crc_polynomial_size_set), (32 bytes).
    Removing gd32e23x_crc.o(.ARM.exidx.text.crc_polynomial_size_set), (8 bytes).
    Removing gd32e23x_crc.o(.text.crc_polynomial_set), (24 bytes).
    Removing gd32e23x_crc.o(.ARM.exidx.text.crc_polynomial_set), (8 bytes).
    Removing gd32e23x_crc.o(.text.crc_single_data_calculate), (20 bytes).
    Removing gd32e23x_crc.o(.ARM.exidx.text.crc_single_data_calculate), (8 bytes).
    Removing gd32e23x_crc.o(.text.crc_block_data_calculate), (56 bytes).
    Removing gd32e23x_crc.o(.ARM.exidx.text.crc_block_data_calculate), (8 bytes).
    Removing gd32e23x_dbg.o(.text), (0 bytes).
    Removing gd32e23x_dbg.o(.text.dbg_deinit), (20 bytes).
    Removing gd32e23x_dbg.o(.ARM.exidx.text.dbg_deinit), (8 bytes).
    Removing gd32e23x_dbg.o(.text.dbg_id_get), (12 bytes).
    Removing gd32e23x_dbg.o(.ARM.exidx.text.dbg_id_get), (8 bytes).
    Removing gd32e23x_dbg.o(.text.dbg_low_power_enable), (24 bytes).
    Removing gd32e23x_dbg.o(.ARM.exidx.text.dbg_low_power_enable), (8 bytes).
    Removing gd32e23x_dbg.o(.text.dbg_low_power_disable), (24 bytes).
    Removing gd32e23x_dbg.o(.ARM.exidx.text.dbg_low_power_disable), (8 bytes).
    Removing gd32e23x_dbg.o(.text.dbg_periph_enable), (40 bytes).
    Removing gd32e23x_dbg.o(.ARM.exidx.text.dbg_periph_enable), (8 bytes).
    Removing gd32e23x_dbg.o(.text.dbg_periph_disable), (40 bytes).
    Removing gd32e23x_dbg.o(.ARM.exidx.text.dbg_periph_disable), (8 bytes).
    Removing gd32e23x_dma.o(.text), (0 bytes).
    Removing gd32e23x_dma.o(.text.dma_deinit), (108 bytes).
    Removing gd32e23x_dma.o(.ARM.exidx.text.dma_deinit), (8 bytes).
    Removing gd32e23x_dma.o(.text.dma_struct_para_init), (46 bytes).
    Removing gd32e23x_dma.o(.ARM.exidx.text.dma_struct_para_init), (8 bytes).
    Removing gd32e23x_dma.o(.text.dma_init), (288 bytes).
    Removing gd32e23x_dma.o(.ARM.exidx.text.dma_init), (8 bytes).
    Removing gd32e23x_dma.o(.text.dma_channel_disable), (36 bytes).
    Removing gd32e23x_dma.o(.ARM.exidx.text.dma_channel_disable), (8 bytes).
    Removing gd32e23x_dma.o(.text.dma_circulation_enable), (36 bytes).
    Removing gd32e23x_dma.o(.ARM.exidx.text.dma_circulation_enable), (8 bytes).
    Removing gd32e23x_dma.o(.text.dma_circulation_disable), (36 bytes).
    Removing gd32e23x_dma.o(.ARM.exidx.text.dma_circulation_disable), (8 bytes).
    Removing gd32e23x_dma.o(.text.dma_memory_to_memory_enable), (36 bytes).
    Removing gd32e23x_dma.o(.ARM.exidx.text.dma_memory_to_memory_enable), (8 bytes).
    Removing gd32e23x_dma.o(.text.dma_memory_to_memory_disable), (36 bytes).
    Removing gd32e23x_dma.o(.ARM.exidx.text.dma_memory_to_memory_disable), (8 bytes).
    Removing gd32e23x_dma.o(.text.dma_channel_enable), (36 bytes).
    Removing gd32e23x_dma.o(.ARM.exidx.text.dma_channel_enable), (8 bytes).
    Removing gd32e23x_dma.o(.text.dma_periph_address_config), (32 bytes).
    Removing gd32e23x_dma.o(.ARM.exidx.text.dma_periph_address_config), (8 bytes).
    Removing gd32e23x_dma.o(.text.dma_memory_address_config), (32 bytes).
    Removing gd32e23x_dma.o(.ARM.exidx.text.dma_memory_address_config), (8 bytes).
    Removing gd32e23x_dma.o(.text.dma_transfer_number_config), (32 bytes).
    Removing gd32e23x_dma.o(.ARM.exidx.text.dma_transfer_number_config), (8 bytes).
    Removing gd32e23x_dma.o(.text.dma_transfer_number_get), (28 bytes).
    Removing gd32e23x_dma.o(.ARM.exidx.text.dma_transfer_number_get), (8 bytes).
    Removing gd32e23x_dma.o(.text.dma_priority_config), (60 bytes).
    Removing gd32e23x_dma.o(.ARM.exidx.text.dma_priority_config), (8 bytes).
    Removing gd32e23x_dma.o(.text.dma_memory_width_config), (60 bytes).
    Removing gd32e23x_dma.o(.ARM.exidx.text.dma_memory_width_config), (8 bytes).
    Removing gd32e23x_dma.o(.text.dma_periph_width_config), (60 bytes).
    Removing gd32e23x_dma.o(.ARM.exidx.text.dma_periph_width_config), (8 bytes).
    Removing gd32e23x_dma.o(.text.dma_memory_increase_enable), (36 bytes).
    Removing gd32e23x_dma.o(.ARM.exidx.text.dma_memory_increase_enable), (8 bytes).
    Removing gd32e23x_dma.o(.text.dma_memory_increase_disable), (36 bytes).
    Removing gd32e23x_dma.o(.ARM.exidx.text.dma_memory_increase_disable), (8 bytes).
    Removing gd32e23x_dma.o(.text.dma_periph_increase_enable), (36 bytes).
    Removing gd32e23x_dma.o(.ARM.exidx.text.dma_periph_increase_enable), (8 bytes).
    Removing gd32e23x_dma.o(.text.dma_periph_increase_disable), (36 bytes).
    Removing gd32e23x_dma.o(.ARM.exidx.text.dma_periph_increase_disable), (8 bytes).
    Removing gd32e23x_dma.o(.text.dma_transfer_direction_config), (68 bytes).
    Removing gd32e23x_dma.o(.ARM.exidx.text.dma_transfer_direction_config), (8 bytes).
    Removing gd32e23x_dma.o(.text.dma_flag_get), (56 bytes).
    Removing gd32e23x_dma.o(.ARM.exidx.text.dma_flag_get), (8 bytes).
    Removing gd32e23x_dma.o(.text.dma_flag_clear), (36 bytes).
    Removing gd32e23x_dma.o(.ARM.exidx.text.dma_flag_clear), (8 bytes).
    Removing gd32e23x_dma.o(.text.dma_interrupt_flag_get), (200 bytes).
    Removing gd32e23x_dma.o(.ARM.exidx.text.dma_interrupt_flag_get), (8 bytes).
    Removing gd32e23x_dma.o(.text.dma_interrupt_flag_clear), (36 bytes).
    Removing gd32e23x_dma.o(.ARM.exidx.text.dma_interrupt_flag_clear), (8 bytes).
    Removing gd32e23x_dma.o(.text.dma_interrupt_enable), (36 bytes).
    Removing gd32e23x_dma.o(.ARM.exidx.text.dma_interrupt_enable), (8 bytes).
    Removing gd32e23x_dma.o(.text.dma_interrupt_disable), (36 bytes).
    Removing gd32e23x_dma.o(.ARM.exidx.text.dma_interrupt_disable), (8 bytes).
    Removing gd32e23x_exti.o(.text), (0 bytes).
    Removing gd32e23x_exti.o(.text.exti_deinit), (52 bytes).
    Removing gd32e23x_exti.o(.ARM.exidx.text.exti_deinit), (8 bytes).
    Removing gd32e23x_exti.o(.text.exti_init), (220 bytes).
    Removing gd32e23x_exti.o(.ARM.exidx.text.exti_init), (8 bytes).
    Removing gd32e23x_exti.o(.text.exti_interrupt_enable), (24 bytes).
    Removing gd32e23x_exti.o(.ARM.exidx.text.exti_interrupt_enable), (8 bytes).
    Removing gd32e23x_exti.o(.text.exti_event_enable), (24 bytes).
    Removing gd32e23x_exti.o(.ARM.exidx.text.exti_event_enable), (8 bytes).
    Removing gd32e23x_exti.o(.text.exti_interrupt_disable), (24 bytes).
    Removing gd32e23x_exti.o(.ARM.exidx.text.exti_interrupt_disable), (8 bytes).
    Removing gd32e23x_exti.o(.text.exti_event_disable), (24 bytes).
    Removing gd32e23x_exti.o(.ARM.exidx.text.exti_event_disable), (8 bytes).
    Removing gd32e23x_exti.o(.text.exti_flag_get), (44 bytes).
    Removing gd32e23x_exti.o(.ARM.exidx.text.exti_flag_get), (8 bytes).
    Removing gd32e23x_exti.o(.text.exti_flag_clear), (20 bytes).
    Removing gd32e23x_exti.o(.ARM.exidx.text.exti_flag_clear), (8 bytes).
    Removing gd32e23x_exti.o(.text.exti_interrupt_flag_get), (72 bytes).
    Removing gd32e23x_exti.o(.ARM.exidx.text.exti_interrupt_flag_get), (8 bytes).
    Removing gd32e23x_exti.o(.text.exti_interrupt_flag_clear), (20 bytes).
    Removing gd32e23x_exti.o(.ARM.exidx.text.exti_interrupt_flag_clear), (8 bytes).
    Removing gd32e23x_exti.o(.text.exti_software_interrupt_enable), (24 bytes).
    Removing gd32e23x_exti.o(.ARM.exidx.text.exti_software_interrupt_enable), (8 bytes).
    Removing gd32e23x_exti.o(.text.exti_software_interrupt_disable), (24 bytes).
    Removing gd32e23x_exti.o(.ARM.exidx.text.exti_software_interrupt_disable), (8 bytes).
    Removing gd32e23x_fmc.o(.text), (0 bytes).
    Removing gd32e23x_fmc.o(.ARM.exidx.text.fmc_unlock), (8 bytes).
    Removing gd32e23x_fmc.o(.ARM.exidx.text.fmc_lock), (8 bytes).
    Removing gd32e23x_fmc.o(.text.fmc_wscnt_set), (40 bytes).
    Removing gd32e23x_fmc.o(.ARM.exidx.text.fmc_wscnt_set), (8 bytes).
    Removing gd32e23x_fmc.o(.text.fmc_prefetch_enable), (16 bytes).
    Removing gd32e23x_fmc.o(.ARM.exidx.text.fmc_prefetch_enable), (8 bytes).
    Removing gd32e23x_fmc.o(.text.fmc_prefetch_disable), (16 bytes).
    Removing gd32e23x_fmc.o(.ARM.exidx.text.fmc_prefetch_disable), (8 bytes).
    Removing gd32e23x_fmc.o(.ARM.exidx.text.fmc_page_erase), (8 bytes).
    Removing gd32e23x_fmc.o(.ARM.exidx.text.fmc_ready_wait), (8 bytes).
    Removing gd32e23x_fmc.o(.text.fmc_mass_erase), (84 bytes).
    Removing gd32e23x_fmc.o(.ARM.exidx.text.fmc_mass_erase), (8 bytes).
    Removing gd32e23x_fmc.o(.text.fmc_doubleword_program), (140 bytes).
    Removing gd32e23x_fmc.o(.ARM.exidx.text.fmc_doubleword_program), (8 bytes).
    Removing gd32e23x_fmc.o(.ARM.exidx.text.fmc_word_program), (8 bytes).
    Removing gd32e23x_fmc.o(.text.ob_unlock), (60 bytes).
    Removing gd32e23x_fmc.o(.ARM.exidx.text.ob_unlock), (8 bytes).
    Removing gd32e23x_fmc.o(.text.ob_lock), (20 bytes).
    Removing gd32e23x_fmc.o(.ARM.exidx.text.ob_lock), (8 bytes).
    Removing gd32e23x_fmc.o(.text.ob_reset), (20 bytes).
    Removing gd32e23x_fmc.o(.ARM.exidx.text.ob_reset), (8 bytes).
    Removing gd32e23x_fmc.o(.text.option_byte_value_get), (12 bytes).
    Removing gd32e23x_fmc.o(.ARM.exidx.text.option_byte_value_get), (8 bytes).
    Removing gd32e23x_fmc.o(.text.ob_erase), (244 bytes).
    Removing gd32e23x_fmc.o(.ARM.exidx.text.ob_erase), (8 bytes).
    Removing gd32e23x_fmc.o(.text.ob_obstat_plevel_get), (16 bytes).
    Removing gd32e23x_fmc.o(.ARM.exidx.text.ob_obstat_plevel_get), (8 bytes).
    Removing gd32e23x_fmc.o(.text.ob_write_protection_enable), (152 bytes).
    Removing gd32e23x_fmc.o(.ARM.exidx.text.ob_write_protection_enable), (8 bytes).
    Removing gd32e23x_fmc.o(.text.ob_security_protection_config), (216 bytes).
    Removing gd32e23x_fmc.o(.ARM.exidx.text.ob_security_protection_config), (8 bytes).
    Removing gd32e23x_fmc.o(.text.ob_user_write), (204 bytes).
    Removing gd32e23x_fmc.o(.ARM.exidx.text.ob_user_write), (8 bytes).
    Removing gd32e23x_fmc.o(.text.ob_data_program), (132 bytes).
    Removing gd32e23x_fmc.o(.ARM.exidx.text.ob_data_program), (8 bytes).
    Removing gd32e23x_fmc.o(.text.ob_user_get), (16 bytes).
    Removing gd32e23x_fmc.o(.ARM.exidx.text.ob_user_get), (8 bytes).
    Removing gd32e23x_fmc.o(.text.ob_data_get), (12 bytes).
    Removing gd32e23x_fmc.o(.ARM.exidx.text.ob_data_get), (8 bytes).
    Removing gd32e23x_fmc.o(.text.ob_write_protection_get), (12 bytes).
    Removing gd32e23x_fmc.o(.ARM.exidx.text.ob_write_protection_get), (8 bytes).
    Removing gd32e23x_fmc.o(.text.fmc_interrupt_enable), (24 bytes).
    Removing gd32e23x_fmc.o(.ARM.exidx.text.fmc_interrupt_enable), (8 bytes).
    Removing gd32e23x_fmc.o(.text.fmc_interrupt_disable), (24 bytes).
    Removing gd32e23x_fmc.o(.ARM.exidx.text.fmc_interrupt_disable), (8 bytes).
    Removing gd32e23x_fmc.o(.text.fmc_flag_get), (44 bytes).
    Removing gd32e23x_fmc.o(.ARM.exidx.text.fmc_flag_get), (8 bytes).
    Removing gd32e23x_fmc.o(.ARM.exidx.text.fmc_flag_clear), (8 bytes).
    Removing gd32e23x_fmc.o(.text.fmc_interrupt_flag_get), (144 bytes).
    Removing gd32e23x_fmc.o(.ARM.exidx.text.fmc_interrupt_flag_get), (8 bytes).
    Removing gd32e23x_fmc.o(.text.fmc_interrupt_flag_clear), (20 bytes).
    Removing gd32e23x_fmc.o(.ARM.exidx.text.fmc_interrupt_flag_clear), (8 bytes).
    Removing gd32e23x_fmc.o(.ARM.exidx.text.fmc_state_get), (8 bytes).
    Removing gd32e23x_fwdgt.o(.text), (0 bytes).
    Removing gd32e23x_fwdgt.o(.text.fwdgt_write_enable), (16 bytes).
    Removing gd32e23x_fwdgt.o(.ARM.exidx.text.fwdgt_write_enable), (8 bytes).
    Removing gd32e23x_fwdgt.o(.text.fwdgt_write_disable), (12 bytes).
    Removing gd32e23x_fwdgt.o(.ARM.exidx.text.fwdgt_write_disable), (8 bytes).
    Removing gd32e23x_fwdgt.o(.ARM.exidx.text.fwdgt_enable), (8 bytes).
    Removing gd32e23x_fwdgt.o(.text.fwdgt_prescaler_value_config), (132 bytes).
    Removing gd32e23x_fwdgt.o(.ARM.exidx.text.fwdgt_prescaler_value_config), (8 bytes).
    Removing gd32e23x_fwdgt.o(.text.fwdgt_reload_value_config), (140 bytes).
    Removing gd32e23x_fwdgt.o(.ARM.exidx.text.fwdgt_reload_value_config), (8 bytes).
    Removing gd32e23x_fwdgt.o(.text.fwdgt_window_value_config), (140 bytes).
    Removing gd32e23x_fwdgt.o(.ARM.exidx.text.fwdgt_window_value_config), (8 bytes).
    Removing gd32e23x_fwdgt.o(.ARM.exidx.text.fwdgt_counter_reload), (8 bytes).
    Removing gd32e23x_fwdgt.o(.ARM.exidx.text.fwdgt_config), (8 bytes).
    Removing gd32e23x_fwdgt.o(.text.fwdgt_flag_get), (48 bytes).
    Removing gd32e23x_fwdgt.o(.ARM.exidx.text.fwdgt_flag_get), (8 bytes).
    Removing gd32e23x_gpio.o(.text), (0 bytes).
    Removing gd32e23x_gpio.o(.text.gpio_deinit), (148 bytes).
    Removing gd32e23x_gpio.o(.ARM.exidx.text.gpio_deinit), (8 bytes).
    Removing gd32e23x_gpio.o(.ARM.exidx.text.gpio_mode_set), (8 bytes).
    Removing gd32e23x_gpio.o(.ARM.exidx.text.gpio_output_options_set), (8 bytes).
    Removing gd32e23x_gpio.o(.ARM.exidx.text.gpio_bit_set), (8 bytes).
    Removing gd32e23x_gpio.o(.ARM.exidx.text.gpio_bit_reset), (8 bytes).
    Removing gd32e23x_gpio.o(.ARM.exidx.text.gpio_bit_write), (8 bytes).
    Removing gd32e23x_gpio.o(.text.gpio_port_write), (20 bytes).
    Removing gd32e23x_gpio.o(.ARM.exidx.text.gpio_port_write), (8 bytes).
    Removing gd32e23x_gpio.o(.ARM.exidx.text.gpio_input_bit_get), (8 bytes).
    Removing gd32e23x_gpio.o(.text.gpio_input_port_get), (14 bytes).
    Removing gd32e23x_gpio.o(.ARM.exidx.text.gpio_input_port_get), (8 bytes).
    Removing gd32e23x_gpio.o(.text.gpio_output_bit_get), (42 bytes).
    Removing gd32e23x_gpio.o(.ARM.exidx.text.gpio_output_bit_get), (8 bytes).
    Removing gd32e23x_gpio.o(.text.gpio_output_port_get), (14 bytes).
    Removing gd32e23x_gpio.o(.ARM.exidx.text.gpio_output_port_get), (8 bytes).
    Removing gd32e23x_gpio.o(.ARM.exidx.text.gpio_af_set), (8 bytes).
    Removing gd32e23x_gpio.o(.text.gpio_pin_lock), (54 bytes).
    Removing gd32e23x_gpio.o(.ARM.exidx.text.gpio_pin_lock), (8 bytes).
    Removing gd32e23x_gpio.o(.text.gpio_bit_toggle), (16 bytes).
    Removing gd32e23x_gpio.o(.ARM.exidx.text.gpio_bit_toggle), (8 bytes).
    Removing gd32e23x_gpio.o(.text.gpio_port_toggle), (20 bytes).
    Removing gd32e23x_gpio.o(.ARM.exidx.text.gpio_port_toggle), (8 bytes).
    Removing gd32e23x_i2c.o(.text), (0 bytes).
    Removing gd32e23x_i2c.o(.text.i2c_deinit), (84 bytes).
    Removing gd32e23x_i2c.o(.ARM.exidx.text.i2c_deinit), (8 bytes).
    Removing gd32e23x_i2c.o(.ARM.exidx.text.i2c_clock_config), (8 bytes).
    Removing gd32e23x_i2c.o(.ARM.exidx.text.i2c_mode_addr_config), (8 bytes).
    Removing gd32e23x_i2c.o(.text.i2c_smbus_type_config), (42 bytes).
    Removing gd32e23x_i2c.o(.ARM.exidx.text.i2c_smbus_type_config), (8 bytes).
    Removing gd32e23x_i2c.o(.ARM.exidx.text.i2c_ack_config), (8 bytes).
    Removing gd32e23x_i2c.o(.ARM.exidx.text.i2c_ackpos_config), (8 bytes).
    Removing gd32e23x_i2c.o(.ARM.exidx.text.i2c_master_addressing), (8 bytes).
    Removing gd32e23x_i2c.o(.text.i2c_dualaddr_enable), (28 bytes).
    Removing gd32e23x_i2c.o(.ARM.exidx.text.i2c_dualaddr_enable), (8 bytes).
    Removing gd32e23x_i2c.o(.text.i2c_dualaddr_disable), (18 bytes).
    Removing gd32e23x_i2c.o(.ARM.exidx.text.i2c_dualaddr_disable), (8 bytes).
    Removing gd32e23x_i2c.o(.ARM.exidx.text.i2c_enable), (8 bytes).
    Removing gd32e23x_i2c.o(.text.i2c_disable), (18 bytes).
    Removing gd32e23x_i2c.o(.ARM.exidx.text.i2c_disable), (8 bytes).
    Removing gd32e23x_i2c.o(.ARM.exidx.text.i2c_start_on_bus), (8 bytes).
    Removing gd32e23x_i2c.o(.ARM.exidx.text.i2c_stop_on_bus), (8 bytes).
    Removing gd32e23x_i2c.o(.ARM.exidx.text.i2c_data_transmit), (8 bytes).
    Removing gd32e23x_i2c.o(.ARM.exidx.text.i2c_data_receive), (8 bytes).
    Removing gd32e23x_i2c.o(.text.i2c_dma_enable), (44 bytes).
    Removing gd32e23x_i2c.o(.ARM.exidx.text.i2c_dma_enable), (8 bytes).
    Removing gd32e23x_i2c.o(.text.i2c_dma_last_transfer_config), (44 bytes).
    Removing gd32e23x_i2c.o(.ARM.exidx.text.i2c_dma_last_transfer_config), (8 bytes).
    Removing gd32e23x_i2c.o(.text.i2c_stretch_scl_low_config), (42 bytes).
    Removing gd32e23x_i2c.o(.ARM.exidx.text.i2c_stretch_scl_low_config), (8 bytes).
    Removing gd32e23x_i2c.o(.text.i2c_slave_response_to_gcall_config), (42 bytes).
    Removing gd32e23x_i2c.o(.ARM.exidx.text.i2c_slave_response_to_gcall_config), (8 bytes).
    Removing gd32e23x_i2c.o(.text.i2c_software_reset_config), (44 bytes).
    Removing gd32e23x_i2c.o(.ARM.exidx.text.i2c_software_reset_config), (8 bytes).
    Removing gd32e23x_i2c.o(.text.i2c_pec_enable), (42 bytes).
    Removing gd32e23x_i2c.o(.ARM.exidx.text.i2c_pec_enable), (8 bytes).
    Removing gd32e23x_i2c.o(.text.i2c_pec_transfer_enable), (44 bytes).
    Removing gd32e23x_i2c.o(.ARM.exidx.text.i2c_pec_transfer_enable), (8 bytes).
    Removing gd32e23x_i2c.o(.text.i2c_pec_value_get), (16 bytes).
    Removing gd32e23x_i2c.o(.ARM.exidx.text.i2c_pec_value_get), (8 bytes).
    Removing gd32e23x_i2c.o(.text.i2c_smbus_issue_alert), (44 bytes).
    Removing gd32e23x_i2c.o(.ARM.exidx.text.i2c_smbus_issue_alert), (8 bytes).
    Removing gd32e23x_i2c.o(.text.i2c_smbus_arp_enable), (42 bytes).
    Removing gd32e23x_i2c.o(.ARM.exidx.text.i2c_smbus_arp_enable), (8 bytes).
    Removing gd32e23x_i2c.o(.text.i2c_sam_enable), (20 bytes).
    Removing gd32e23x_i2c.o(.ARM.exidx.text.i2c_sam_enable), (8 bytes).
    Removing gd32e23x_i2c.o(.text.i2c_sam_disable), (20 bytes).
    Removing gd32e23x_i2c.o(.ARM.exidx.text.i2c_sam_disable), (8 bytes).
    Removing gd32e23x_i2c.o(.text.i2c_sam_timeout_enable), (20 bytes).
    Removing gd32e23x_i2c.o(.ARM.exidx.text.i2c_sam_timeout_enable), (8 bytes).
    Removing gd32e23x_i2c.o(.text.i2c_sam_timeout_disable), (20 bytes).
    Removing gd32e23x_i2c.o(.ARM.exidx.text.i2c_sam_timeout_disable), (8 bytes).
    Removing gd32e23x_i2c.o(.ARM.exidx.text.i2c_flag_get), (8 bytes).
    Removing gd32e23x_i2c.o(.ARM.exidx.text.i2c_flag_clear), (8 bytes).
    Removing gd32e23x_i2c.o(.text.i2c_interrupt_enable), (38 bytes).
    Removing gd32e23x_i2c.o(.ARM.exidx.text.i2c_interrupt_enable), (8 bytes).
    Removing gd32e23x_i2c.o(.text.i2c_interrupt_disable), (38 bytes).
    Removing gd32e23x_i2c.o(.ARM.exidx.text.i2c_interrupt_disable), (8 bytes).
    Removing gd32e23x_i2c.o(.text.i2c_interrupt_flag_get), (172 bytes).
    Removing gd32e23x_i2c.o(.ARM.exidx.text.i2c_interrupt_flag_get), (8 bytes).
    Removing gd32e23x_i2c.o(.text.i2c_interrupt_flag_clear), (64 bytes).
    Removing gd32e23x_i2c.o(.ARM.exidx.text.i2c_interrupt_flag_clear), (8 bytes).
    Removing gd32e23x_misc.o(.text), (0 bytes).
    Removing gd32e23x_misc.o(.ARM.exidx.text.nvic_irq_enable), (8 bytes).
    Removing gd32e23x_misc.o(.ARM.exidx.text.__NVIC_SetPriority), (8 bytes).
    Removing gd32e23x_misc.o(.ARM.exidx.text.__NVIC_EnableIRQ), (8 bytes).
    Removing gd32e23x_misc.o(.text.nvic_irq_disable), (24 bytes).
    Removing gd32e23x_misc.o(.ARM.exidx.text.nvic_irq_disable), (8 bytes).
    Removing gd32e23x_misc.o(.text.__NVIC_DisableIRQ), (60 bytes).
    Removing gd32e23x_misc.o(.ARM.exidx.text.__NVIC_DisableIRQ), (8 bytes).
    Removing gd32e23x_misc.o(.text.nvic_system_reset), (4 bytes).
    Removing gd32e23x_misc.o(.ARM.exidx.text.nvic_system_reset), (8 bytes).
    Removing gd32e23x_misc.o(.text.__NVIC_SystemReset), (28 bytes).
    Removing gd32e23x_misc.o(.ARM.exidx.text.__NVIC_SystemReset), (8 bytes).
    Removing gd32e23x_misc.o(.ARM.exidx.text.nvic_vector_table_set), (8 bytes).
    Removing gd32e23x_misc.o(.text.system_lowpower_set), (28 bytes).
    Removing gd32e23x_misc.o(.ARM.exidx.text.system_lowpower_set), (8 bytes).
    Removing gd32e23x_misc.o(.text.system_lowpower_reset), (28 bytes).
    Removing gd32e23x_misc.o(.ARM.exidx.text.system_lowpower_reset), (8 bytes).
    Removing gd32e23x_misc.o(.text.systick_clksource_set), (44 bytes).
    Removing gd32e23x_misc.o(.ARM.exidx.text.systick_clksource_set), (8 bytes).
    Removing gd32e23x_pmu.o(.text), (0 bytes).
    Removing gd32e23x_pmu.o(.text.pmu_deinit), (28 bytes).
    Removing gd32e23x_pmu.o(.ARM.exidx.text.pmu_deinit), (8 bytes).
    Removing gd32e23x_pmu.o(.text.pmu_lvd_select), (44 bytes).
    Removing gd32e23x_pmu.o(.ARM.exidx.text.pmu_lvd_select), (8 bytes).
    Removing gd32e23x_pmu.o(.text.pmu_ldo_output_select), (32 bytes).
    Removing gd32e23x_pmu.o(.ARM.exidx.text.pmu_ldo_output_select), (8 bytes).
    Removing gd32e23x_pmu.o(.text.pmu_lvd_disable), (16 bytes).
    Removing gd32e23x_pmu.o(.ARM.exidx.text.pmu_lvd_disable), (8 bytes).
    Removing gd32e23x_pmu.o(.text.pmu_to_sleepmode), (44 bytes).
    Removing gd32e23x_pmu.o(.ARM.exidx.text.pmu_to_sleepmode), (8 bytes).
    Removing gd32e23x_pmu.o(.text.pmu_to_deepsleepmode), (176 bytes).
    Removing gd32e23x_pmu.o(.ARM.exidx.text.pmu_to_deepsleepmode), (8 bytes).
    Removing gd32e23x_pmu.o(.text.pmu_to_standbymode), (64 bytes).
    Removing gd32e23x_pmu.o(.ARM.exidx.text.pmu_to_standbymode), (8 bytes).
    Removing gd32e23x_pmu.o(.text.pmu_wakeup_pin_enable), (24 bytes).
    Removing gd32e23x_pmu.o(.ARM.exidx.text.pmu_wakeup_pin_enable), (8 bytes).
    Removing gd32e23x_pmu.o(.text.pmu_wakeup_pin_disable), (24 bytes).
    Removing gd32e23x_pmu.o(.ARM.exidx.text.pmu_wakeup_pin_disable), (8 bytes).
    Removing gd32e23x_pmu.o(.text.pmu_backup_write_enable), (20 bytes).
    Removing gd32e23x_pmu.o(.ARM.exidx.text.pmu_backup_write_enable), (8 bytes).
    Removing gd32e23x_pmu.o(.text.pmu_backup_write_disable), (20 bytes).
    Removing gd32e23x_pmu.o(.ARM.exidx.text.pmu_backup_write_disable), (8 bytes).
    Removing gd32e23x_pmu.o(.text.pmu_flag_clear), (60 bytes).
    Removing gd32e23x_pmu.o(.ARM.exidx.text.pmu_flag_clear), (8 bytes).
    Removing gd32e23x_pmu.o(.text.pmu_flag_get), (44 bytes).
    Removing gd32e23x_pmu.o(.ARM.exidx.text.pmu_flag_get), (8 bytes).
    Removing gd32e23x_pmu.o(.bss.pmu_to_deepsleepmode.reg_snap), (12 bytes).
    Removing gd32e23x_rcu.o(.text), (0 bytes).
    Removing gd32e23x_rcu.o(.text.rcu_deinit), (148 bytes).
    Removing gd32e23x_rcu.o(.ARM.exidx.text.rcu_deinit), (8 bytes).
    Removing gd32e23x_rcu.o(.ARM.exidx.text.rcu_periph_clock_enable), (8 bytes).
    Removing gd32e23x_rcu.o(.text.rcu_periph_clock_disable), (40 bytes).
    Removing gd32e23x_rcu.o(.ARM.exidx.text.rcu_periph_clock_disable), (8 bytes).
    Removing gd32e23x_rcu.o(.text.rcu_periph_clock_sleep_enable), (40 bytes).
    Removing gd32e23x_rcu.o(.ARM.exidx.text.rcu_periph_clock_sleep_enable), (8 bytes).
    Removing gd32e23x_rcu.o(.text.rcu_periph_clock_sleep_disable), (40 bytes).
    Removing gd32e23x_rcu.o(.ARM.exidx.text.rcu_periph_clock_sleep_disable), (8 bytes).
    Removing gd32e23x_rcu.o(.ARM.exidx.text.rcu_periph_reset_enable), (8 bytes).
    Removing gd32e23x_rcu.o(.ARM.exidx.text.rcu_periph_reset_disable), (8 bytes).
    Removing gd32e23x_rcu.o(.text.rcu_bkp_reset_enable), (20 bytes).
    Removing gd32e23x_rcu.o(.ARM.exidx.text.rcu_bkp_reset_enable), (8 bytes).
    Removing gd32e23x_rcu.o(.text.rcu_bkp_reset_disable), (20 bytes).
    Removing gd32e23x_rcu.o(.ARM.exidx.text.rcu_bkp_reset_disable), (8 bytes).
    Removing gd32e23x_rcu.o(.text.rcu_system_clock_source_config), (40 bytes).
    Removing gd32e23x_rcu.o(.ARM.exidx.text.rcu_system_clock_source_config), (8 bytes).
    Removing gd32e23x_rcu.o(.text.rcu_system_clock_source_get), (16 bytes).
    Removing gd32e23x_rcu.o(.ARM.exidx.text.rcu_system_clock_source_get), (8 bytes).
    Removing gd32e23x_rcu.o(.text.rcu_ahb_clock_config), (40 bytes).
    Removing gd32e23x_rcu.o(.ARM.exidx.text.rcu_ahb_clock_config), (8 bytes).
    Removing gd32e23x_rcu.o(.text.rcu_apb1_clock_config), (40 bytes).
    Removing gd32e23x_rcu.o(.ARM.exidx.text.rcu_apb1_clock_config), (8 bytes).
    Removing gd32e23x_rcu.o(.text.rcu_apb2_clock_config), (40 bytes).
    Removing gd32e23x_rcu.o(.ARM.exidx.text.rcu_apb2_clock_config), (8 bytes).
    Removing gd32e23x_rcu.o(.ARM.exidx.text.rcu_adc_clock_config), (8 bytes).
    Removing gd32e23x_rcu.o(.text.rcu_ckout_config), (48 bytes).
    Removing gd32e23x_rcu.o(.ARM.exidx.text.rcu_ckout_config), (8 bytes).
    Removing gd32e23x_rcu.o(.text.rcu_pll_config), (40 bytes).
    Removing gd32e23x_rcu.o(.ARM.exidx.text.rcu_pll_config), (8 bytes).
    Removing gd32e23x_rcu.o(.text.rcu_usart_clock_config), (32 bytes).
    Removing gd32e23x_rcu.o(.ARM.exidx.text.rcu_usart_clock_config), (8 bytes).
    Removing gd32e23x_rcu.o(.text.rcu_rtc_clock_config), (32 bytes).
    Removing gd32e23x_rcu.o(.ARM.exidx.text.rcu_rtc_clock_config), (8 bytes).
    Removing gd32e23x_rcu.o(.text.rcu_hxtal_prediv_config), (40 bytes).
    Removing gd32e23x_rcu.o(.ARM.exidx.text.rcu_hxtal_prediv_config), (8 bytes).
    Removing gd32e23x_rcu.o(.text.rcu_lxtal_drive_capability_config), (32 bytes).
    Removing gd32e23x_rcu.o(.ARM.exidx.text.rcu_lxtal_drive_capability_config), (8 bytes).
    Removing gd32e23x_rcu.o(.ARM.exidx.text.rcu_flag_get), (8 bytes).
    Removing gd32e23x_rcu.o(.ARM.exidx.text.rcu_all_reset_flag_clear), (8 bytes).
    Removing gd32e23x_rcu.o(.text.rcu_interrupt_flag_get), (60 bytes).
    Removing gd32e23x_rcu.o(.ARM.exidx.text.rcu_interrupt_flag_get), (8 bytes).
    Removing gd32e23x_rcu.o(.text.rcu_interrupt_flag_clear), (40 bytes).
    Removing gd32e23x_rcu.o(.ARM.exidx.text.rcu_interrupt_flag_clear), (8 bytes).
    Removing gd32e23x_rcu.o(.text.rcu_interrupt_enable), (40 bytes).
    Removing gd32e23x_rcu.o(.ARM.exidx.text.rcu_interrupt_enable), (8 bytes).
    Removing gd32e23x_rcu.o(.text.rcu_interrupt_disable), (40 bytes).
    Removing gd32e23x_rcu.o(.ARM.exidx.text.rcu_interrupt_disable), (8 bytes).
    Removing gd32e23x_rcu.o(.text.rcu_osci_stab_wait), (600 bytes).
    Removing gd32e23x_rcu.o(.ARM.exidx.text.rcu_osci_stab_wait), (8 bytes).
    Removing gd32e23x_rcu.o(.text.rcu_osci_on), (40 bytes).
    Removing gd32e23x_rcu.o(.ARM.exidx.text.rcu_osci_on), (8 bytes).
    Removing gd32e23x_rcu.o(.text.rcu_osci_off), (40 bytes).
    Removing gd32e23x_rcu.o(.ARM.exidx.text.rcu_osci_off), (8 bytes).
    Removing gd32e23x_rcu.o(.text.rcu_osci_bypass_mode_enable), (136 bytes).
    Removing gd32e23x_rcu.o(.ARM.exidx.text.rcu_osci_bypass_mode_enable), (8 bytes).
    Removing gd32e23x_rcu.o(.text.rcu_osci_bypass_mode_disable), (136 bytes).
    Removing gd32e23x_rcu.o(.ARM.exidx.text.rcu_osci_bypass_mode_disable), (8 bytes).
    Removing gd32e23x_rcu.o(.text.rcu_hxtal_clock_monitor_enable), (20 bytes).
    Removing gd32e23x_rcu.o(.ARM.exidx.text.rcu_hxtal_clock_monitor_enable), (8 bytes).
    Removing gd32e23x_rcu.o(.text.rcu_hxtal_clock_monitor_disable), (20 bytes).
    Removing gd32e23x_rcu.o(.ARM.exidx.text.rcu_hxtal_clock_monitor_disable), (8 bytes).
    Removing gd32e23x_rcu.o(.text.rcu_irc8m_adjust_value_set), (48 bytes).
    Removing gd32e23x_rcu.o(.ARM.exidx.text.rcu_irc8m_adjust_value_set), (8 bytes).
    Removing gd32e23x_rcu.o(.text.rcu_irc28m_adjust_value_set), (48 bytes).
    Removing gd32e23x_rcu.o(.ARM.exidx.text.rcu_irc28m_adjust_value_set), (8 bytes).
    Removing gd32e23x_rcu.o(.text.rcu_voltage_key_unlock), (28 bytes).
    Removing gd32e23x_rcu.o(.ARM.exidx.text.rcu_voltage_key_unlock), (8 bytes).
    Removing gd32e23x_rcu.o(.text.rcu_deepsleep_voltage_set), (32 bytes).
    Removing gd32e23x_rcu.o(.ARM.exidx.text.rcu_deepsleep_voltage_set), (8 bytes).
    Removing gd32e23x_rcu.o(.ARM.exidx.text.rcu_clock_freq_get), (8 bytes).
    Removing gd32e23x_rcu.o(.rodata.cst16), (16 bytes).
    Removing gd32e23x_rcu.o(.rodata.cst8), (16 bytes).
    Removing gd32e23x_rtc.o(.text), (0 bytes).
    Removing gd32e23x_rtc.o(.text.rtc_deinit), (168 bytes).
    Removing gd32e23x_rtc.o(.ARM.exidx.text.rtc_deinit), (8 bytes).
    Removing gd32e23x_rtc.o(.text.rtc_init_mode_enter), (128 bytes).
    Removing gd32e23x_rtc.o(.ARM.exidx.text.rtc_init_mode_enter), (8 bytes).
    Removing gd32e23x_rtc.o(.text.rtc_register_sync_wait), (152 bytes).
    Removing gd32e23x_rtc.o(.ARM.exidx.text.rtc_register_sync_wait), (8 bytes).
    Removing gd32e23x_rtc.o(.text.rtc_init), (208 bytes).
    Removing gd32e23x_rtc.o(.ARM.exidx.text.rtc_init), (8 bytes).
    Removing gd32e23x_rtc.o(.text.rtc_init_mode_exit), (16 bytes).
    Removing gd32e23x_rtc.o(.ARM.exidx.text.rtc_init_mode_exit), (8 bytes).
    Removing gd32e23x_rtc.o(.text.rtc_current_time_get), (184 bytes).
    Removing gd32e23x_rtc.o(.ARM.exidx.text.rtc_current_time_get), (8 bytes).
    Removing gd32e23x_rtc.o(.text.rtc_subsecond_get), (36 bytes).
    Removing gd32e23x_rtc.o(.ARM.exidx.text.rtc_subsecond_get), (8 bytes).
    Removing gd32e23x_rtc.o(.text.rtc_alarm_config), (88 bytes).
    Removing gd32e23x_rtc.o(.ARM.exidx.text.rtc_alarm_config), (8 bytes).
    Removing gd32e23x_rtc.o(.text.rtc_alarm_subsecond_config), (44 bytes).
    Removing gd32e23x_rtc.o(.ARM.exidx.text.rtc_alarm_subsecond_config), (8 bytes).
    Removing gd32e23x_rtc.o(.text.rtc_alarm_enable), (36 bytes).
    Removing gd32e23x_rtc.o(.ARM.exidx.text.rtc_alarm_enable), (8 bytes).
    Removing gd32e23x_rtc.o(.text.rtc_alarm_disable), (132 bytes).
    Removing gd32e23x_rtc.o(.ARM.exidx.text.rtc_alarm_disable), (8 bytes).
    Removing gd32e23x_rtc.o(.text.rtc_alarm_get), (108 bytes).
    Removing gd32e23x_rtc.o(.ARM.exidx.text.rtc_alarm_get), (8 bytes).
    Removing gd32e23x_rtc.o(.text.rtc_alarm_subsecond_get), (20 bytes).
    Removing gd32e23x_rtc.o(.ARM.exidx.text.rtc_alarm_subsecond_get), (8 bytes).
    Removing gd32e23x_rtc.o(.text.rtc_timestamp_enable), (68 bytes).
    Removing gd32e23x_rtc.o(.ARM.exidx.text.rtc_timestamp_enable), (8 bytes).
    Removing gd32e23x_rtc.o(.text.rtc_timestamp_disable), (36 bytes).
    Removing gd32e23x_rtc.o(.ARM.exidx.text.rtc_timestamp_disable), (8 bytes).
    Removing gd32e23x_rtc.o(.text.rtc_timestamp_get), (116 bytes).
    Removing gd32e23x_rtc.o(.ARM.exidx.text.rtc_timestamp_get), (8 bytes).
    Removing gd32e23x_rtc.o(.text.rtc_timestamp_subsecond_get), (12 bytes).
    Removing gd32e23x_rtc.o(.ARM.exidx.text.rtc_timestamp_subsecond_get), (8 bytes).
    Removing gd32e23x_rtc.o(.text.rtc_tamper_enable), (204 bytes).
    Removing gd32e23x_rtc.o(.ARM.exidx.text.rtc_tamper_enable), (8 bytes).
    Removing gd32e23x_rtc.o(.text.rtc_tamper_disable), (24 bytes).
    Removing gd32e23x_rtc.o(.ARM.exidx.text.rtc_tamper_disable), (8 bytes).
    Removing gd32e23x_rtc.o(.text.rtc_interrupt_enable), (64 bytes).
    Removing gd32e23x_rtc.o(.ARM.exidx.text.rtc_interrupt_enable), (8 bytes).
    Removing gd32e23x_rtc.o(.text.rtc_interrupt_disable), (68 bytes).
    Removing gd32e23x_rtc.o(.ARM.exidx.text.rtc_interrupt_disable), (8 bytes).
    Removing gd32e23x_rtc.o(.text.rtc_flag_get), (44 bytes).
    Removing gd32e23x_rtc.o(.ARM.exidx.text.rtc_flag_get), (8 bytes).
    Removing gd32e23x_rtc.o(.text.rtc_flag_clear), (24 bytes).
    Removing gd32e23x_rtc.o(.ARM.exidx.text.rtc_flag_clear), (8 bytes).
    Removing gd32e23x_rtc.o(.text.rtc_alter_output_config), (92 bytes).
    Removing gd32e23x_rtc.o(.ARM.exidx.text.rtc_alter_output_config), (8 bytes).
    Removing gd32e23x_rtc.o(.text.rtc_calibration_config), (148 bytes).
    Removing gd32e23x_rtc.o(.ARM.exidx.text.rtc_calibration_config), (8 bytes).
    Removing gd32e23x_rtc.o(.text.rtc_hour_adjust), (40 bytes).
    Removing gd32e23x_rtc.o(.ARM.exidx.text.rtc_hour_adjust), (8 bytes).
    Removing gd32e23x_rtc.o(.text.rtc_second_adjust), (168 bytes).
    Removing gd32e23x_rtc.o(.ARM.exidx.text.rtc_second_adjust), (8 bytes).
    Removing gd32e23x_rtc.o(.text.rtc_bypass_shadow_enable), (36 bytes).
    Removing gd32e23x_rtc.o(.ARM.exidx.text.rtc_bypass_shadow_enable), (8 bytes).
    Removing gd32e23x_rtc.o(.text.rtc_bypass_shadow_disable), (36 bytes).
    Removing gd32e23x_rtc.o(.ARM.exidx.text.rtc_bypass_shadow_disable), (8 bytes).
    Removing gd32e23x_rtc.o(.text.rtc_refclock_detection_enable), (76 bytes).
    Removing gd32e23x_rtc.o(.ARM.exidx.text.rtc_refclock_detection_enable), (8 bytes).
    Removing gd32e23x_rtc.o(.text.rtc_refclock_detection_disable), (76 bytes).
    Removing gd32e23x_rtc.o(.ARM.exidx.text.rtc_refclock_detection_disable), (8 bytes).
    Removing gd32e23x_spi.o(.text), (0 bytes).
    Removing gd32e23x_spi.o(.text.spi_i2s_deinit), (80 bytes).
    Removing gd32e23x_spi.o(.ARM.exidx.text.spi_i2s_deinit), (8 bytes).
    Removing gd32e23x_spi.o(.text.spi_struct_para_init), (38 bytes).
    Removing gd32e23x_spi.o(.ARM.exidx.text.spi_struct_para_init), (8 bytes).
    Removing gd32e23x_spi.o(.text.spi_init), (308 bytes).
    Removing gd32e23x_spi.o(.ARM.exidx.text.spi_init), (8 bytes).
    Removing gd32e23x_spi.o(.text.spi_enable), (18 bytes).
    Removing gd32e23x_spi.o(.ARM.exidx.text.spi_enable), (8 bytes).
    Removing gd32e23x_spi.o(.text.spi_disable), (18 bytes).
    Removing gd32e23x_spi.o(.ARM.exidx.text.spi_disable), (8 bytes).
    Removing gd32e23x_spi.o(.text.i2s_init), (76 bytes).
    Removing gd32e23x_spi.o(.ARM.exidx.text.i2s_init), (8 bytes).
    Removing gd32e23x_spi.o(.text.i2s_psc_config), (214 bytes).
    Removing gd32e23x_spi.o(.ARM.exidx.text.i2s_psc_config), (8 bytes).
    Removing gd32e23x_spi.o(.text.i2s_enable), (20 bytes).
    Removing gd32e23x_spi.o(.ARM.exidx.text.i2s_enable), (8 bytes).
    Removing gd32e23x_spi.o(.text.i2s_disable), (20 bytes).
    Removing gd32e23x_spi.o(.ARM.exidx.text.i2s_disable), (8 bytes).
    Removing gd32e23x_spi.o(.text.spi_nss_output_enable), (18 bytes).
    Removing gd32e23x_spi.o(.ARM.exidx.text.spi_nss_output_enable), (8 bytes).
    Removing gd32e23x_spi.o(.text.spi_nss_output_disable), (18 bytes).
    Removing gd32e23x_spi.o(.ARM.exidx.text.spi_nss_output_disable), (8 bytes).
    Removing gd32e23x_spi.o(.text.spi_nss_internal_high), (20 bytes).
    Removing gd32e23x_spi.o(.ARM.exidx.text.spi_nss_internal_high), (8 bytes).
    Removing gd32e23x_spi.o(.text.spi_nss_internal_low), (20 bytes).
    Removing gd32e23x_spi.o(.ARM.exidx.text.spi_nss_internal_low), (8 bytes).
    Removing gd32e23x_spi.o(.text.spi_dma_enable), (46 bytes).
    Removing gd32e23x_spi.o(.ARM.exidx.text.spi_dma_enable), (8 bytes).
    Removing gd32e23x_spi.o(.text.spi_dma_disable), (46 bytes).
    Removing gd32e23x_spi.o(.ARM.exidx.text.spi_dma_disable), (8 bytes).
    Removing gd32e23x_spi.o(.text.spi_i2s_data_frame_format_config), (132 bytes).
    Removing gd32e23x_spi.o(.ARM.exidx.text.spi_i2s_data_frame_format_config), (8 bytes).
    Removing gd32e23x_spi.o(.text.spi_i2s_data_transmit), (84 bytes).
    Removing gd32e23x_spi.o(.ARM.exidx.text.spi_i2s_data_transmit), (8 bytes).
    Removing gd32e23x_spi.o(.text.spi_i2s_data_receive), (84 bytes).
    Removing gd32e23x_spi.o(.ARM.exidx.text.spi_i2s_data_receive), (8 bytes).
    Removing gd32e23x_spi.o(.text.spi_bidirectional_transfer_config), (50 bytes).
    Removing gd32e23x_spi.o(.ARM.exidx.text.spi_bidirectional_transfer_config), (8 bytes).
    Removing gd32e23x_spi.o(.text.spi_crc_polynomial_set), (34 bytes).
    Removing gd32e23x_spi.o(.ARM.exidx.text.spi_crc_polynomial_set), (8 bytes).
    Removing gd32e23x_spi.o(.text.spi_crc_polynomial_get), (14 bytes).
    Removing gd32e23x_spi.o(.ARM.exidx.text.spi_crc_polynomial_get), (8 bytes).
    Removing gd32e23x_spi.o(.text.spi_crc_on), (20 bytes).
    Removing gd32e23x_spi.o(.ARM.exidx.text.spi_crc_on), (8 bytes).
    Removing gd32e23x_spi.o(.text.spi_crc_off), (20 bytes).
    Removing gd32e23x_spi.o(.ARM.exidx.text.spi_crc_off), (8 bytes).
    Removing gd32e23x_spi.o(.text.spi_crc_next), (20 bytes).
    Removing gd32e23x_spi.o(.ARM.exidx.text.spi_crc_next), (8 bytes).
    Removing gd32e23x_spi.o(.text.spi_crc_get), (46 bytes).
    Removing gd32e23x_spi.o(.ARM.exidx.text.spi_crc_get), (8 bytes).
    Removing gd32e23x_spi.o(.text.spi_ti_mode_enable), (18 bytes).
    Removing gd32e23x_spi.o(.ARM.exidx.text.spi_ti_mode_enable), (8 bytes).
    Removing gd32e23x_spi.o(.text.spi_ti_mode_disable), (18 bytes).
    Removing gd32e23x_spi.o(.ARM.exidx.text.spi_ti_mode_disable), (8 bytes).
    Removing gd32e23x_spi.o(.text.spi_nssp_mode_enable), (18 bytes).
    Removing gd32e23x_spi.o(.ARM.exidx.text.spi_nssp_mode_enable), (8 bytes).
    Removing gd32e23x_spi.o(.text.spi_nssp_mode_disable), (18 bytes).
    Removing gd32e23x_spi.o(.ARM.exidx.text.spi_nssp_mode_disable), (8 bytes).
    Removing gd32e23x_spi.o(.text.qspi_enable), (20 bytes).
    Removing gd32e23x_spi.o(.ARM.exidx.text.qspi_enable), (8 bytes).
    Removing gd32e23x_spi.o(.text.qspi_disable), (20 bytes).
    Removing gd32e23x_spi.o(.ARM.exidx.text.qspi_disable), (8 bytes).
    Removing gd32e23x_spi.o(.text.qspi_write_enable), (20 bytes).
    Removing gd32e23x_spi.o(.ARM.exidx.text.qspi_write_enable), (8 bytes).
    Removing gd32e23x_spi.o(.text.qspi_read_enable), (20 bytes).
    Removing gd32e23x_spi.o(.ARM.exidx.text.qspi_read_enable), (8 bytes).
    Removing gd32e23x_spi.o(.text.qspi_io23_output_enable), (20 bytes).
    Removing gd32e23x_spi.o(.ARM.exidx.text.qspi_io23_output_enable), (8 bytes).
    Removing gd32e23x_spi.o(.text.qspi_io23_output_disable), (20 bytes).
    Removing gd32e23x_spi.o(.ARM.exidx.text.qspi_io23_output_disable), (8 bytes).
    Removing gd32e23x_spi.o(.text.spi_i2s_interrupt_enable), (78 bytes).
    Removing gd32e23x_spi.o(.ARM.exidx.text.spi_i2s_interrupt_enable), (8 bytes).
    Removing gd32e23x_spi.o(.text.spi_i2s_interrupt_disable), (78 bytes).
    Removing gd32e23x_spi.o(.ARM.exidx.text.spi_i2s_interrupt_disable), (8 bytes).
    Removing gd32e23x_spi.o(.text.spi_i2s_interrupt_flag_get), (236 bytes).
    Removing gd32e23x_spi.o(.ARM.exidx.text.spi_i2s_interrupt_flag_get), (8 bytes).
    Removing gd32e23x_spi.o(.text.spi_i2s_flag_get), (136 bytes).
    Removing gd32e23x_spi.o(.ARM.exidx.text.spi_i2s_flag_get), (8 bytes).
    Removing gd32e23x_spi.o(.text.spi_crc_error_clear), (18 bytes).
    Removing gd32e23x_spi.o(.ARM.exidx.text.spi_crc_error_clear), (8 bytes).
    Removing gd32e23x_spi.o(.text.spi_fifo_access_size_config), (38 bytes).
    Removing gd32e23x_spi.o(.ARM.exidx.text.spi_fifo_access_size_config), (8 bytes).
    Removing gd32e23x_spi.o(.text.spi_transmit_odd_config), (38 bytes).
    Removing gd32e23x_spi.o(.ARM.exidx.text.spi_transmit_odd_config), (8 bytes).
    Removing gd32e23x_spi.o(.text.spi_receive_odd_config), (38 bytes).
    Removing gd32e23x_spi.o(.ARM.exidx.text.spi_receive_odd_config), (8 bytes).
    Removing gd32e23x_spi.o(.text.spi_crc_length_set), (38 bytes).
    Removing gd32e23x_spi.o(.ARM.exidx.text.spi_crc_length_set), (8 bytes).
    Removing gd32e23x_syscfg.o(.text), (0 bytes).
    Removing gd32e23x_syscfg.o(.text.syscfg_deinit), (24 bytes).
    Removing gd32e23x_syscfg.o(.ARM.exidx.text.syscfg_deinit), (8 bytes).
    Removing gd32e23x_syscfg.o(.text.syscfg_dma_remap_enable), (24 bytes).
    Removing gd32e23x_syscfg.o(.ARM.exidx.text.syscfg_dma_remap_enable), (8 bytes).
    Removing gd32e23x_syscfg.o(.text.syscfg_dma_remap_disable), (24 bytes).
    Removing gd32e23x_syscfg.o(.ARM.exidx.text.syscfg_dma_remap_disable), (8 bytes).
    Removing gd32e23x_syscfg.o(.text.syscfg_high_current_enable), (20 bytes).
    Removing gd32e23x_syscfg.o(.ARM.exidx.text.syscfg_high_current_enable), (8 bytes).
    Removing gd32e23x_syscfg.o(.text.syscfg_high_current_disable), (20 bytes).
    Removing gd32e23x_syscfg.o(.ARM.exidx.text.syscfg_high_current_disable), (8 bytes).
    Removing gd32e23x_syscfg.o(.text.syscfg_exti_line_config), (184 bytes).
    Removing gd32e23x_syscfg.o(.ARM.exidx.text.syscfg_exti_line_config), (8 bytes).
    Removing gd32e23x_syscfg.o(.text.syscfg_lock_config), (24 bytes).
    Removing gd32e23x_syscfg.o(.ARM.exidx.text.syscfg_lock_config), (8 bytes).
    Removing gd32e23x_syscfg.o(.text.irq_latency_set), (40 bytes).
    Removing gd32e23x_syscfg.o(.ARM.exidx.text.irq_latency_set), (8 bytes).
    Removing gd32e23x_syscfg.o(.text.syscfg_flag_get), (44 bytes).
    Removing gd32e23x_syscfg.o(.ARM.exidx.text.syscfg_flag_get), (8 bytes).
    Removing gd32e23x_syscfg.o(.text.syscfg_flag_clear), (24 bytes).
    Removing gd32e23x_syscfg.o(.ARM.exidx.text.syscfg_flag_clear), (8 bytes).
    Removing gd32e23x_timer.o(.text), (0 bytes).
    Removing gd32e23x_timer.o(.ARM.exidx.text.timer_deinit), (8 bytes).
    Removing gd32e23x_timer.o(.ARM.exidx.text.timer_struct_para_init), (8 bytes).
    Removing gd32e23x_timer.o(.ARM.exidx.text.timer_init), (8 bytes).
    Removing gd32e23x_timer.o(.ARM.exidx.text.timer_enable), (8 bytes).
    Removing gd32e23x_timer.o(.text.timer_disable), (18 bytes).
    Removing gd32e23x_timer.o(.ARM.exidx.text.timer_disable), (8 bytes).
    Removing gd32e23x_timer.o(.text.timer_auto_reload_shadow_enable), (18 bytes).
    Removing gd32e23x_timer.o(.ARM.exidx.text.timer_auto_reload_shadow_enable), (8 bytes).
    Removing gd32e23x_timer.o(.text.timer_auto_reload_shadow_disable), (18 bytes).
    Removing gd32e23x_timer.o(.ARM.exidx.text.timer_auto_reload_shadow_disable), (8 bytes).
    Removing gd32e23x_timer.o(.text.timer_update_event_enable), (18 bytes).
    Removing gd32e23x_timer.o(.ARM.exidx.text.timer_update_event_enable), (8 bytes).
    Removing gd32e23x_timer.o(.text.timer_update_event_disable), (18 bytes).
    Removing gd32e23x_timer.o(.ARM.exidx.text.timer_update_event_disable), (8 bytes).
    Removing gd32e23x_timer.o(.text.timer_counter_alignment), (36 bytes).
    Removing gd32e23x_timer.o(.ARM.exidx.text.timer_counter_alignment), (8 bytes).
    Removing gd32e23x_timer.o(.text.timer_counter_up_direction), (18 bytes).
    Removing gd32e23x_timer.o(.ARM.exidx.text.timer_counter_up_direction), (8 bytes).
    Removing gd32e23x_timer.o(.text.timer_counter_down_direction), (18 bytes).
    Removing gd32e23x_timer.o(.ARM.exidx.text.timer_counter_down_direction), (8 bytes).
    Removing gd32e23x_timer.o(.text.timer_prescaler_config), (48 bytes).
    Removing gd32e23x_timer.o(.ARM.exidx.text.timer_prescaler_config), (8 bytes).
    Removing gd32e23x_timer.o(.text.timer_repetition_value_config), (20 bytes).
    Removing gd32e23x_timer.o(.ARM.exidx.text.timer_repetition_value_config), (8 bytes).
    Removing gd32e23x_timer.o(.text.timer_autoreload_value_config), (20 bytes).
    Removing gd32e23x_timer.o(.ARM.exidx.text.timer_autoreload_value_config), (8 bytes).
    Removing gd32e23x_timer.o(.text.timer_counter_value_config), (20 bytes).
    Removing gd32e23x_timer.o(.ARM.exidx.text.timer_counter_value_config), (8 bytes).
    Removing gd32e23x_timer.o(.text.timer_counter_read), (20 bytes).
    Removing gd32e23x_timer.o(.ARM.exidx.text.timer_counter_read), (8 bytes).
    Removing gd32e23x_timer.o(.text.timer_prescaler_read), (22 bytes).
    Removing gd32e23x_timer.o(.ARM.exidx.text.timer_prescaler_read), (8 bytes).
    Removing gd32e23x_timer.o(.text.timer_single_pulse_mode_config), (54 bytes).
    Removing gd32e23x_timer.o(.ARM.exidx.text.timer_single_pulse_mode_config), (8 bytes).
    Removing gd32e23x_timer.o(.text.timer_update_source_config), (54 bytes).
    Removing gd32e23x_timer.o(.ARM.exidx.text.timer_update_source_config), (8 bytes).
    Removing gd32e23x_timer.o(.text.timer_ocpre_clear_source_config), (60 bytes).
    Removing gd32e23x_timer.o(.ARM.exidx.text.timer_ocpre_clear_source_config), (8 bytes).
    Removing gd32e23x_timer.o(.ARM.exidx.text.timer_interrupt_enable), (8 bytes).
    Removing gd32e23x_timer.o(.text.timer_interrupt_disable), (20 bytes).
    Removing gd32e23x_timer.o(.ARM.exidx.text.timer_interrupt_disable), (8 bytes).
    Removing gd32e23x_timer.o(.ARM.exidx.text.timer_interrupt_flag_get), (8 bytes).
    Removing gd32e23x_timer.o(.ARM.exidx.text.timer_interrupt_flag_clear), (8 bytes).
    Removing gd32e23x_timer.o(.text.timer_flag_get), (42 bytes).
    Removing gd32e23x_timer.o(.ARM.exidx.text.timer_flag_get), (8 bytes).
    Removing gd32e23x_timer.o(.text.timer_flag_clear), (20 bytes).
    Removing gd32e23x_timer.o(.ARM.exidx.text.timer_flag_clear), (8 bytes).
    Removing gd32e23x_timer.o(.text.timer_dma_enable), (24 bytes).
    Removing gd32e23x_timer.o(.ARM.exidx.text.timer_dma_enable), (8 bytes).
    Removing gd32e23x_timer.o(.text.timer_dma_disable), (24 bytes).
    Removing gd32e23x_timer.o(.ARM.exidx.text.timer_dma_disable), (8 bytes).
    Removing gd32e23x_timer.o(.text.timer_channel_dma_request_source_select), (60 bytes).
    Removing gd32e23x_timer.o(.ARM.exidx.text.timer_channel_dma_request_source_select), (8 bytes).
    Removing gd32e23x_timer.o(.text.timer_dma_transfer_config), (40 bytes).
    Removing gd32e23x_timer.o(.ARM.exidx.text.timer_dma_transfer_config), (8 bytes).
    Removing gd32e23x_timer.o(.text.timer_event_software_generate), (24 bytes).
    Removing gd32e23x_timer.o(.ARM.exidx.text.timer_event_software_generate), (8 bytes).
    Removing gd32e23x_timer.o(.text.timer_break_struct_para_init), (38 bytes).
    Removing gd32e23x_timer.o(.ARM.exidx.text.timer_break_struct_para_init), (8 bytes).
    Removing gd32e23x_timer.o(.text.timer_break_config), (42 bytes).
    Removing gd32e23x_timer.o(.ARM.exidx.text.timer_break_config), (8 bytes).
    Removing gd32e23x_timer.o(.text.timer_break_enable), (20 bytes).
    Removing gd32e23x_timer.o(.ARM.exidx.text.timer_break_enable), (8 bytes).
    Removing gd32e23x_timer.o(.text.timer_break_disable), (20 bytes).
    Removing gd32e23x_timer.o(.ARM.exidx.text.timer_break_disable), (8 bytes).
    Removing gd32e23x_timer.o(.text.timer_automatic_output_enable), (20 bytes).
    Removing gd32e23x_timer.o(.ARM.exidx.text.timer_automatic_output_enable), (8 bytes).
    Removing gd32e23x_timer.o(.text.timer_automatic_output_disable), (20 bytes).
    Removing gd32e23x_timer.o(.ARM.exidx.text.timer_automatic_output_disable), (8 bytes).
    Removing gd32e23x_timer.o(.text.timer_primary_output_config), (50 bytes).
    Removing gd32e23x_timer.o(.ARM.exidx.text.timer_primary_output_config), (8 bytes).
    Removing gd32e23x_timer.o(.text.timer_channel_control_shadow_config), (46 bytes).
    Removing gd32e23x_timer.o(.ARM.exidx.text.timer_channel_control_shadow_config), (8 bytes).
    Removing gd32e23x_timer.o(.text.timer_channel_control_shadow_update_config), (60 bytes).
    Removing gd32e23x_timer.o(.ARM.exidx.text.timer_channel_control_shadow_update_config), (8 bytes).
    Removing gd32e23x_timer.o(.text.timer_channel_output_struct_para_init), (34 bytes).
    Removing gd32e23x_timer.o(.ARM.exidx.text.timer_channel_output_struct_para_init), (8 bytes).
    Removing gd32e23x_timer.o(.text.timer_channel_output_config), (756 bytes).
    Removing gd32e23x_timer.o(.ARM.exidx.text.timer_channel_output_config), (8 bytes).
    Removing gd32e23x_timer.o(.text.timer_channel_output_mode_config), (162 bytes).
    Removing gd32e23x_timer.o(.ARM.exidx.text.timer_channel_output_mode_config), (8 bytes).
    Removing gd32e23x_timer.o(.text.timer_channel_output_pulse_value_config), (86 bytes).
    Removing gd32e23x_timer.o(.ARM.exidx.text.timer_channel_output_pulse_value_config), (8 bytes).
    Removing gd32e23x_timer.o(.text.timer_channel_output_shadow_config), (162 bytes).
    Removing gd32e23x_timer.o(.ARM.exidx.text.timer_channel_output_shadow_config), (8 bytes).
    Removing gd32e23x_timer.o(.text.timer_channel_output_fast_config), (162 bytes).
    Removing gd32e23x_timer.o(.ARM.exidx.text.timer_channel_output_fast_config), (8 bytes).
    Removing gd32e23x_timer.o(.text.timer_channel_output_clear_config), (162 bytes).
    Removing gd32e23x_timer.o(.ARM.exidx.text.timer_channel_output_clear_config), (8 bytes).
    Removing gd32e23x_timer.o(.text.timer_channel_output_polarity_config), (164 bytes).
    Removing gd32e23x_timer.o(.ARM.exidx.text.timer_channel_output_polarity_config), (8 bytes).
    Removing gd32e23x_timer.o(.text.timer_channel_complementary_output_polarity_config), (164 bytes).
    Removing gd32e23x_timer.o(.ARM.exidx.text.timer_channel_complementary_output_polarity_config), (8 bytes).
    Removing gd32e23x_timer.o(.text.timer_channel_output_state_config), (152 bytes).
    Removing gd32e23x_timer.o(.ARM.exidx.text.timer_channel_output_state_config), (8 bytes).
    Removing gd32e23x_timer.o(.text.timer_channel_complementary_output_state_config), (128 bytes).
    Removing gd32e23x_timer.o(.ARM.exidx.text.timer_channel_complementary_output_state_config), (8 bytes).
    Removing gd32e23x_timer.o(.text.timer_channel_input_struct_para_init), (28 bytes).
    Removing gd32e23x_timer.o(.ARM.exidx.text.timer_channel_input_struct_para_init), (8 bytes).
    Removing gd32e23x_timer.o(.text.timer_input_capture_config), (450 bytes).
    Removing gd32e23x_timer.o(.ARM.exidx.text.timer_input_capture_config), (8 bytes).
    Removing gd32e23x_timer.o(.text.timer_channel_input_capture_prescaler_config), (162 bytes).
    Removing gd32e23x_timer.o(.ARM.exidx.text.timer_channel_input_capture_prescaler_config), (8 bytes).
    Removing gd32e23x_timer.o(.text.timer_channel_capture_value_register_read), (88 bytes).
    Removing gd32e23x_timer.o(.ARM.exidx.text.timer_channel_capture_value_register_read), (8 bytes).
    Removing gd32e23x_timer.o(.text.timer_input_pwm_capture_config), (514 bytes).
    Removing gd32e23x_timer.o(.ARM.exidx.text.timer_input_pwm_capture_config), (8 bytes).
    Removing gd32e23x_timer.o(.text.timer_hall_mode_config), (54 bytes).
    Removing gd32e23x_timer.o(.ARM.exidx.text.timer_hall_mode_config), (8 bytes).
    Removing gd32e23x_timer.o(.text.timer_input_trigger_source_select), (30 bytes).
    Removing gd32e23x_timer.o(.ARM.exidx.text.timer_input_trigger_source_select), (8 bytes).
    Removing gd32e23x_timer.o(.text.timer_master_output_trigger_source_select), (30 bytes).
    Removing gd32e23x_timer.o(.ARM.exidx.text.timer_master_output_trigger_source_select), (8 bytes).
    Removing gd32e23x_timer.o(.text.timer_slave_mode_select), (30 bytes).
    Removing gd32e23x_timer.o(.ARM.exidx.text.timer_slave_mode_select), (8 bytes).
    Removing gd32e23x_timer.o(.text.timer_master_slave_mode_config), (54 bytes).
    Removing gd32e23x_timer.o(.ARM.exidx.text.timer_master_slave_mode_config), (8 bytes).
    Removing gd32e23x_timer.o(.text.timer_external_trigger_config), (52 bytes).
    Removing gd32e23x_timer.o(.ARM.exidx.text.timer_external_trigger_config), (8 bytes).
    Removing gd32e23x_timer.o(.text.timer_quadrature_decoder_mode_config), (108 bytes).
    Removing gd32e23x_timer.o(.ARM.exidx.text.timer_quadrature_decoder_mode_config), (8 bytes).
    Removing gd32e23x_timer.o(.text.timer_internal_clock_config), (18 bytes).
    Removing gd32e23x_timer.o(.ARM.exidx.text.timer_internal_clock_config), (8 bytes).
    Removing gd32e23x_timer.o(.text.timer_internal_trigger_as_external_clock_config), (38 bytes).
    Removing gd32e23x_timer.o(.ARM.exidx.text.timer_internal_trigger_as_external_clock_config), (8 bytes).
    Removing gd32e23x_timer.o(.text.timer_external_trigger_as_external_clock_config), (226 bytes).
    Removing gd32e23x_timer.o(.ARM.exidx.text.timer_external_trigger_as_external_clock_config), (8 bytes).
    Removing gd32e23x_timer.o(.text.timer_external_clock_mode0_config), (46 bytes).
    Removing gd32e23x_timer.o(.ARM.exidx.text.timer_external_clock_mode0_config), (8 bytes).
    Removing gd32e23x_timer.o(.text.timer_external_clock_mode1_config), (40 bytes).
    Removing gd32e23x_timer.o(.ARM.exidx.text.timer_external_clock_mode1_config), (8 bytes).
    Removing gd32e23x_timer.o(.text.timer_external_clock_mode1_disable), (20 bytes).
    Removing gd32e23x_timer.o(.ARM.exidx.text.timer_external_clock_mode1_disable), (8 bytes).
    Removing gd32e23x_timer.o(.text.timer_channel_remap_config), (16 bytes).
    Removing gd32e23x_timer.o(.ARM.exidx.text.timer_channel_remap_config), (8 bytes).
    Removing gd32e23x_timer.o(.text.timer_write_chxval_register_config), (64 bytes).
    Removing gd32e23x_timer.o(.ARM.exidx.text.timer_write_chxval_register_config), (8 bytes).
    Removing gd32e23x_timer.o(.text.timer_output_value_selection_config), (64 bytes).
    Removing gd32e23x_timer.o(.ARM.exidx.text.timer_output_value_selection_config), (8 bytes).
    Removing gd32e23x_usart.o(.text), (0 bytes).
    Removing gd32e23x_usart.o(.ARM.exidx.text.usart_deinit), (8 bytes).
    Removing gd32e23x_usart.o(.ARM.exidx.text.usart_baudrate_set), (8 bytes).
    Removing gd32e23x_usart.o(.ARM.exidx.text.usart_parity_config), (8 bytes).
    Removing gd32e23x_usart.o(.ARM.exidx.text.usart_word_length_set), (8 bytes).
    Removing gd32e23x_usart.o(.ARM.exidx.text.usart_stop_bit_set), (8 bytes).
    Removing gd32e23x_usart.o(.ARM.exidx.text.usart_enable), (8 bytes).
    Removing gd32e23x_usart.o(.text.usart_disable), (18 bytes).
    Removing gd32e23x_usart.o(.ARM.exidx.text.usart_disable), (8 bytes).
    Removing gd32e23x_usart.o(.ARM.exidx.text.usart_transmit_config), (8 bytes).
    Removing gd32e23x_usart.o(.ARM.exidx.text.usart_receive_config), (8 bytes).
    Removing gd32e23x_usart.o(.text.usart_data_first_config), (42 bytes).
    Removing gd32e23x_usart.o(.ARM.exidx.text.usart_data_first_config), (8 bytes).
    Removing gd32e23x_usart.o(.text.usart_invert_config), (190 bytes).
    Removing gd32e23x_usart.o(.ARM.exidx.text.usart_invert_config), (8 bytes).
    Removing gd32e23x_usart.o(.text.usart_overrun_enable), (30 bytes).
    Removing gd32e23x_usart.o(.ARM.exidx.text.usart_overrun_enable), (8 bytes).
    Removing gd32e23x_usart.o(.text.usart_overrun_disable), (30 bytes).
    Removing gd32e23x_usart.o(.ARM.exidx.text.usart_overrun_disable), (8 bytes).
    Removing gd32e23x_usart.o(.text.usart_oversample_config), (42 bytes).
    Removing gd32e23x_usart.o(.ARM.exidx.text.usart_oversample_config), (8 bytes).
    Removing gd32e23x_usart.o(.text.usart_sample_bit_config), (42 bytes).
    Removing gd32e23x_usart.o(.ARM.exidx.text.usart_sample_bit_config), (8 bytes).
    Removing gd32e23x_usart.o(.text.usart_receiver_timeout_enable), (20 bytes).
    Removing gd32e23x_usart.o(.ARM.exidx.text.usart_receiver_timeout_enable), (8 bytes).
    Removing gd32e23x_usart.o(.text.usart_receiver_timeout_disable), (20 bytes).
    Removing gd32e23x_usart.o(.ARM.exidx.text.usart_receiver_timeout_disable), (8 bytes).
    Removing gd32e23x_usart.o(.text.usart_receiver_timeout_threshold_config), (32 bytes).
    Removing gd32e23x_usart.o(.ARM.exidx.text.usart_receiver_timeout_threshold_config), (8 bytes).
    Removing gd32e23x_usart.o(.ARM.exidx.text.usart_data_transmit), (8 bytes).
    Removing gd32e23x_usart.o(.ARM.exidx.text.usart_data_receive), (8 bytes).
    Removing gd32e23x_usart.o(.text.usart_autobaud_detection_enable), (20 bytes).
    Removing gd32e23x_usart.o(.ARM.exidx.text.usart_autobaud_detection_enable), (8 bytes).
    Removing gd32e23x_usart.o(.text.usart_autobaud_detection_disable), (20 bytes).
    Removing gd32e23x_usart.o(.ARM.exidx.text.usart_autobaud_detection_disable), (8 bytes).
    Removing gd32e23x_usart.o(.text.usart_autobaud_detection_mode_config), (32 bytes).
    Removing gd32e23x_usart.o(.ARM.exidx.text.usart_autobaud_detection_mode_config), (8 bytes).
    Removing gd32e23x_usart.o(.text.usart_address_config), (48 bytes).
    Removing gd32e23x_usart.o(.ARM.exidx.text.usart_address_config), (8 bytes).
    Removing gd32e23x_usart.o(.text.usart_address_detection_mode_config), (42 bytes).
    Removing gd32e23x_usart.o(.ARM.exidx.text.usart_address_detection_mode_config), (8 bytes).
    Removing gd32e23x_usart.o(.text.usart_mute_mode_enable), (20 bytes).
    Removing gd32e23x_usart.o(.ARM.exidx.text.usart_mute_mode_enable), (8 bytes).
    Removing gd32e23x_usart.o(.text.usart_mute_mode_disable), (20 bytes).
    Removing gd32e23x_usart.o(.ARM.exidx.text.usart_mute_mode_disable), (8 bytes).
    Removing gd32e23x_usart.o(.text.usart_mute_mode_wakeup_config), (42 bytes).
    Removing gd32e23x_usart.o(.ARM.exidx.text.usart_mute_mode_wakeup_config), (8 bytes).
    Removing gd32e23x_usart.o(.text.usart_lin_mode_enable), (30 bytes).
    Removing gd32e23x_usart.o(.ARM.exidx.text.usart_lin_mode_enable), (8 bytes).
    Removing gd32e23x_usart.o(.text.usart_lin_mode_disable), (30 bytes).
    Removing gd32e23x_usart.o(.ARM.exidx.text.usart_lin_mode_disable), (8 bytes).
    Removing gd32e23x_usart.o(.text.usart_lin_break_detection_length_config), (42 bytes).
    Removing gd32e23x_usart.o(.ARM.exidx.text.usart_lin_break_detection_length_config), (8 bytes).
    Removing gd32e23x_usart.o(.text.usart_halfduplex_enable), (28 bytes).
    Removing gd32e23x_usart.o(.ARM.exidx.text.usart_halfduplex_enable), (8 bytes).
    Removing gd32e23x_usart.o(.text.usart_halfduplex_disable), (28 bytes).
    Removing gd32e23x_usart.o(.ARM.exidx.text.usart_halfduplex_disable), (8 bytes).
    Removing gd32e23x_usart.o(.text.usart_clock_enable), (30 bytes).
    Removing gd32e23x_usart.o(.ARM.exidx.text.usart_clock_enable), (8 bytes).
    Removing gd32e23x_usart.o(.text.usart_clock_disable), (30 bytes).
    Removing gd32e23x_usart.o(.ARM.exidx.text.usart_clock_disable), (8 bytes).
    Removing gd32e23x_usart.o(.text.usart_synchronous_clock_config), (84 bytes).
    Removing gd32e23x_usart.o(.ARM.exidx.text.usart_synchronous_clock_config), (8 bytes).
    Removing gd32e23x_usart.o(.text.usart_guard_time_config), (46 bytes).
    Removing gd32e23x_usart.o(.ARM.exidx.text.usart_guard_time_config), (8 bytes).
    Removing gd32e23x_usart.o(.text.usart_smartcard_mode_enable), (28 bytes).
    Removing gd32e23x_usart.o(.ARM.exidx.text.usart_smartcard_mode_enable), (8 bytes).
    Removing gd32e23x_usart.o(.text.usart_smartcard_mode_disable), (28 bytes).
    Removing gd32e23x_usart.o(.ARM.exidx.text.usart_smartcard_mode_disable), (8 bytes).
    Removing gd32e23x_usart.o(.text.usart_smartcard_mode_nack_enable), (28 bytes).
    Removing gd32e23x_usart.o(.ARM.exidx.text.usart_smartcard_mode_nack_enable), (8 bytes).
    Removing gd32e23x_usart.o(.text.usart_smartcard_mode_nack_disable), (28 bytes).
    Removing gd32e23x_usart.o(.ARM.exidx.text.usart_smartcard_mode_nack_disable), (8 bytes).
    Removing gd32e23x_usart.o(.text.usart_smartcard_mode_early_nack_enable), (20 bytes).
    Removing gd32e23x_usart.o(.ARM.exidx.text.usart_smartcard_mode_early_nack_enable), (8 bytes).
    Removing gd32e23x_usart.o(.text.usart_smartcard_mode_early_nack_disable), (20 bytes).
    Removing gd32e23x_usart.o(.ARM.exidx.text.usart_smartcard_mode_early_nack_disable), (8 bytes).
    Removing gd32e23x_usart.o(.text.usart_smartcard_autoretry_config), (46 bytes).
    Removing gd32e23x_usart.o(.ARM.exidx.text.usart_smartcard_autoretry_config), (8 bytes).
    Removing gd32e23x_usart.o(.text.usart_block_length_config), (34 bytes).
    Removing gd32e23x_usart.o(.ARM.exidx.text.usart_block_length_config), (8 bytes).
    Removing gd32e23x_usart.o(.text.usart_irda_mode_enable), (28 bytes).
    Removing gd32e23x_usart.o(.ARM.exidx.text.usart_irda_mode_enable), (8 bytes).
    Removing gd32e23x_usart.o(.text.usart_irda_mode_disable), (28 bytes).
    Removing gd32e23x_usart.o(.ARM.exidx.text.usart_irda_mode_disable), (8 bytes).
    Removing gd32e23x_usart.o(.text.usart_prescaler_config), (40 bytes).
    Removing gd32e23x_usart.o(.ARM.exidx.text.usart_prescaler_config), (8 bytes).
    Removing gd32e23x_usart.o(.text.usart_irda_lowpower_config), (42 bytes).
    Removing gd32e23x_usart.o(.ARM.exidx.text.usart_irda_lowpower_config), (8 bytes).
    Removing gd32e23x_usart.o(.text.usart_hardware_flow_rts_config), (42 bytes).
    Removing gd32e23x_usart.o(.ARM.exidx.text.usart_hardware_flow_rts_config), (8 bytes).
    Removing gd32e23x_usart.o(.text.usart_hardware_flow_cts_config), (42 bytes).
    Removing gd32e23x_usart.o(.ARM.exidx.text.usart_hardware_flow_cts_config), (8 bytes).
    Removing gd32e23x_usart.o(.text.usart_hardware_flow_coherence_config), (34 bytes).
    Removing gd32e23x_usart.o(.ARM.exidx.text.usart_hardware_flow_coherence_config), (8 bytes).
    Removing gd32e23x_usart.o(.text.usart_rs485_driver_enable), (30 bytes).
    Removing gd32e23x_usart.o(.ARM.exidx.text.usart_rs485_driver_enable), (8 bytes).
    Removing gd32e23x_usart.o(.text.usart_rs485_driver_disable), (30 bytes).
    Removing gd32e23x_usart.o(.ARM.exidx.text.usart_rs485_driver_disable), (8 bytes).
    Removing gd32e23x_usart.o(.text.usart_driver_assertime_config), (46 bytes).
    Removing gd32e23x_usart.o(.ARM.exidx.text.usart_driver_assertime_config), (8 bytes).
    Removing gd32e23x_usart.o(.text.usart_driver_deassertime_config), (46 bytes).
    Removing gd32e23x_usart.o(.ARM.exidx.text.usart_driver_deassertime_config), (8 bytes).
    Removing gd32e23x_usart.o(.text.usart_depolarity_config), (44 bytes).
    Removing gd32e23x_usart.o(.ARM.exidx.text.usart_depolarity_config), (8 bytes).
    Removing gd32e23x_usart.o(.text.usart_dma_receive_config), (30 bytes).
    Removing gd32e23x_usart.o(.ARM.exidx.text.usart_dma_receive_config), (8 bytes).
    Removing gd32e23x_usart.o(.text.usart_dma_transmit_config), (30 bytes).
    Removing gd32e23x_usart.o(.ARM.exidx.text.usart_dma_transmit_config), (8 bytes).
    Removing gd32e23x_usart.o(.text.usart_reception_error_dma_disable), (30 bytes).
    Removing gd32e23x_usart.o(.ARM.exidx.text.usart_reception_error_dma_disable), (8 bytes).
    Removing gd32e23x_usart.o(.text.usart_reception_error_dma_enable), (30 bytes).
    Removing gd32e23x_usart.o(.ARM.exidx.text.usart_reception_error_dma_enable), (8 bytes).
    Removing gd32e23x_usart.o(.text.usart_wakeup_enable), (18 bytes).
    Removing gd32e23x_usart.o(.ARM.exidx.text.usart_wakeup_enable), (8 bytes).
    Removing gd32e23x_usart.o(.text.usart_wakeup_disable), (18 bytes).
    Removing gd32e23x_usart.o(.ARM.exidx.text.usart_wakeup_disable), (8 bytes).
    Removing gd32e23x_usart.o(.text.usart_wakeup_mode_config), (44 bytes).
    Removing gd32e23x_usart.o(.ARM.exidx.text.usart_wakeup_mode_config), (8 bytes).
    Removing gd32e23x_usart.o(.text.usart_receive_fifo_enable), (22 bytes).
    Removing gd32e23x_usart.o(.ARM.exidx.text.usart_receive_fifo_enable), (8 bytes).
    Removing gd32e23x_usart.o(.text.usart_receive_fifo_disable), (22 bytes).
    Removing gd32e23x_usart.o(.ARM.exidx.text.usart_receive_fifo_disable), (8 bytes).
    Removing gd32e23x_usart.o(.text.usart_receive_fifo_counter_number), (22 bytes).
    Removing gd32e23x_usart.o(.ARM.exidx.text.usart_receive_fifo_counter_number), (8 bytes).
    Removing gd32e23x_usart.o(.ARM.exidx.text.usart_flag_get), (8 bytes).
    Removing gd32e23x_usart.o(.ARM.exidx.text.usart_flag_clear), (8 bytes).
    Removing gd32e23x_usart.o(.ARM.exidx.text.usart_interrupt_enable), (8 bytes).
    Removing gd32e23x_usart.o(.ARM.exidx.text.usart_interrupt_disable), (8 bytes).
    Removing gd32e23x_usart.o(.text.usart_command_enable), (20 bytes).
    Removing gd32e23x_usart.o(.ARM.exidx.text.usart_command_enable), (8 bytes).
    Removing gd32e23x_usart.o(.ARM.exidx.text.usart_interrupt_flag_get), (8 bytes).
    Removing gd32e23x_usart.o(.text.usart_interrupt_flag_clear), (64 bytes).
    Removing gd32e23x_usart.o(.ARM.exidx.text.usart_interrupt_flag_clear), (8 bytes).
    Removing gd32e23x_wwdgt.o(.text), (0 bytes).
    Removing gd32e23x_wwdgt.o(.text.wwdgt_deinit), (28 bytes).
    Removing gd32e23x_wwdgt.o(.ARM.exidx.text.wwdgt_deinit), (8 bytes).
    Removing gd32e23x_wwdgt.o(.text.wwdgt_enable), (16 bytes).
    Removing gd32e23x_wwdgt.o(.ARM.exidx.text.wwdgt_enable), (8 bytes).
    Removing gd32e23x_wwdgt.o(.text.wwdgt_counter_update), (48 bytes).
    Removing gd32e23x_wwdgt.o(.ARM.exidx.text.wwdgt_counter_update), (8 bytes).
    Removing gd32e23x_wwdgt.o(.text.wwdgt_config), (96 bytes).
    Removing gd32e23x_wwdgt.o(.ARM.exidx.text.wwdgt_config), (8 bytes).
    Removing gd32e23x_wwdgt.o(.text.wwdgt_interrupt_enable), (20 bytes).
    Removing gd32e23x_wwdgt.o(.ARM.exidx.text.wwdgt_interrupt_enable), (8 bytes).
    Removing gd32e23x_wwdgt.o(.text.wwdgt_flag_get), (44 bytes).
    Removing gd32e23x_wwdgt.o(.ARM.exidx.text.wwdgt_flag_get), (8 bytes).
    Removing gd32e23x_wwdgt.o(.text.wwdgt_flag_clear), (16 bytes).
    Removing gd32e23x_wwdgt.o(.ARM.exidx.text.wwdgt_flag_clear), (8 bytes).
    Removing startup_gd32e23x.o(HEAP), (1024 bytes).
    Removing board_hw.o(.text), (0 bytes).
    Removing board_hw.o(.text.board_hw_init_gpio), (2 bytes).
    Removing board_hw.o(.ARM.exidx.text.board_hw_init_gpio), (8 bytes).
    Removing board_hw.o(.ARM.exidx.text.board_hw_reset), (8 bytes).
    Removing board_hw.o(.ARM.exidx.text.__NVIC_SystemReset), (8 bytes).
    Removing board_hw.o(.text.board_hw_uart_debug_initialize), (2 bytes).
    Removing board_hw.o(.ARM.exidx.text.board_hw_uart_debug_initialize), (8 bytes).
    Removing esp32datalayer.o(.text), (0 bytes).
    Removing esp32datalayer.o(.ARM.exidx.text.ESP32_ManagerTick), (8 bytes).
    Removing esp32datalayer.o(.ARM.exidx.text.ESP32_UART_Tick), (8 bytes).
    Removing esp32datalayer.o(.ARM.exidx.text.ProcessNewBlackboxData), (8 bytes).
    Removing esp32datalayer.o(.ARM.exidx.text.isValidFreq), (8 bytes).
    Removing esp32datalayer.o(.ARM.exidx.text.USART1_IRQHandler), (8 bytes).
    Removing esp32datalayer.o(.ARM.exidx.text.BlackBoxAddData), (8 bytes).
    Removing esp32datalayer.o(.ARM.exidx.text.__NVIC_SystemReset), (8 bytes).
    Removing esp32datalayer.o(.bss.BlackBoxManager), (3 bytes).
    Removing esp32datalayer.o(.bss.BLB_TxBuffer), (45 bytes).
    Removing utilities.o(.text), (0 bytes).
    Removing utilities.o(.ARM.exidx.text.GetHexNumberFromString), (8 bytes).
    Removing utilities.o(.text.CalculateCheckSum), (86 bytes).
    Removing utilities.o(.ARM.exidx.text.CalculateCheckSum), (8 bytes).
    Removing utilities.o(.ARM.exidx.text.CalculateCRC16), (8 bytes).
    Removing utilities.o(.ARM.exidx.text.FindIndexOfChar), (8 bytes).
    Removing utilities.o(.ARM.exidx.text.CopyParameter), (8 bytes).
    Removing utilities.o(.ARM.exidx.text.GetNumberFromString), (8 bytes).
    Removing driveruart.o(.text), (0 bytes).
    Removing driveruart.o(.ARM.exidx.text.UART_Init), (8 bytes).
    Removing driveruart.o(.ARM.exidx.text.UART_Putc), (8 bytes).
    Removing driveruart.o(.ARM.exidx.text.driver_uart_get_new_data_to_send), (8 bytes).
    Removing driveruart.o(.ARM.exidx.text.UART_Puts), (8 bytes).
    Removing driveruart.o(.ARM.exidx.text.UART_Putb), (8 bytes).
    Removing driveruart.o(.ARM.exidx.text.UART_itoa), (8 bytes).
    Removing driveruart.o(.ARM.exidx.text.UART_Printf), (8 bytes).
    Removing debug.o(.text), (0 bytes).
    Removing debug.o(.ARM.exidx.text.DebugInit), (8 bytes).
    Removing debug.o(.ARM.exidx.text.DebugTick), (8 bytes).
    Removing debug.o(.ARM.exidx.text.DebugAddData), (8 bytes).
    Removing debug.o(.ARM.exidx.text.ProcessNewDebugData), (8 bytes).
    Removing debug.o(.ARM.exidx.text.__NVIC_SystemReset), (8 bytes).
    Removing hardwaremanager.o(.text), (0 bytes).
    Removing hardwaremanager.o(.ARM.exidx.text.DetectResetReason), (8 bytes).
    Removing hardwaremanager.o(.text.DetectHardwareVersion), (2 bytes).
    Removing hardwaremanager.o(.ARM.exidx.text.DetectHardwareVersion), (8 bytes).
    Removing hardwaremanager.o(.ARM.exidx.text.SystemReset), (8 bytes).
    Removing hardwaremanager.o(.ARM.exidx.text.__NVIC_SystemReset), (8 bytes).
    Removing hardwaremanager.o(.ARM.exidx.text.WatchDogInit), (8 bytes).
    Removing hardwaremanager.o(.ARM.exidx.text.ResetWatchdog), (8 bytes).
    Removing hardwaremanager.o(.ARM.exidx.text.Hardware_XoaCoLoi), (8 bytes).
    Removing initsystem.o(.text), (0 bytes).
    Removing initsystem.o(.text.LockReadOutFlash), (2 bytes).
    Removing initsystem.o(.ARM.exidx.text.LockReadOutFlash), (8 bytes).
    Removing initsystem.o(.ARM.exidx.text.InitSystem), (8 bytes).
    Removing initsystem.o(.ARM.exidx.text.RCC_Config), (8 bytes).
    Removing initsystem.o(.ARM.exidx.text.InitIO), (8 bytes).
    Removing initsystem.o(.ARM.exidx.text.InitVariable), (8 bytes).
    Removing initsystem.o(.ARM.exidx.text.ADC_Config), (8 bytes).
    Removing initsystem.o(.ARM.exidx.text.DrawScreen), (8 bytes).
    Removing button.o(.text), (0 bytes).
    Removing button.o(.ARM.exidx.text.AVGADCVolume), (8 bytes).
    Removing button.o(.ARM.exidx.text.Volume_Tick), (8 bytes).
    Removing button.o(.ARM.exidx.text.Button_Tick), (8 bytes).
    Removing button.o(.ARM.exidx.text.XuLyPhimSetup), (8 bytes).
    Removing button.o(.ARM.exidx.text.Button_Init), (8 bytes).
    Removing button.o(.bss.keyEnterHoldTimeout), (2 bytes).
    Removing button.o(.bss.keyCancelHoldTimeout), (2 bytes).
    Removing button.o(.bss.encodeACount), (4 bytes).
    Removing button.o(.bss.encodeBCount), (4 bytes).
    Removing i2cfm.o(.text), (0 bytes).
    Removing i2cfm.o(.text.KT0935_LowLevel_DeInit), (32 bytes).
    Removing i2cfm.o(.ARM.exidx.text.KT0935_LowLevel_DeInit), (8 bytes).
    Removing i2cfm.o(.ARM.exidx.text.KT0935_LowLevel_Init), (8 bytes).
    Removing i2cfm.o(.text.FM_DeInit), (8 bytes).
    Removing i2cfm.o(.ARM.exidx.text.FM_DeInit), (8 bytes).
    Removing i2cfm.o(.ARM.exidx.text.KT_AMFM_PreInit), (8 bytes).
    Removing i2cfm.o(.ARM.exidx.text.KT_Byte_Read), (8 bytes).
    Removing i2cfm.o(.ARM.exidx.text.KT_Byte_Write), (8 bytes).
    Removing i2cfm.o(.text.KT_AMFM_Standby), (118 bytes).
    Removing i2cfm.o(.ARM.exidx.text.KT_AMFM_Standby), (8 bytes).
    Removing i2cfm.o(.ARM.exidx.text.KT_AMFM_WakeUp), (8 bytes).
    Removing i2cfm.o(.ARM.exidx.text.KT_AMFM_Init), (8 bytes).
    Removing i2cfm.o(.ARM.exidx.text.FM_WriteReg), (8 bytes).
    Removing i2cfm.o(.ARM.exidx.text.FM_ReadReg), (8 bytes).
    Removing i2cfm.o(.ARM.exidx.text.KT_AMFM_SetMode), (8 bytes).
    Removing i2cfm.o(.ARM.exidx.text.KT093x_User_FMTune), (8 bytes).
    Removing i2cfm.o(.ARM.exidx.text.KT_FM_Tune), (8 bytes).
    Removing i2cfm.o(.ARM.exidx.text.KT_AMFM_Mute), (8 bytes).
    Removing i2cfm.o(.text.KT_AMFM_VolumeSet), (56 bytes).
    Removing i2cfm.o(.ARM.exidx.text.KT_AMFM_VolumeSet), (8 bytes).
    Removing i2cfm.o(.ARM.exidx.text.KT_FM_Deltn), (8 bytes).
    Removing i2cfm.o(.ARM.exidx.text.FM_Init), (8 bytes).
    Removing i2cfm.o(.ARM.exidx.text.FM_GetStatus), (8 bytes).
    Removing i2cfm.o(.ARM.exidx.text.FM_Tick), (8 bytes).
    Removing i2cfm.o(.ARM.exidx.text.FM_GetVolume), (8 bytes).
    Removing i2cfm.o(.ARM.exidx.text.FM_GetFMChanFreq), (8 bytes).
    Removing i2cfm.o(.ARM.exidx.text.FM_GetSNR), (8 bytes).
    Removing i2cfm.o(.ARM.exidx.text.FM_GetRSSI), (8 bytes).
    Removing i2cfm.o(.ARM.exidx.text.FM_SetFMChanFreq), (8 bytes).
    Removing i2cfm.o(.text.FM_Standby), (84 bytes).
    Removing i2cfm.o(.ARM.exidx.text.FM_Standby), (8 bytes).
    Removing i2cfm.o(.ARM.exidx.text.FM_SetVolume), (8 bytes).
    Removing i2cfm.o(.text.hasRdsInfo), (68 bytes).
    Removing i2cfm.o(.ARM.exidx.text.hasRdsInfo), (8 bytes).
    Removing i2cfm.o(.ARM.exidx.text.check_rds_has_data), (8 bytes).
    Removing i2cfm.o(.ARM.exidx.text.rds_data_handle), (8 bytes).
    Removing i2cfm.o(.ARM.exidx.text.RDS_Task), (8 bytes).
    Removing i2cfm.o(.ARM.exidx.text.decode), (8 bytes).
    Removing i2cfm.o(.ARM.exidx.text.get_int_from_ascii), (8 bytes).
    Removing i2cfm.o(.ARM.exidx.text.get_zoneId), (8 bytes).
    Removing i2cfm.o(.bss.RDS_Task.count_step), (2 bytes).
    Removing led7.o(.text), (0 bytes).
    Removing led7.o(.ARM.exidx.text.Led7_DispInteger), (8 bytes).
    Removing led7.o(.ARM.exidx.text.Led7_DispFrequency), (8 bytes).
    Removing led7.o(.ARM.exidx.text.Led7_DispModeMIC), (8 bytes).
    Removing led7.o(.ARM.exidx.text.Led7_DispModeLineIn), (8 bytes).
    Removing led7.o(.ARM.exidx.text.Led7_DispMode4G), (8 bytes).
    Removing led7.o(.ARM.exidx.text.Led7_DispModeNone), (8 bytes).
    Removing led7.o(.ARM.exidx.text.Led7_DispModeIdle), (8 bytes).
    Removing led7.o(.ARM.exidx.text.Led7_DispVolume), (8 bytes).
    Removing led7.o(.ARM.exidx.text.Led7_DispOFF), (8 bytes).
    Removing led7.o(.ARM.exidx.text.Led7_DispSetupMode), (8 bytes).
    Removing led7.o(.ARM.exidx.text.Led7_DispLocalMode), (8 bytes).
    Removing led7.o(.ARM.exidx.text.Led7_Tick), (8 bytes).
    Removing led7.o(.ARM.exidx.text.Led7_ScanSeg), (8 bytes).
    Removing led7.o(.ARM.exidx.text.Led7_PushData), (8 bytes).
    Removing led7.o(.ARM.exidx.text.TIMER2_IRQHandler), (8 bytes).
    Removing led7.o(.ARM.exidx.text.InitTimerForLED), (8 bytes).
    Removing led7.o(.ARM.exidx.text.Led7_Init), (8 bytes).
    Removing led7.o(.bss.Led7InitDone), (1 bytes).
    Removing internalflash.o(.text), (0 bytes).
    Removing internalflash.o(.text.InternalFlash_Prepare), (50 bytes).
    Removing internalflash.o(.ARM.exidx.text.InternalFlash_Prepare), (8 bytes).
    Removing internalflash.o(.ARM.exidx.text.InternalFlash_Init), (8 bytes).
    Removing internalflash.o(.ARM.exidx.text.InternalFlash_WriteConfig), (8 bytes).
    Removing internalflash.o(.ARM.exidx.text.InternalFlash_ReadConfig), (8 bytes).
    Removing internalflash.o(.text.InternalFlash_WriteVehicleCount), (264 bytes).
    Removing internalflash.o(.ARM.exidx.text.InternalFlash_WriteVehicleCount), (8 bytes).
    Removing internalflash.o(.text.InternalFlash_WriteLong), (64 bytes).
    Removing internalflash.o(.ARM.exidx.text.InternalFlash_WriteLong), (8 bytes).
    Removing gps.o(.text), (0 bytes).
    Removing gps.o(.ARM.exidx.text.GPS_ManagerTick), (8 bytes).
    Removing gps.o(.ARM.exidx.text.GPS_Reset), (8 bytes).
    Removing gps.o(.text.InitGPS), (14 bytes).
    Removing gps.o(.ARM.exidx.text.InitGPS), (8 bytes).
    Removing gps.o(.ARM.exidx.text.GPS_GetPosition), (8 bytes).
    Removing gps.o(.text.GPS_GetSpeed), (28 bytes).
    Removing gps.o(.ARM.exidx.text.GPS_GetSpeed), (8 bytes).
    Removing gps.o(.text.GPS_GetDateTime), (60 bytes).
    Removing gps.o(.ARM.exidx.text.GPS_GetDateTime), (8 bytes).
    Removing gps.o(.ARM.exidx.text.GPS_IsValid), (8 bytes).
    Removing gps.o(.text.GPS_IsLostData), (40 bytes).
    Removing gps.o(.ARM.exidx.text.GPS_IsLostData), (8 bytes).
    Removing gps.o(.ARM.exidx.text.USART0_IRQHandler), (8 bytes).
    Removing gps.o(.ARM.exidx.text.GPS_AddNewData), (8 bytes).
    Removing gpsutils.o(.text), (0 bytes).
    Removing gpsutils.o(.ARM.exidx.text.ValidCheckSum), (8 bytes).
    Removing gpsutils.o(.ARM.exidx.text.GPS_ProcessNewMessage), (8 bytes).
    Removing gpsutils.o(.text.UpdateTimeFromGPS), (116 bytes).
    Removing gpsutils.o(.ARM.exidx.text.UpdateTimeFromGPS), (8 bytes).
    Removing gpsutils.o(.bss.GPSConvert), (15 bytes).
    Removing gpsutils.o(.bss.UpdateTimeFromGPS.UpdateTick), (1 bytes).
    Removing segger_rtt.o(.text), (0 bytes).
    Removing segger_rtt.o(.text.SEGGER_RTT_ReadUpBufferNoLock), (308 bytes).
    Removing segger_rtt.o(.ARM.exidx.text.SEGGER_RTT_ReadUpBufferNoLock), (8 bytes).
    Removing segger_rtt.o(.ARM.exidx.text._DoInit), (8 bytes).
    Removing segger_rtt.o(.text.SEGGER_RTT_ReadNoLock), (308 bytes).
    Removing segger_rtt.o(.ARM.exidx.text.SEGGER_RTT_ReadNoLock), (8 bytes).
    Removing segger_rtt.o(.text.SEGGER_RTT_ReadUpBuffer), (46 bytes).
    Removing segger_rtt.o(.ARM.exidx.text.SEGGER_RTT_ReadUpBuffer), (8 bytes).
    Removing segger_rtt.o(.text.SEGGER_RTT_Read), (46 bytes).
    Removing segger_rtt.o(.ARM.exidx.text.SEGGER_RTT_Read), (8 bytes).
    Removing segger_rtt.o(.text.SEGGER_RTT_WriteWithOverwriteNoLock), (288 bytes).
    Removing segger_rtt.o(.ARM.exidx.text.SEGGER_RTT_WriteWithOverwriteNoLock), (8 bytes).
    Removing segger_rtt.o(.text.SEGGER_RTT_WriteSkipNoLock), (260 bytes).
    Removing segger_rtt.o(.ARM.exidx.text.SEGGER_RTT_WriteSkipNoLock), (8 bytes).
    Removing segger_rtt.o(.text.SEGGER_RTT_WriteDownBufferNoLock), (176 bytes).
    Removing segger_rtt.o(.ARM.exidx.text.SEGGER_RTT_WriteDownBufferNoLock), (8 bytes).
    Removing segger_rtt.o(.ARM.exidx.text._GetAvailWriteSpace), (8 bytes).
    Removing segger_rtt.o(.ARM.exidx.text._WriteNoCheck), (8 bytes).
    Removing segger_rtt.o(.ARM.exidx.text._WriteBlocking), (8 bytes).
    Removing segger_rtt.o(.ARM.exidx.text.SEGGER_RTT_WriteNoLock), (8 bytes).
    Removing segger_rtt.o(.text.SEGGER_RTT_WriteDownBuffer), (76 bytes).
    Removing segger_rtt.o(.ARM.exidx.text.SEGGER_RTT_WriteDownBuffer), (8 bytes).
    Removing segger_rtt.o(.ARM.exidx.text.SEGGER_RTT_Write), (8 bytes).
    Removing segger_rtt.o(.text.SEGGER_RTT_WriteString), (30 bytes).
    Removing segger_rtt.o(.ARM.exidx.text.SEGGER_RTT_WriteString), (8 bytes).
    Removing segger_rtt.o(.text.SEGGER_RTT_PutCharSkipNoLock), (112 bytes).
    Removing segger_rtt.o(.ARM.exidx.text.SEGGER_RTT_PutCharSkipNoLock), (8 bytes).
    Removing segger_rtt.o(.text.SEGGER_RTT_PutCharSkip), (156 bytes).
    Removing segger_rtt.o(.ARM.exidx.text.SEGGER_RTT_PutCharSkip), (8 bytes).
    Removing segger_rtt.o(.text.SEGGER_RTT_PutChar), (184 bytes).
    Removing segger_rtt.o(.ARM.exidx.text.SEGGER_RTT_PutChar), (8 bytes).
    Removing segger_rtt.o(.text.SEGGER_RTT_GetKey), (46 bytes).
    Removing segger_rtt.o(.ARM.exidx.text.SEGGER_RTT_GetKey), (8 bytes).
    Removing segger_rtt.o(.text.SEGGER_RTT_WaitKey), (28 bytes).
    Removing segger_rtt.o(.ARM.exidx.text.SEGGER_RTT_WaitKey), (8 bytes).
    Removing segger_rtt.o(.text.SEGGER_RTT_HasKey), (76 bytes).
    Removing segger_rtt.o(.ARM.exidx.text.SEGGER_RTT_HasKey), (8 bytes).
    Removing segger_rtt.o(.text.SEGGER_RTT_HasData), (40 bytes).
    Removing segger_rtt.o(.ARM.exidx.text.SEGGER_RTT_HasData), (8 bytes).
    Removing segger_rtt.o(.text.SEGGER_RTT_HasDataUp), (40 bytes).
    Removing segger_rtt.o(.ARM.exidx.text.SEGGER_RTT_HasDataUp), (8 bytes).
    Removing segger_rtt.o(.text.SEGGER_RTT_AllocDownBuffer), (224 bytes).
    Removing segger_rtt.o(.ARM.exidx.text.SEGGER_RTT_AllocDownBuffer), (8 bytes).
    Removing segger_rtt.o(.text.SEGGER_RTT_AllocUpBuffer), (224 bytes).
    Removing segger_rtt.o(.ARM.exidx.text.SEGGER_RTT_AllocUpBuffer), (8 bytes).
    Removing segger_rtt.o(.text.SEGGER_RTT_ConfigUpBuffer), (152 bytes).
    Removing segger_rtt.o(.ARM.exidx.text.SEGGER_RTT_ConfigUpBuffer), (8 bytes).
    Removing segger_rtt.o(.text.SEGGER_RTT_ConfigDownBuffer), (156 bytes).
    Removing segger_rtt.o(.ARM.exidx.text.SEGGER_RTT_ConfigDownBuffer), (8 bytes).
    Removing segger_rtt.o(.text.SEGGER_RTT_SetNameUpBuffer), (108 bytes).
    Removing segger_rtt.o(.ARM.exidx.text.SEGGER_RTT_SetNameUpBuffer), (8 bytes).
    Removing segger_rtt.o(.text.SEGGER_RTT_SetNameDownBuffer), (108 bytes).
    Removing segger_rtt.o(.ARM.exidx.text.SEGGER_RTT_SetNameDownBuffer), (8 bytes).
    Removing segger_rtt.o(.text.SEGGER_RTT_SetFlagsUpBuffer), (108 bytes).
    Removing segger_rtt.o(.ARM.exidx.text.SEGGER_RTT_SetFlagsUpBuffer), (8 bytes).
    Removing segger_rtt.o(.text.SEGGER_RTT_SetFlagsDownBuffer), (108 bytes).
    Removing segger_rtt.o(.ARM.exidx.text.SEGGER_RTT_SetFlagsDownBuffer), (8 bytes).
    Removing segger_rtt.o(.text.SEGGER_RTT_Init), (8 bytes).
    Removing segger_rtt.o(.ARM.exidx.text.SEGGER_RTT_Init), (8 bytes).
    Removing segger_rtt.o(.text.SEGGER_RTT_SetTerminal), (196 bytes).
    Removing segger_rtt.o(.ARM.exidx.text.SEGGER_RTT_SetTerminal), (8 bytes).
    Removing segger_rtt.o(.text.SEGGER_RTT_TerminalOut), (332 bytes).
    Removing segger_rtt.o(.ARM.exidx.text.SEGGER_RTT_TerminalOut), (8 bytes).
    Removing segger_rtt.o(.text._PostTerminalSwitch), (48 bytes).
    Removing segger_rtt.o(.ARM.exidx.text._PostTerminalSwitch), (8 bytes).
    Removing segger_rtt.o(.text.SEGGER_RTT_GetAvailWriteSpace), (36 bytes).
    Removing segger_rtt.o(.ARM.exidx.text.SEGGER_RTT_GetAvailWriteSpace), (8 bytes).
    Removing segger_rtt.o(.text.SEGGER_RTT_GetBytesInBuffer), (92 bytes).
    Removing segger_rtt.o(.ARM.exidx.text.SEGGER_RTT_GetBytesInBuffer), (8 bytes).
    Removing segger_rtt.o(.data._aTerminalId), (16 bytes).
    Removing segger_rtt.o(.bss._ActiveTerminal), (1 bytes).
    Removing segger_rtt_printf.o(.text), (0 bytes).
    Removing segger_rtt_printf.o(.text.SEGGER_RTT_vprintf), (838 bytes).
    Removing segger_rtt_printf.o(.ARM.exidx.text.SEGGER_RTT_vprintf), (8 bytes).
    Removing segger_rtt_printf.o(.text._StoreChar), (126 bytes).
    Removing segger_rtt_printf.o(.ARM.exidx.text._StoreChar), (8 bytes).
    Removing segger_rtt_printf.o(.text._PrintInt), (482 bytes).
    Removing segger_rtt_printf.o(.ARM.exidx.text._PrintInt), (8 bytes).
    Removing segger_rtt_printf.o(.text._PrintUnsigned), (456 bytes).
    Removing segger_rtt_printf.o(.ARM.exidx.text._PrintUnsigned), (8 bytes).
    Removing segger_rtt_printf.o(.text.SEGGER_RTT_printf), (44 bytes).
    Removing segger_rtt_printf.o(.ARM.exidx.text.SEGGER_RTT_printf), (8 bytes).
    Removing segger_rtt_printf.o(.rodata._PrintUnsigned._aV2C), (16 bytes).
    Removing lwrb.o(.text), (0 bytes).
    Removing lwrb.o(.ARM.exidx.text.lwrb_init), (8 bytes).
    Removing lwrb.o(.text.lwrb_is_ready), (92 bytes).
    Removing lwrb.o(.ARM.exidx.text.lwrb_is_ready), (8 bytes).
    Removing lwrb.o(.text.lwrb_free), (76 bytes).
    Removing lwrb.o(.ARM.exidx.text.lwrb_free), (8 bytes).
    Removing lwrb.o(.text.lwrb_set_evt_fn), (80 bytes).
    Removing lwrb.o(.ARM.exidx.text.lwrb_set_evt_fn), (8 bytes).
    Removing lwrb.o(.ARM.exidx.text.lwrb_write), (8 bytes).
    Removing lwrb.o(.ARM.exidx.text.lwrb_get_free), (8 bytes).
    Removing lwrb.o(.ARM.exidx.text.lwrb_read), (8 bytes).
    Removing lwrb.o(.ARM.exidx.text.lwrb_get_full), (8 bytes).
    Removing lwrb.o(.text.lwrb_peek), (312 bytes).
    Removing lwrb.o(.ARM.exidx.text.lwrb_peek), (8 bytes).
    Removing lwrb.o(.text.lwrb_reset), (120 bytes).
    Removing lwrb.o(.ARM.exidx.text.lwrb_reset), (8 bytes).
    Removing lwrb.o(.text.lwrb_get_linear_block_read_address), (92 bytes).
    Removing lwrb.o(.ARM.exidx.text.lwrb_get_linear_block_read_address), (8 bytes).
    Removing lwrb.o(.text.lwrb_get_linear_block_read_length), (144 bytes).
    Removing lwrb.o(.ARM.exidx.text.lwrb_get_linear_block_read_length), (8 bytes).
    Removing lwrb.o(.text.lwrb_skip), (204 bytes).
    Removing lwrb.o(.ARM.exidx.text.lwrb_skip), (8 bytes).
    Removing lwrb.o(.text.lwrb_get_linear_block_write_address), (92 bytes).
    Removing lwrb.o(.ARM.exidx.text.lwrb_get_linear_block_write_address), (8 bytes).
    Removing lwrb.o(.text.lwrb_get_linear_block_write_length), (144 bytes).
    Removing lwrb.o(.ARM.exidx.text.lwrb_get_linear_block_write_length), (8 bytes).
    Removing lwrb.o(.text.lwrb_advance), (204 bytes).
    Removing lwrb.o(.ARM.exidx.text.lwrb_advance), (8 bytes).
    Removing app_debug.o(.text), (0 bytes).
    Removing app_debug.o(.ARM.exidx.text.app_debug_init), (8 bytes).
    Removing app_debug.o(.ARM.exidx.text.app_debug_get_ms), (8 bytes).
    Removing app_debug.o(.text.app_debug_print_nothing), (8 bytes).
    Removing app_debug.o(.ARM.exidx.text.app_debug_print_nothing), (8 bytes).
    Removing app_debug.o(.ARM.exidx.text.app_debug_putc), (8 bytes).
    Removing app_debug.o(.text.put_string), (74 bytes).
    Removing app_debug.o(.ARM.exidx.text.put_string), (8 bytes).
    Removing app_debug.o(.ARM.exidx.text.app_debug_print_raw), (8 bytes).
    Removing app_debug.o(.ARM.exidx.text.ee_skip_atoi), (8 bytes).
    Removing app_debug.o(.ARM.exidx.text.__strnlen), (8 bytes).
    Removing app_debug.o(.ARM.exidx.text.ee_number), (8 bytes).
    Removing app_debug.o(.text.app_debug_print_isr), (8 bytes).
    Removing app_debug.o(.ARM.exidx.text.app_debug_print_isr), (8 bytes).
    Removing app_debug.o(.text.app_debug_isr_ringbuffer_flush), (2 bytes).
    Removing app_debug.o(.ARM.exidx.text.app_debug_isr_ringbuffer_flush), (8 bytes).
    Removing app_debug.o(.text.app_debug_dump), (452 bytes).
    Removing app_debug.o(.ARM.exidx.text.app_debug_dump), (8 bytes).
    Removing app_debug.o(.text.simple_print_hex), (56 bytes).
    Removing app_debug.o(.ARM.exidx.text.simple_print_hex), (8 bytes).
    Removing app_debug.o(.ARM.exidx.text.app_debug_register_callback_print), (8 bytes).
    Removing app_debug.o(.text.app_debug_unregister_callback_print), (156 bytes).
    Removing app_debug.o(.ARM.exidx.text.app_debug_unregister_callback_print), (8 bytes).
    Removing app_debug.o(.text.app_debug_register_fflush_cb), (20 bytes).
    Removing app_debug.o(.ARM.exidx.text.app_debug_register_fflush_cb), (8 bytes).
    Removing app_debug.o(.text.app_debug_disable), (12 bytes).
    Removing app_debug.o(.ARM.exidx.text.app_debug_disable), (8 bytes).
    Removing app_debug.o(.text.app_debug_set_level), (24 bytes).
    Removing app_debug.o(.ARM.exidx.text.app_debug_set_level), (8 bytes).
    Removing app_debug.o(.text.app_debug_flush), (100 bytes).
    Removing app_debug.o(.ARM.exidx.text.app_debug_flush), (8 bytes).

1271 unused section(s) (total 40624 bytes) removed from the image.
